
=== B1 Lexicographic policy: method=lex-continuity (Thư mục: experiments/results/lex_8cfg_evalmaxsat/lex-continuity) ===
[method=lex-continuity][cfg1_ORIGINAL] instance_30_10_4_1 | 04:14:22 ... TIMEOUT  (300s wall)
[method=lex-continuity][cfg1_ORIGINAL] instance_30_10_4_10 | 04:19:22 ... TIMEOUT  (300s wall)
[method=lex-continuity][cfg1_ORIGINAL] instance_30_10_4_11 | 04:24:22 ... TIMEOUT  (300s wall)
[method=lex-continuity][cfg1_ORIGINAL] instance_30_10_4_12 | 04:29:22 ... TIMEOUT  (300s wall)
[method=lex-continuity][cfg1_ORIGINAL] instance_30_10_4_13 | 04:34:22 ... UNSATISFIABLE  (0s wall)
[method=lex-continuity][cfg1_ORIGINAL] instance_30_10_4_14 | 04:34:22 ... UNSATISFIABLE  (1s wall)
[method=lex-continuity][cfg1_ORIGINAL] instance_30_10_4_15 | 04:34:23 ... UNSATISFIABLE  (0s wall)
[method=lex-continuity][cfg1_ORIGINAL] instance_30_10_4_16 | 04:34:23 ... TIMEOUT  (300s wall)
[method=lex-continuity][cfg1_ORIGINAL] instance_30_10_4_17 | 04:39:23 ... TIMEOUT  (300s wall)
[method=lex-continuity][cfg1_ORIGINAL] instance_30_10_4_18 | 04:44:23 ... TIMEOUT  (300s wall)
[method=lex-continuity][cfg1_ORIGINAL] instance_30_10_4_19 | 04:49:23 ... UNSATISFIABLE  (0s wall)
[method=lex-continuity][cfg1_ORIGINAL] instance_30_10_4_2 | 04:49:23 ... UNSATISFIABLE  (0s wall)
[method=lex-continuity][cfg1_ORIGINAL] instance_30_10_4_20 | 04:49:23 ... UNSATISFIABLE  (0s wall)
[method=lex-continuity][cfg1_ORIGINAL] instance_30_10_4_21 | 04:49:23 ... UNSATISFIABLE  (0s wall)
[method=lex-continuity][cfg1_ORIGINAL] instance_30_10_4_22 | 04:49:24 ... UNSATISFIABLE  (0s wall)
[method=lex-continuity][cfg1_ORIGINAL] instance_30_10_4_23 | 04:49:24 ... TIMEOUT  (300s wall)
[method=lex-continuity][cfg1_ORIGINAL] instance_30_10_4_24 | 04:54:24 ... TIMEOUT  (300s wall)
[method=lex-continuity][cfg1_ORIGINAL] instance_30_10_4_25 | 04:59:24 ... TIMEOUT  (300s wall)
[method=lex-continuity][cfg1_ORIGINAL] instance_30_10_4_26 | 05:04:24 ... UNSATISFIABLE  (0s wall)
[method=lex-continuity][cfg1_ORIGINAL] instance_30_10_4_27 | 05:04:24 ... TIMEOUT  (300s wall)
[method=lex-continuity][cfg1_ORIGINAL] instance_30_10_4_28 | 05:09:24 ... UNSATISFIABLE  (0s wall)
[method=lex-continuity][cfg1_ORIGINAL] instance_30_10_4_29 | 05:09:24 ... UNSATISFIABLE  (1s wall)
[method=lex-continuity][cfg1_ORIGINAL] instance_30_10_4_3 | 05:09:25 ... UNSATISFIABLE  (0s wall)
[method=lex-continuity][cfg1_ORIGINAL] instance_30_10_4_30 | 05:09:25 ... TIMEOUT  (300s wall)
[method=lex-continuity][cfg1_ORIGINAL] instance_30_10_4_31 | 05:14:25 ... TIMEOUT  (300s wall)
[method=lex-continuity][cfg1_ORIGINAL] instance_30_10_4_32 | 05:19:25 ... TIMEOUT  (300s wall)
[method=lex-continuity][cfg1_ORIGINAL] instance_30_10_4_33 | 05:24:25 ... TIMEOUT  (300s wall)
[method=lex-continuity][cfg1_ORIGINAL] instance_30_10_4_34 | 05:29:25 ... UNSATISFIABLE  (0s wall)
[method=lex-continuity][cfg1_ORIGINAL] instance_30_10_4_35 | 05:29:25 ... UNSATISFIABLE  (0s wall)
[method=lex-continuity][cfg1_ORIGINAL] instance_30_10_4_36 | 05:29:25 ... TIMEOUT  (301s wall)
[method=lex-continuity][cfg1_ORIGINAL] instance_30_10_4_37 | 05:34:26 ... TIMEOUT  (300s wall)
[method=lex-continuity][cfg1_ORIGINAL] instance_30_10_4_38 | 05:39:26 ... UNSATISFIABLE  (0s wall)
[method=lex-continuity][cfg1_ORIGINAL] instance_30_10_4_39 | 05:39:26 ... UNSATISFIABLE  (0s wall)
[method=lex-continuity][cfg1_ORIGINAL] instance_30_10_4_4 | 05:39:26 ... TIMEOUT  (300s wall)
[method=lex-continuity][cfg1_ORIGINAL] instance_30_10_4_40 | 05:44:26 ... UNSATISFIABLE  (0s wall)
[method=lex-continuity][cfg1_ORIGINAL] instance_30_10_4_41 | 05:44:26 ... TIMEOUT  (300s wall)
[method=lex-continuity][cfg1_ORIGINAL] instance_30_10_4_42 | 05:49:26 ... UNSATISFIABLE  (1s wall)
[method=lex-continuity][cfg1_ORIGINAL] instance_30_10_4_43 | 05:49:27 ... TIMEOUT  (300s wall)
[method=lex-continuity][cfg1_ORIGINAL] instance_30_10_4_44 | 05:54:27 ... UNSATISFIABLE  (0s wall)
[method=lex-continuity][cfg1_ORIGINAL] instance_30_10_4_45 | 05:54:27 ... TIMEOUT  (300s wall)
[method=lex-continuity][cfg1_ORIGINAL] instance_30_10_4_46 | 05:59:27 ... UNSATISFIABLE  (0s wall)
[method=lex-continuity][cfg1_ORIGINAL] instance_30_10_4_47 | 05:59:27 ... TIMEOUT  (300s wall)
[method=lex-continuity][cfg1_ORIGINAL] instance_30_10_4_48 | 06:04:27 ... TIMEOUT  (300s wall)
[method=lex-continuity][cfg1_ORIGINAL] instance_30_10_4_49 | 06:09:27 ... UNSATISFIABLE  (1s wall)
[method=lex-continuity][cfg1_ORIGINAL] instance_30_10_4_5 | 06:09:28 ... TIMEOUT  (300s wall)

[STOP] Policy lex-continuity - Cấu hình cfg1_ORIGINAL đã vượt giới hạn thời gian (7200 giây).
[method=lex-continuity][cfg2_SN-none-ss] instance_30_10_4_1 | 06:14:28 ... TIMEOUT  (300s wall)
[method=lex-continuity][cfg2_SN-none-ss] instance_30_10_4_10 | 06:19:28 ... TIMEOUT  (300s wall)
[method=lex-continuity][cfg2_SN-none-ss] instance_30_10_4_11 | 06:24:28 ... TIMEOUT  (300s wall)
[method=lex-continuity][cfg2_SN-none-ss] instance_30_10_4_12 | 06:29:28 ... TIMEOUT  (300s wall)
[method=lex-continuity][cfg2_SN-none-ss] instance_30_10_4_13 | 06:34:28 ... UNSATISFIABLE  (0s wall)
[method=lex-continuity][cfg2_SN-none-ss] instance_30_10_4_14 | 06:34:28 ... UNSATISFIABLE  (1s wall)
[method=lex-continuity][cfg2_SN-none-ss] instance_30_10_4_15 | 06:34:29 ... UNSATISFIABLE  (0s wall)
[method=lex-continuity][cfg2_SN-none-ss] instance_30_10_4_16 | 06:34:29 ... TIMEOUT  (300s wall)
[method=lex-continuity][cfg2_SN-none-ss] instance_30_10_4_17 | 06:39:29 ... TIMEOUT  (300s wall)
[method=lex-continuity][cfg2_SN-none-ss] instance_30_10_4_18 | 06:44:29 ... TIMEOUT  (300s wall)
[method=lex-continuity][cfg2_SN-none-ss] instance_30_10_4_19 | 06:49:29 ... UNSATISFIABLE  (0s wall)
[method=lex-continuity][cfg2_SN-none-ss] instance_30_10_4_2 | 06:49:29 ... UNSATISFIABLE  (0s wall)
[method=lex-continuity][cfg2_SN-none-ss] instance_30_10_4_20 | 06:49:29 ... UNSATISFIABLE  (0s wall)
[method=lex-continuity][cfg2_SN-none-ss] instance_30_10_4_21 | 06:49:29 ... UNSATISFIABLE  (0s wall)
[method=lex-continuity][cfg2_SN-none-ss] instance_30_10_4_22 | 06:49:30 ... UNSATISFIABLE  (0s wall)
[method=lex-continuity][cfg2_SN-none-ss] instance_30_10_4_23 | 06:49:30 ... TIMEOUT  (300s wall)
[method=lex-continuity][cfg2_SN-none-ss] instance_30_10_4_24 | 06:54:30 ... TIMEOUT  (300s wall)
[method=lex-continuity][cfg2_SN-none-ss] instance_30_10_4_25 | 06:59:30 ... TIMEOUT  (300s wall)
[method=lex-continuity][cfg2_SN-none-ss] instance_30_10_4_26 | 07:04:30 ... UNSATISFIABLE  (0s wall)
[method=lex-continuity][cfg2_SN-none-ss] instance_30_10_4_27 | 07:04:30 ... TIMEOUT  (300s wall)
[method=lex-continuity][cfg2_SN-none-ss] instance_30_10_4_28 | 07:09:30 ... UNSATISFIABLE  (0s wall)
[method=lex-continuity][cfg2_SN-none-ss] instance_30_10_4_29 | 07:09:30 ... UNSATISFIABLE  (1s wall)
[method=lex-continuity][cfg2_SN-none-ss] instance_30_10_4_3 | 07:09:31 ... UNSATISFIABLE  (0s wall)
[method=lex-continuity][cfg2_SN-none-ss] instance_30_10_4_30 | 07:09:31 ... TIMEOUT  (300s wall)
[method=lex-continuity][cfg2_SN-none-ss] instance_30_10_4_31 | 07:14:31 ... TIMEOUT  (300s wall)
[method=lex-continuity][cfg2_SN-none-ss] instance_30_10_4_32 | 07:19:31 ... TIMEOUT  (300s wall)
[method=lex-continuity][cfg2_SN-none-ss] instance_30_10_4_33 | 07:24:31 ... TIMEOUT  (300s wall)
[method=lex-continuity][cfg2_SN-none-ss] instance_30_10_4_34 | 07:29:31 ... UNSATISFIABLE  (0s wall)
[method=lex-continuity][cfg2_SN-none-ss] instance_30_10_4_35 | 07:29:31 ... UNSATISFIABLE  (1s wall)
[method=lex-continuity][cfg2_SN-none-ss] instance_30_10_4_36 | 07:29:32 ... TIMEOUT  (300s wall)
[method=lex-continuity][cfg2_SN-none-ss] instance_30_10_4_37 | 07:34:32 ... TIMEOUT  (300s wall)
[method=lex-continuity][cfg2_SN-none-ss] instance_30_10_4_38 | 07:39:32 ... UNSATISFIABLE  (0s wall)
[method=lex-continuity][cfg2_SN-none-ss] instance_30_10_4_39 | 07:39:32 ... UNSATISFIABLE  (0s wall)
[method=lex-continuity][cfg2_SN-none-ss] instance_30_10_4_4 | 07:39:32 ... TIMEOUT  (300s wall)
[method=lex-continuity][cfg2_SN-none-ss] instance_30_10_4_40 | 07:44:32 ... UNSATISFIABLE  (0s wall)
[method=lex-continuity][cfg2_SN-none-ss] instance_30_10_4_41 | 07:44:32 ... TIMEOUT  (300s wall)
[method=lex-continuity][cfg2_SN-none-ss] instance_30_10_4_42 | 07:49:32 ... UNSATISFIABLE  (1s wall)
[method=lex-continuity][cfg2_SN-none-ss] instance_30_10_4_43 | 07:49:33 ... TIMEOUT  (300s wall)
[method=lex-continuity][cfg2_SN-none-ss] instance_30_10_4_44 | 07:54:33 ... UNSATISFIABLE  (0s wall)
[method=lex-continuity][cfg2_SN-none-ss] instance_30_10_4_45 | 07:54:33 ... TIMEOUT  (300s wall)
[method=lex-continuity][cfg2_SN-none-ss] instance_30_10_4_46 | 07:59:33 ... UNSATISFIABLE  (0s wall)
[method=lex-continuity][cfg2_SN-none-ss] instance_30_10_4_47 | 07:59:33 ... TIMEOUT  (300s wall)
[method=lex-continuity][cfg2_SN-none-ss] instance_30_10_4_48 | 08:04:33 ... TIMEOUT  (300s wall)
[method=lex-continuity][cfg2_SN-none-ss] instance_30_10_4_49 | 08:09:33 ... UNSATISFIABLE  (1s wall)
[method=lex-continuity][cfg2_SN-none-ss] instance_30_10_4_5 | 08:09:34 ... TIMEOUT  (300s wall)

[STOP] Policy lex-continuity - Cấu hình cfg2_SN-none-ss đã vượt giới hạn thời gian (7200 giây).
[method=lex-continuity][cfg3_SN-both-none] instance_30_10_4_1 | 08:14:34 ... TIMEOUT  (300s wall)
[method=lex-continuity][cfg3_SN-both-none] instance_30_10_4_10 | 08:19:34 ... TIMEOUT  (300s wall)
[method=lex-continuity][cfg3_SN-both-none] instance_30_10_4_11 | 08:24:34 ... TIMEOUT  (300s wall)
[method=lex-continuity][cfg3_SN-both-none] instance_30_10_4_12 | 08:29:34 ... TIMEOUT  (300s wall)
[method=lex-continuity][cfg3_SN-both-none] instance_30_10_4_13 | 08:34:34 ... UNSATISFIABLE  (0s wall)
[method=lex-continuity][cfg3_SN-both-none] instance_30_10_4_14 | 08:34:35 ... UNSATISFIABLE  (0s wall)
[method=lex-continuity][cfg3_SN-both-none] instance_30_10_4_15 | 08:34:35 ... UNSATISFIABLE  (0s wall)
[method=lex-continuity][cfg3_SN-both-none] instance_30_10_4_16 | 08:34:35 ... TIMEOUT  (300s wall)
[method=lex-continuity][cfg3_SN-both-none] instance_30_10_4_17 | 08:39:35 ... TIMEOUT  (300s wall)
[method=lex-continuity][cfg3_SN-both-none] instance_30_10_4_18 | 08:44:35 ... TIMEOUT  (300s wall)
[method=lex-continuity][cfg3_SN-both-none] instance_30_10_4_19 | 08:49:35 ... UNSATISFIABLE  (0s wall)
[method=lex-continuity][cfg3_SN-both-none] instance_30_10_4_2 | 08:49:35 ... UNSATISFIABLE  (0s wall)
[method=lex-continuity][cfg3_SN-both-none] instance_30_10_4_20 | 08:49:35 ... UNSATISFIABLE  (0s wall)
[method=lex-continuity][cfg3_SN-both-none] instance_30_10_4_21 | 08:49:36 ... UNSATISFIABLE  (0s wall)
[method=lex-continuity][cfg3_SN-both-none] instance_30_10_4_22 | 08:49:36 ... UNSATISFIABLE  (0s wall)
[method=lex-continuity][cfg3_SN-both-none] instance_30_10_4_23 | 08:49:36 ... TIMEOUT  (300s wall)
[method=lex-continuity][cfg3_SN-both-none] instance_30_10_4_24 | 08:54:36 ... TIMEOUT  (300s wall)
[method=lex-continuity][cfg3_SN-both-none] instance_30_10_4_25 | 08:59:36 ... TIMEOUT  (300s wall)
[method=lex-continuity][cfg3_SN-both-none] instance_30_10_4_26 | 09:04:36 ... UNSATISFIABLE  (0s wall)
[method=lex-continuity][cfg3_SN-both-none] instance_30_10_4_27 | 09:04:36 ... TIMEOUT  (301s wall)
[method=lex-continuity][cfg3_SN-both-none] instance_30_10_4_28 | 09:09:37 ... UNSATISFIABLE  (0s wall)
[method=lex-continuity][cfg3_SN-both-none] instance_30_10_4_29 | 09:09:37 ... UNSATISFIABLE  (0s wall)
[method=lex-continuity][cfg3_SN-both-none] instance_30_10_4_3 | 09:09:37 ... UNSATISFIABLE  (0s wall)
[method=lex-continuity][cfg3_SN-both-none] instance_30_10_4_30 | 09:09:37 ... TIMEOUT  (300s wall)
[method=lex-continuity][cfg3_SN-both-none] instance_30_10_4_31 | 09:14:37 ... TIMEOUT  (300s wall)
[method=lex-continuity][cfg3_SN-both-none] instance_30_10_4_32 | 09:19:37 ... TIMEOUT  (300s wall)
[method=lex-continuity][cfg3_SN-both-none] instance_30_10_4_33 | 09:24:37 ... TIMEOUT  (300s wall)
[method=lex-continuity][cfg3_SN-both-none] instance_30_10_4_34 | 09:29:38 ... UNSATISFIABLE  (0s wall)
[method=lex-continuity][cfg3_SN-both-none] instance_30_10_4_35 | 09:29:38 ... UNSATISFIABLE  (0s wall)
[method=lex-continuity][cfg3_SN-both-none] instance_30_10_4_36 | 09:29:38 ... TIMEOUT  (300s wall)
[method=lex-continuity][cfg3_SN-both-none] instance_30_10_4_37 | 09:34:38 ... TIMEOUT  (300s wall)
[method=lex-continuity][cfg3_SN-both-none] instance_30_10_4_38 | 09:39:38 ... UNSATISFIABLE  (0s wall)
[method=lex-continuity][cfg3_SN-both-none] instance_30_10_4_39 | 09:39:38 ... UNSATISFIABLE  (0s wall)
[method=lex-continuity][cfg3_SN-both-none] instance_30_10_4_4 | 09:39:38 ... TIMEOUT  (300s wall)
[method=lex-continuity][cfg3_SN-both-none] instance_30_10_4_40 | 09:44:38 ... UNSATISFIABLE  (1s wall)
[method=lex-continuity][cfg3_SN-both-none] instance_30_10_4_41 | 09:44:39 ... TIMEOUT  (300s wall)
[method=lex-continuity][cfg3_SN-both-none] instance_30_10_4_42 | 09:49:39 ... UNSATISFIABLE  (0s wall)
[method=lex-continuity][cfg3_SN-both-none] instance_30_10_4_43 | 09:49:39 ... TIMEOUT  (300s wall)
[method=lex-continuity][cfg3_SN-both-none] instance_30_10_4_44 | 09:54:39 ... UNSATISFIABLE  (0s wall)
[method=lex-continuity][cfg3_SN-both-none] instance_30_10_4_45 | 09:54:39 ... TIMEOUT  (300s wall)
[method=lex-continuity][cfg3_SN-both-none] instance_30_10_4_46 | 09:59:39 ... UNSATISFIABLE  (0s wall)
[method=lex-continuity][cfg3_SN-both-none] instance_30_10_4_47 | 09:59:39 ... TIMEOUT  (301s wall)
[method=lex-continuity][cfg3_SN-both-none] instance_30_10_4_48 | 10:04:40 ... TIMEOUT  (300s wall)
[method=lex-continuity][cfg3_SN-both-none] instance_30_10_4_49 | 10:09:40 ... UNSATISFIABLE  (0s wall)
[method=lex-continuity][cfg3_SN-both-none] instance_30_10_4_5 | 10:09:40 ... TIMEOUT  (300s wall)

[STOP] Policy lex-continuity - Cấu hình cfg3_SN-both-none đã vượt giới hạn thời gian (7200 giây).
[method=lex-continuity][cfg4_SN-both-ss] instance_30_10_4_1 | 10:14:40 ... TIMEOUT  (300s wall)
[method=lex-continuity][cfg4_SN-both-ss] instance_30_10_4_10 | 10:19:40 ... TIMEOUT  (300s wall)
[method=lex-continuity][cfg4_SN-both-ss] instance_30_10_4_11 | 10:24:40 ... TIMEOUT  (301s wall)
[method=lex-continuity][cfg4_SN-both-ss] instance_30_10_4_12 | 10:29:41 ... TIMEOUT  (300s wall)
[method=lex-continuity][cfg4_SN-both-ss] instance_30_10_4_13 | 10:34:41 ... UNSATISFIABLE  (0s wall)
[method=lex-continuity][cfg4_SN-both-ss] instance_30_10_4_14 | 10:34:41 ... UNSATISFIABLE  (0s wall)
[method=lex-continuity][cfg4_SN-both-ss] instance_30_10_4_15 | 10:34:41 ... UNSATISFIABLE  (0s wall)
[method=lex-continuity][cfg4_SN-both-ss] instance_30_10_4_16 | 10:34:41 ... TIMEOUT  (300s wall)
[method=lex-continuity][cfg4_SN-both-ss] instance_30_10_4_17 | 10:39:41 ... TIMEOUT  (300s wall)
[method=lex-continuity][cfg4_SN-both-ss] instance_30_10_4_18 | 10:44:41 ... TIMEOUT  (300s wall)
[method=lex-continuity][cfg4_SN-both-ss] instance_30_10_4_19 | 10:49:42 ... UNSATISFIABLE  (0s wall)
[method=lex-continuity][cfg4_SN-both-ss] instance_30_10_4_2 | 10:49:42 ... UNSATISFIABLE  (0s wall)
[method=lex-continuity][cfg4_SN-both-ss] instance_30_10_4_20 | 10:49:42 ... UNSATISFIABLE  (0s wall)
[method=lex-continuity][cfg4_SN-both-ss] instance_30_10_4_21 | 10:49:42 ... UNSATISFIABLE  (0s wall)
[method=lex-continuity][cfg4_SN-both-ss] instance_30_10_4_22 | 10:49:42 ... UNSATISFIABLE  (0s wall)
[method=lex-continuity][cfg4_SN-both-ss] instance_30_10_4_23 | 10:49:42 ... TIMEOUT  (300s wall)
[method=lex-continuity][cfg4_SN-both-ss] instance_30_10_4_24 | 10:54:42 ... TIMEOUT  (300s wall)
[method=lex-continuity][cfg4_SN-both-ss] instance_30_10_4_25 | 10:59:42 ... TIMEOUT  (301s wall)
[method=lex-continuity][cfg4_SN-both-ss] instance_30_10_4_26 | 11:04:43 ... UNSATISFIABLE  (0s wall)
[method=lex-continuity][cfg4_SN-both-ss] instance_30_10_4_27 | 11:04:43 ... TIMEOUT  (300s wall)
[method=lex-continuity][cfg4_SN-both-ss] instance_30_10_4_28 | 11:09:43 ... UNSATISFIABLE  (0s wall)
[method=lex-continuity][cfg4_SN-both-ss] instance_30_10_4_29 | 11:09:43 ... UNSATISFIABLE  (0s wall)
[method=lex-continuity][cfg4_SN-both-ss] instance_30_10_4_3 | 11:09:43 ... UNSATISFIABLE  (0s wall)
[method=lex-continuity][cfg4_SN-both-ss] instance_30_10_4_30 | 11:09:43 ... TIMEOUT  (300s wall)
[method=lex-continuity][cfg4_SN-both-ss] instance_30_10_4_31 | 11:14:43 ... TIMEOUT  (300s wall)
[method=lex-continuity][cfg4_SN-both-ss] instance_30_10_4_32 | 11:19:43 ... TIMEOUT  (301s wall)
[method=lex-continuity][cfg4_SN-both-ss] instance_30_10_4_33 | 11:24:44 ... TIMEOUT  (300s wall)
[method=lex-continuity][cfg4_SN-both-ss] instance_30_10_4_34 | 11:29:44 ... UNSATISFIABLE  (0s wall)
[method=lex-continuity][cfg4_SN-both-ss] instance_30_10_4_35 | 11:29:44 ... UNSATISFIABLE  (0s wall)
[method=lex-continuity][cfg4_SN-both-ss] instance_30_10_4_36 | 11:29:44 ... TIMEOUT  (300s wall)
[method=lex-continuity][cfg4_SN-both-ss] instance_30_10_4_37 | 11:34:44 ... TIMEOUT  (300s wall)
[method=lex-continuity][cfg4_SN-both-ss] instance_30_10_4_38 | 11:39:44 ... UNSATISFIABLE  (0s wall)
[method=lex-continuity][cfg4_SN-both-ss] instance_30_10_4_39 | 11:39:44 ... UNSATISFIABLE  (1s wall)
[method=lex-continuity][cfg4_SN-both-ss] instance_30_10_4_4 | 11:39:45 ... TIMEOUT  (300s wall)
[method=lex-continuity][cfg4_SN-both-ss] instance_30_10_4_40 | 11:44:45 ... UNSATISFIABLE  (0s wall)
[method=lex-continuity][cfg4_SN-both-ss] instance_30_10_4_41 | 11:44:45 ... TIMEOUT  (300s wall)
[method=lex-continuity][cfg4_SN-both-ss] instance_30_10_4_42 | 11:49:45 ... UNSATISFIABLE  (0s wall)
[method=lex-continuity][cfg4_SN-both-ss] instance_30_10_4_43 | 11:49:45 ... TIMEOUT  (300s wall)
[method=lex-continuity][cfg4_SN-both-ss] instance_30_10_4_44 | 11:54:45 ... UNSATISFIABLE  (0s wall)
[method=lex-continuity][cfg4_SN-both-ss] instance_30_10_4_45 | 11:54:45 ... TIMEOUT  (301s wall)
[method=lex-continuity][cfg4_SN-both-ss] instance_30_10_4_46 | 11:59:46 ... UNSATISFIABLE  (0s wall)
[method=lex-continuity][cfg4_SN-both-ss] instance_30_10_4_47 | 11:59:46 ... TIMEOUT  (300s wall)
[method=lex-continuity][cfg4_SN-both-ss] instance_30_10_4_48 | 12:04:46 ... TIMEOUT  (300s wall)
[method=lex-continuity][cfg4_SN-both-ss] instance_30_10_4_49 | 12:09:46 ... UNSATISFIABLE  (0s wall)
[method=lex-continuity][cfg4_SN-both-ss] instance_30_10_4_5 | 12:09:46 ... TIMEOUT  (300s wall)

[STOP] Policy lex-continuity - Cấu hình cfg4_SN-both-ss đã vượt giới hạn thời gian (7200 giây).
[method=lex-continuity][cfg5_TOT-none-none] instance_30_10_4_1 | 12:14:46 ... TIMEOUT  (300s wall)
[method=lex-continuity][cfg5_TOT-none-none] instance_30_10_4_10 | 12:19:46 ... TIMEOUT  (301s wall)
[method=lex-continuity][cfg5_TOT-none-none] instance_30_10_4_11 | 12:24:47 ... TIMEOUT  (300s wall)
[method=lex-continuity][cfg5_TOT-none-none] instance_30_10_4_12 | 12:29:47 ... TIMEOUT  (300s wall)
[method=lex-continuity][cfg5_TOT-none-none] instance_30_10_4_13 | 12:34:47 ... UNSATISFIABLE  (0s wall)
[method=lex-continuity][cfg5_TOT-none-none] instance_30_10_4_14 | 12:34:47 ... UNSATISFIABLE  (0s wall)
[method=lex-continuity][cfg5_TOT-none-none] instance_30_10_4_15 | 12:34:47 ... UNSATISFIABLE  (0s wall)
[method=lex-continuity][cfg5_TOT-none-none] instance_30_10_4_16 | 12:34:47 ... TIMEOUT  (300s wall)
[method=lex-continuity][cfg5_TOT-none-none] instance_30_10_4_17 | 12:39:47 ... TIMEOUT  (301s wall)
[method=lex-continuity][cfg5_TOT-none-none] instance_30_10_4_18 | 12:44:48 ... TIMEOUT  (300s wall)
[method=lex-continuity][cfg5_TOT-none-none] instance_30_10_4_19 | 12:49:48 ... UNSATISFIABLE  (0s wall)
[method=lex-continuity][cfg5_TOT-none-none] instance_30_10_4_2 | 12:49:48 ... UNSATISFIABLE  (0s wall)
[method=lex-continuity][cfg5_TOT-none-none] instance_30_10_4_20 | 12:49:48 ... UNSATISFIABLE  (0s wall)
[method=lex-continuity][cfg5_TOT-none-none] instance_30_10_4_21 | 12:49:48 ... UNSATISFIABLE  (0s wall)
[method=lex-continuity][cfg5_TOT-none-none] instance_30_10_4_22 | 12:49:48 ... UNSATISFIABLE  (0s wall)
[method=lex-continuity][cfg5_TOT-none-none] instance_30_10_4_23 | 12:49:48 ... TIMEOUT  (300s wall)
[method=lex-continuity][cfg5_TOT-none-none] instance_30_10_4_24 | 12:54:48 ... TIMEOUT  (300s wall)
[method=lex-continuity][cfg5_TOT-none-none] instance_30_10_4_25 | 12:59:48 ... TIMEOUT  (301s wall)
[method=lex-continuity][cfg5_TOT-none-none] instance_30_10_4_26 | 13:04:49 ... UNSATISFIABLE  (0s wall)
[method=lex-continuity][cfg5_TOT-none-none] instance_30_10_4_27 | 13:04:49 ... TIMEOUT  (300s wall)
[method=lex-continuity][cfg5_TOT-none-none] instance_30_10_4_28 | 13:09:49 ... UNSATISFIABLE  (0s wall)
[method=lex-continuity][cfg5_TOT-none-none] instance_30_10_4_29 | 13:09:49 ... UNSATISFIABLE  (0s wall)
[method=lex-continuity][cfg5_TOT-none-none] instance_30_10_4_3 | 13:09:49 ... UNSATISFIABLE  (0s wall)
[method=lex-continuity][cfg5_TOT-none-none] instance_30_10_4_30 | 13:09:49 ... TIMEOUT  (300s wall)
[method=lex-continuity][cfg5_TOT-none-none] instance_30_10_4_31 | 13:14:49 ... TIMEOUT  (300s wall)
[method=lex-continuity][cfg5_TOT-none-none] instance_30_10_4_32 | 13:19:49 ... TIMEOUT  (301s wall)
[method=lex-continuity][cfg5_TOT-none-none] instance_30_10_4_33 | 13:24:50 ... TIMEOUT  (300s wall)
[method=lex-continuity][cfg5_TOT-none-none] instance_30_10_4_34 | 13:29:50 ... UNSATISFIABLE  (0s wall)
[method=lex-continuity][cfg5_TOT-none-none] instance_30_10_4_35 | 13:29:50 ... UNSATISFIABLE  (0s wall)
[method=lex-continuity][cfg5_TOT-none-none] instance_30_10_4_36 | 13:29:50 ... TIMEOUT  (300s wall)
[method=lex-continuity][cfg5_TOT-none-none] instance_30_10_4_37 | 13:34:50 ... TIMEOUT  (300s wall)
[method=lex-continuity][cfg5_TOT-none-none] instance_30_10_4_38 | 13:39:50 ... UNSATISFIABLE  (0s wall)
[method=lex-continuity][cfg5_TOT-none-none] instance_30_10_4_39 | 13:39:50 ... UNSATISFIABLE  (0s wall)
[method=lex-continuity][cfg5_TOT-none-none] instance_30_10_4_4 | 13:39:50 ... TIMEOUT  (301s wall)
[method=lex-continuity][cfg5_TOT-none-none] instance_30_10_4_40 | 13:44:51 ... UNSATISFIABLE  (0s wall)
[method=lex-continuity][cfg5_TOT-none-none] instance_30_10_4_41 | 13:44:51 ... TIMEOUT  (300s wall)
[method=lex-continuity][cfg5_TOT-none-none] instance_30_10_4_42 | 13:49:51 ... UNSATISFIABLE  (0s wall)
[method=lex-continuity][cfg5_TOT-none-none] instance_30_10_4_43 | 13:49:51 ... TIMEOUT  (300s wall)
[method=lex-continuity][cfg5_TOT-none-none] instance_30_10_4_44 | 13:54:51 ... UNSATISFIABLE  (0s wall)
[method=lex-continuity][cfg5_TOT-none-none] instance_30_10_4_45 | 13:54:51 ... TIMEOUT  (300s wall)
[method=lex-continuity][cfg5_TOT-none-none] instance_30_10_4_46 | 13:59:51 ... UNSATISFIABLE  (0s wall)
[method=lex-continuity][cfg5_TOT-none-none] instance_30_10_4_47 | 13:59:51 ... TIMEOUT  (301s wall)
[method=lex-continuity][cfg5_TOT-none-none] instance_30_10_4_48 | 14:04:52 ... TIMEOUT  (300s wall)
[method=lex-continuity][cfg5_TOT-none-none] instance_30_10_4_49 | 14:09:52 ... UNSATISFIABLE  (0s wall)
[method=lex-continuity][cfg5_TOT-none-none] instance_30_10_4_5 | 14:09:52 ... TIMEOUT  (300s wall)

[STOP] Policy lex-continuity - Cấu hình cfg5_TOT-none-none đã vượt giới hạn thời gian (7200 giây).
[method=lex-continuity][cfg6_TOT-none-ss] instance_30_10_4_1 | 14:14:52 ... TIMEOUT  (300s wall)
[method=lex-continuity][cfg6_TOT-none-ss] instance_30_10_4_10 | 14:19:52 ... TIMEOUT  (300s wall)
[method=lex-continuity][cfg6_TOT-none-ss] instance_30_10_4_11 | 14:24:52 ... TIMEOUT  (301s wall)
[method=lex-continuity][cfg6_TOT-none-ss] instance_30_10_4_12 | 14:29:53 ... TIMEOUT  (300s wall)
[method=lex-continuity][cfg6_TOT-none-ss] instance_30_10_4_13 | 14:34:53 ... UNSATISFIABLE  (0s wall)
[method=lex-continuity][cfg6_TOT-none-ss] instance_30_10_4_14 | 14:34:53 ... UNSATISFIABLE  (0s wall)
[method=lex-continuity][cfg6_TOT-none-ss] instance_30_10_4_15 | 14:34:53 ... UNSATISFIABLE  (0s wall)
[method=lex-continuity][cfg6_TOT-none-ss] instance_30_10_4_16 | 14:34:53 ... TIMEOUT  (300s wall)
[method=lex-continuity][cfg6_TOT-none-ss] instance_30_10_4_17 | 14:39:53 ... TIMEOUT  (300s wall)
[method=lex-continuity][cfg6_TOT-none-ss] instance_30_10_4_18 | 14:44:53 ... TIMEOUT  (301s wall)
[method=lex-continuity][cfg6_TOT-none-ss] instance_30_10_4_19 | 14:49:54 ... UNSATISFIABLE  (0s wall)
[method=lex-continuity][cfg6_TOT-none-ss] instance_30_10_4_2 | 14:49:54 ... UNSATISFIABLE  (0s wall)
[method=lex-continuity][cfg6_TOT-none-ss] instance_30_10_4_20 | 14:49:54 ... UNSATISFIABLE  (0s wall)
[method=lex-continuity][cfg6_TOT-none-ss] instance_30_10_4_21 | 14:49:54 ... UNSATISFIABLE  (0s wall)
[method=lex-continuity][cfg6_TOT-none-ss] instance_30_10_4_22 | 14:49:54 ... UNSATISFIABLE  (0s wall)
[method=lex-continuity][cfg6_TOT-none-ss] instance_30_10_4_23 | 14:49:54 ... TIMEOUT  (300s wall)
[method=lex-continuity][cfg6_TOT-none-ss] instance_30_10_4_24 | 14:54:54 ... TIMEOUT  (300s wall)
[method=lex-continuity][cfg6_TOT-none-ss] instance_30_10_4_25 | 14:59:54 ... TIMEOUT  (300s wall)
[method=lex-continuity][cfg6_TOT-none-ss] instance_30_10_4_26 | 15:04:54 ... UNSATISFIABLE  (1s wall)
[method=lex-continuity][cfg6_TOT-none-ss] instance_30_10_4_27 | 15:04:55 ... TIMEOUT  (300s wall)
[method=lex-continuity][cfg6_TOT-none-ss] instance_30_10_4_28 | 15:09:55 ... UNSATISFIABLE  (0s wall)
[method=lex-continuity][cfg6_TOT-none-ss] instance_30_10_4_29 | 15:09:55 ... UNSATISFIABLE  (0s wall)
[method=lex-continuity][cfg6_TOT-none-ss] instance_30_10_4_3 | 15:09:55 ... UNSATISFIABLE  (0s wall)
[method=lex-continuity][cfg6_TOT-none-ss] instance_30_10_4_30 | 15:09:55 ... TIMEOUT  (300s wall)
[method=lex-continuity][cfg6_TOT-none-ss] instance_30_10_4_31 | 15:14:55 ... TIMEOUT  (300s wall)
[method=lex-continuity][cfg6_TOT-none-ss] instance_30_10_4_32 | 15:19:55 ... TIMEOUT  (300s wall)
[method=lex-continuity][cfg6_TOT-none-ss] instance_30_10_4_33 | 15:24:56 ... TIMEOUT  (300s wall)
[method=lex-continuity][cfg6_TOT-none-ss] instance_30_10_4_34 | 15:29:56 ... UNSATISFIABLE  (0s wall)
[method=lex-continuity][cfg6_TOT-none-ss] instance_30_10_4_35 | 15:29:56 ... UNSATISFIABLE  (0s wall)
[method=lex-continuity][cfg6_TOT-none-ss] instance_30_10_4_36 | 15:29:56 ... TIMEOUT  (300s wall)
[method=lex-continuity][cfg6_TOT-none-ss] instance_30_10_4_37 | 15:34:56 ... TIMEOUT  (300s wall)
[method=lex-continuity][cfg6_TOT-none-ss] instance_30_10_4_38 | 15:39:56 ... UNSATISFIABLE  (0s wall)
[method=lex-continuity][cfg6_TOT-none-ss] instance_30_10_4_39 | 15:39:56 ... UNSATISFIABLE  (0s wall)
[method=lex-continuity][cfg6_TOT-none-ss] instance_30_10_4_4 | 15:39:56 ... TIMEOUT  (301s wall)
[method=lex-continuity][cfg6_TOT-none-ss] instance_30_10_4_40 | 15:44:57 ... UNSATISFIABLE  (0s wall)
[method=lex-continuity][cfg6_TOT-none-ss] instance_30_10_4_41 | 15:44:57 ... TIMEOUT  (300s wall)
[method=lex-continuity][cfg6_TOT-none-ss] instance_30_10_4_42 | 15:49:57 ... UNSATISFIABLE  (0s wall)
[method=lex-continuity][cfg6_TOT-none-ss] instance_30_10_4_43 | 15:49:57 ... TIMEOUT  (300s wall)
[method=lex-continuity][cfg6_TOT-none-ss] instance_30_10_4_44 | 15:54:57 ... UNSATISFIABLE  (0s wall)
[method=lex-continuity][cfg6_TOT-none-ss] instance_30_10_4_45 | 15:54:57 ... TIMEOUT  (300s wall)
[method=lex-continuity][cfg6_TOT-none-ss] instance_30_10_4_46 | 15:59:57 ... UNSATISFIABLE  (0s wall)
[method=lex-continuity][cfg6_TOT-none-ss] instance_30_10_4_47 | 15:59:57 ... TIMEOUT  (301s wall)
[method=lex-continuity][cfg6_TOT-none-ss] instance_30_10_4_48 | 16:04:58 ... TIMEOUT  (300s wall)
[method=lex-continuity][cfg6_TOT-none-ss] instance_30_10_4_49 | 16:09:58 ... UNSATISFIABLE  (0s wall)
[method=lex-continuity][cfg6_TOT-none-ss] instance_30_10_4_5 | 16:09:58 ... TIMEOUT  (300s wall)

[STOP] Policy lex-continuity - Cấu hình cfg6_TOT-none-ss đã vượt giới hạn thời gian (7200 giây).
[method=lex-continuity][cfg7_TOT-both-none] instance_30_10_4_1 | 16:14:58 ... TIMEOUT  (300s wall)
[method=lex-continuity][cfg7_TOT-both-none] instance_30_10_4_10 | 16:19:58 ... TIMEOUT  (300s wall)
[method=lex-continuity][cfg7_TOT-both-none] instance_30_10_4_11 | 16:24:58 ... TIMEOUT  (300s wall)
[method=lex-continuity][cfg7_TOT-both-none] instance_30_10_4_12 | 16:29:59 ... TIMEOUT  (300s wall)
[method=lex-continuity][cfg7_TOT-both-none] instance_30_10_4_13 | 16:34:59 ... UNSATISFIABLE  (0s wall)
[method=lex-continuity][cfg7_TOT-both-none] instance_30_10_4_14 | 16:34:59 ... UNSATISFIABLE  (0s wall)
[method=lex-continuity][cfg7_TOT-both-none] instance_30_10_4_15 | 16:34:59 ... UNSATISFIABLE  (0s wall)
[method=lex-continuity][cfg7_TOT-both-none] instance_30_10_4_16 | 16:34:59 ... TIMEOUT  (300s wall)
[method=lex-continuity][cfg7_TOT-both-none] instance_30_10_4_17 | 16:39:59 ... TIMEOUT  (300s wall)
[method=lex-continuity][cfg7_TOT-both-none] instance_30_10_4_18 | 16:44:59 ... TIMEOUT  (300s wall)
[method=lex-continuity][cfg7_TOT-both-none] instance_30_10_4_19 | 16:49:59 ... UNSATISFIABLE  (1s wall)
[method=lex-continuity][cfg7_TOT-both-none] instance_30_10_4_2 | 16:50:00 ... UNSATISFIABLE  (0s wall)
[method=lex-continuity][cfg7_TOT-both-none] instance_30_10_4_20 | 16:50:00 ... UNSATISFIABLE  (0s wall)
[method=lex-continuity][cfg7_TOT-both-none] instance_30_10_4_21 | 16:50:00 ... UNSATISFIABLE  (0s wall)
[method=lex-continuity][cfg7_TOT-both-none] instance_30_10_4_22 | 16:50:00 ... UNSATISFIABLE  (0s wall)
[method=lex-continuity][cfg7_TOT-both-none] instance_30_10_4_23 | 16:50:00 ... TIMEOUT  (300s wall)
[method=lex-continuity][cfg7_TOT-both-none] instance_30_10_4_24 | 16:55:00 ... TIMEOUT  (300s wall)
[method=lex-continuity][cfg7_TOT-both-none] instance_30_10_4_25 | 17:00:00 ... TIMEOUT  (300s wall)
[method=lex-continuity][cfg7_TOT-both-none] instance_30_10_4_26 | 17:05:00 ... UNSATISFIABLE  (1s wall)
[method=lex-continuity][cfg7_TOT-both-none] instance_30_10_4_27 | 17:05:01 ... TIMEOUT  (300s wall)
[method=lex-continuity][cfg7_TOT-both-none] instance_30_10_4_28 | 17:10:01 ... UNSATISFIABLE  (0s wall)
[method=lex-continuity][cfg7_TOT-both-none] instance_30_10_4_29 | 17:10:01 ... UNSATISFIABLE  (0s wall)
[method=lex-continuity][cfg7_TOT-both-none] instance_30_10_4_3 | 17:10:01 ... UNSATISFIABLE  (0s wall)
[method=lex-continuity][cfg7_TOT-both-none] instance_30_10_4_30 | 17:10:01 ... TIMEOUT  (300s wall)
[method=lex-continuity][cfg7_TOT-both-none] instance_30_10_4_31 | 17:15:01 ... TIMEOUT  (300s wall)
[method=lex-continuity][cfg7_TOT-both-none] instance_30_10_4_32 | 17:20:01 ... TIMEOUT  (300s wall)
[method=lex-continuity][cfg7_TOT-both-none] instance_30_10_4_33 | 17:25:02 ... TIMEOUT  (300s wall)
[method=lex-continuity][cfg7_TOT-both-none] instance_30_10_4_34 | 17:30:02 ... UNSATISFIABLE  (0s wall)
[method=lex-continuity][cfg7_TOT-both-none] instance_30_10_4_35 | 17:30:02 ... UNSATISFIABLE  (0s wall)
[method=lex-continuity][cfg7_TOT-both-none] instance_30_10_4_36 | 17:30:02 ... TIMEOUT  (300s wall)
[method=lex-continuity][cfg7_TOT-both-none] instance_30_10_4_37 | 17:35:02 ... TIMEOUT  (300s wall)
[method=lex-continuity][cfg7_TOT-both-none] instance_30_10_4_38 | 17:40:02 ... UNSATISFIABLE  (0s wall)
[method=lex-continuity][cfg7_TOT-both-none] instance_30_10_4_39 | 17:40:02 ... UNSATISFIABLE  (0s wall)
[method=lex-continuity][cfg7_TOT-both-none] instance_30_10_4_4 | 17:40:02 ... TIMEOUT  (301s wall)
[method=lex-continuity][cfg7_TOT-both-none] instance_30_10_4_40 | 17:45:03 ... UNSATISFIABLE  (0s wall)
[method=lex-continuity][cfg7_TOT-both-none] instance_30_10_4_41 | 17:45:03 ... TIMEOUT  (300s wall)
[method=lex-continuity][cfg7_TOT-both-none] instance_30_10_4_42 | 17:50:03 ... UNSATISFIABLE  (0s wall)
[method=lex-continuity][cfg7_TOT-both-none] instance_30_10_4_43 | 17:50:03 ... TIMEOUT  (300s wall)
[method=lex-continuity][cfg7_TOT-both-none] instance_30_10_4_44 | 17:55:03 ... UNSATISFIABLE  (0s wall)
[method=lex-continuity][cfg7_TOT-both-none] instance_30_10_4_45 | 17:55:03 ... TIMEOUT  (300s wall)
[method=lex-continuity][cfg7_TOT-both-none] instance_30_10_4_46 | 18:00:03 ... UNSATISFIABLE  (0s wall)
[method=lex-continuity][cfg7_TOT-both-none] instance_30_10_4_47 | 18:00:04 ... TIMEOUT  (300s wall)
[method=lex-continuity][cfg7_TOT-both-none] instance_30_10_4_48 | 18:05:04 ... TIMEOUT  (300s wall)
[method=lex-continuity][cfg7_TOT-both-none] instance_30_10_4_49 | 18:10:04 ... UNSATISFIABLE  (0s wall)
[method=lex-continuity][cfg7_TOT-both-none] instance_30_10_4_5 | 18:10:04 ... TIMEOUT  (300s wall)

[STOP] Policy lex-continuity - Cấu hình cfg7_TOT-both-none đã vượt giới hạn thời gian (7200 giây).
[method=lex-continuity][cfg8_TOT-both-ss] instance_30_10_4_1 | 18:15:04 ... TIMEOUT  (300s wall)
[method=lex-continuity][cfg8_TOT-both-ss] instance_30_10_4_10 | 18:20:04 ... TIMEOUT  (300s wall)
[method=lex-continuity][cfg8_TOT-both-ss] instance_30_10_4_11 | 18:25:05 ... TIMEOUT  (300s wall)
[method=lex-continuity][cfg8_TOT-both-ss] instance_30_10_4_12 | 18:30:05 ... TIMEOUT  (300s wall)
[method=lex-continuity][cfg8_TOT-both-ss] instance_30_10_4_13 | 18:35:05 ... UNSATISFIABLE  (0s wall)
[method=lex-continuity][cfg8_TOT-both-ss] instance_30_10_4_14 | 18:35:05 ... UNSATISFIABLE  (0s wall)
[method=lex-continuity][cfg8_TOT-both-ss] instance_30_10_4_15 | 18:35:05 ... UNSATISFIABLE  (0s wall)
[method=lex-continuity][cfg8_TOT-both-ss] instance_30_10_4_16 | 18:35:05 ... TIMEOUT  (300s wall)
[method=lex-continuity][cfg8_TOT-both-ss] instance_30_10_4_17 | 18:40:05 ... TIMEOUT  (300s wall)
[method=lex-continuity][cfg8_TOT-both-ss] instance_30_10_4_18 | 18:45:05 ... TIMEOUT  (301s wall)
[method=lex-continuity][cfg8_TOT-both-ss] instance_30_10_4_19 | 18:50:06 ... UNSATISFIABLE  (0s wall)
[method=lex-continuity][cfg8_TOT-both-ss] instance_30_10_4_2 | 18:50:06 ... UNSATISFIABLE  (0s wall)
[method=lex-continuity][cfg8_TOT-both-ss] instance_30_10_4_20 | 18:50:06 ... UNSATISFIABLE  (0s wall)
[method=lex-continuity][cfg8_TOT-both-ss] instance_30_10_4_21 | 18:50:06 ... UNSATISFIABLE  (0s wall)
[method=lex-continuity][cfg8_TOT-both-ss] instance_30_10_4_22 | 18:50:06 ... UNSATISFIABLE  (0s wall)
[method=lex-continuity][cfg8_TOT-both-ss] instance_30_10_4_23 | 18:50:06 ... TIMEOUT  (300s wall)
[method=lex-continuity][cfg8_TOT-both-ss] instance_30_10_4_24 | 18:55:06 ... TIMEOUT  (300s wall)
[method=lex-continuity][cfg8_TOT-both-ss] instance_30_10_4_25 | 19:00:06 ... TIMEOUT  (301s wall)
[method=lex-continuity][cfg8_TOT-both-ss] instance_30_10_4_26 | 19:05:07 ... UNSATISFIABLE  (0s wall)
[method=lex-continuity][cfg8_TOT-both-ss] instance_30_10_4_27 | 19:05:07 ... TIMEOUT  (300s wall)
[method=lex-continuity][cfg8_TOT-both-ss] instance_30_10_4_28 | 19:10:07 ... UNSATISFIABLE  (0s wall)
[method=lex-continuity][cfg8_TOT-both-ss] instance_30_10_4_29 | 19:10:07 ... UNSATISFIABLE  (0s wall)
[method=lex-continuity][cfg8_TOT-both-ss] instance_30_10_4_3 | 19:10:07 ... UNSATISFIABLE  (0s wall)
[method=lex-continuity][cfg8_TOT-both-ss] instance_30_10_4_30 | 19:10:07 ... TIMEOUT  (300s wall)
[method=lex-continuity][cfg8_TOT-both-ss] instance_30_10_4_31 | 19:15:07 ... TIMEOUT  (300s wall)
[method=lex-continuity][cfg8_TOT-both-ss] instance_30_10_4_32 | 19:20:08 ... TIMEOUT  (300s wall)
[method=lex-continuity][cfg8_TOT-both-ss] instance_30_10_4_33 | 19:25:08 ... TIMEOUT  (300s wall)
[method=lex-continuity][cfg8_TOT-both-ss] instance_30_10_4_34 | 19:30:08 ... UNSATISFIABLE  (0s wall)
[method=lex-continuity][cfg8_TOT-both-ss] instance_30_10_4_35 | 19:30:08 ... UNSATISFIABLE  (0s wall)
[method=lex-continuity][cfg8_TOT-both-ss] instance_30_10_4_36 | 19:30:08 ... TIMEOUT  (300s wall)
[method=lex-continuity][cfg8_TOT-both-ss] instance_30_10_4_37 | 19:35:08 ... TIMEOUT  (300s wall)
[method=lex-continuity][cfg8_TOT-both-ss] instance_30_10_4_38 | 19:40:08 ... UNSATISFIABLE  (0s wall)
[method=lex-continuity][cfg8_TOT-both-ss] instance_30_10_4_39 | 19:40:09 ... UNSATISFIABLE  (0s wall)
[method=lex-continuity][cfg8_TOT-both-ss] instance_30_10_4_4 | 19:40:09 ... TIMEOUT  (300s wall)
[method=lex-continuity][cfg8_TOT-both-ss] instance_30_10_4_40 | 19:45:09 ... UNSATISFIABLE  (0s wall)
[method=lex-continuity][cfg8_TOT-both-ss] instance_30_10_4_41 | 19:45:09 ... TIMEOUT  (300s wall)
[method=lex-continuity][cfg8_TOT-both-ss] instance_30_10_4_42 | 19:50:09 ... UNSATISFIABLE  (0s wall)
[method=lex-continuity][cfg8_TOT-both-ss] instance_30_10_4_43 | 19:50:09 ... TIMEOUT  (300s wall)
[method=lex-continuity][cfg8_TOT-both-ss] instance_30_10_4_44 | 19:55:09 ... UNSATISFIABLE  (0s wall)
[method=lex-continuity][cfg8_TOT-both-ss] instance_30_10_4_45 | 19:55:09 ... TIMEOUT  (301s wall)
[method=lex-continuity][cfg8_TOT-both-ss] instance_30_10_4_46 | 20:00:10 ... UNSATISFIABLE  (0s wall)
[method=lex-continuity][cfg8_TOT-both-ss] instance_30_10_4_47 | 20:00:10 ... TIMEOUT  (300s wall)
[method=lex-continuity][cfg8_TOT-both-ss] instance_30_10_4_48 | 20:05:10 ... TIMEOUT  (300s wall)
[method=lex-continuity][cfg8_TOT-both-ss] instance_30_10_4_49 | 20:10:10 ... UNSATISFIABLE  (0s wall)
[method=lex-continuity][cfg8_TOT-both-ss] instance_30_10_4_5 | 20:10:10 ... TIMEOUT  (300s wall)

[STOP] Policy lex-continuity - Cấu hình cfg8_TOT-both-ss đã vượt giới hạn thời gian (7200 giây).
