
=== B2 similarity budget: delta=0 (Thư mục: experiments/results/epsilon_8cfg_evalmaxsat/delta_0) ===
[delta=0][cfg1_ORIGINAL] instance_30_10_4_1 | 08:24:17 ... 
=== B2 similarity budget: delta=0 (Thư mục: experiments/results/epsilon_8cfg_evalmaxsat/delta_0) ===
[delta=0][cfg1_ORIGINAL] instance_30_10_4_1 | 08:24:57 ... TIMEOUT  (300s wall)
[delta=0][cfg1_ORIGINAL] instance_30_10_4_10 | 08:29:57 ... TIMEOUT  (300s wall)
[delta=0][cfg1_ORIGINAL] instance_30_10_4_11 | 08:34:57 ... 
=== B2 similarity budget: delta=0 (Thư mục: experiments/results/epsilon_8cfg_evalmaxsat/delta_0) ===
[delta=0][cfg1_TOT-none-none] instance_30_10_4_1 | 08:41:46 ... TIMEOUT  (501s wall)
[delta=0][cfg1_TOT-none-none] instance_30_10_4_10 | 08:50:07 ... TIMEOUT  (500s wall)
[delta=0][cfg1_TOT-none-none] instance_30_10_4_11 | 08:58:27 ... TIMEOUT  (500s wall)
[delta=0][cfg1_TOT-none-none] instance_30_10_4_12 | 09:06:47 ... TIMEOUT  (500s wall)
[delta=0][cfg1_TOT-none-none] instance_30_10_4_13 | 09:15:07 ... UNSATISFIABLE  (0s wall)
[delta=0][cfg1_TOT-none-none] instance_30_10_4_14 | 09:15:07 ... UNSATISFIABLE  (0s wall)
[delta=0][cfg1_TOT-none-none] instance_30_10_4_15 | 09:15:07 ... UNSATISFIABLE  (0s wall)
[delta=0][cfg1_TOT-none-none] instance_30_10_4_16 | 09:15:07 ... TIMEOUT  (500s wall)
[delta=0][cfg1_TOT-none-none] instance_30_10_4_17 | 09:23:27 ... TIMEOUT  (501s wall)
[delta=0][cfg1_TOT-none-none] instance_30_10_4_18 | 09:31:48 ... TIMEOUT  (500s wall)
[delta=0][cfg1_TOT-none-none] instance_30_10_4_19 | 09:40:08 ... UNSATISFIABLE  (0s wall)
[delta=0][cfg1_TOT-none-none] instance_30_10_4_2 | 09:40:08 ... UNSATISFIABLE  (0s wall)
[delta=0][cfg1_TOT-none-none] instance_30_10_4_20 | 09:40:08 ... UNSATISFIABLE  (0s wall)
[delta=0][cfg1_TOT-none-none] instance_30_10_4_21 | 09:40:08 ... UNSATISFIABLE  (0s wall)
[delta=0][cfg1_TOT-none-none] instance_30_10_4_22 | 09:40:08 ... UNSATISFIABLE  (0s wall)
[delta=0][cfg1_TOT-none-none] instance_30_10_4_23 | 09:40:08 ... TIMEOUT  (500s wall)

[STOP] Delta 0 - Cấu hình cfg1_TOT-none-none đã vượt giới hạn thời gian (3600 giây).
[delta=0][cfg2_TOT-none-ss] instance_30_10_4_1 | 09:48:28 ... TIMEOUT  (500s wall)
[delta=0][cfg2_TOT-none-ss] instance_30_10_4_10 | 09:56:48 ... TIMEOUT  (501s wall)
[delta=0][cfg2_TOT-none-ss] instance_30_10_4_11 | 10:05:09 ... TIMEOUT  (500s wall)
[delta=0][cfg2_TOT-none-ss] instance_30_10_4_12 | 10:13:29 ... TIMEOUT  (500s wall)
[delta=0][cfg2_TOT-none-ss] instance_30_10_4_13 | 10:21:49 ... UNSATISFIABLE  (0s wall)
[delta=0][cfg2_TOT-none-ss] instance_30_10_4_14 | 10:21:49 ... UNSATISFIABLE  (0s wall)
[delta=0][cfg2_TOT-none-ss] instance_30_10_4_15 | 10:21:49 ... UNSATISFIABLE  (0s wall)
[delta=0][cfg2_TOT-none-ss] instance_30_10_4_16 | 10:21:49 ... TIMEOUT  (500s wall)
[delta=0][cfg2_TOT-none-ss] instance_30_10_4_17 | 10:30:09 ... TIMEOUT  (500s wall)
[delta=0][cfg2_TOT-none-ss] instance_30_10_4_18 | 10:38:30 ... TIMEOUT  (500s wall)
[delta=0][cfg2_TOT-none-ss] instance_30_10_4_19 | 10:46:50 ... UNSATISFIABLE  (0s wall)
[delta=0][cfg2_TOT-none-ss] instance_30_10_4_2 | 10:46:50 ... UNSATISFIABLE  (0s wall)
[delta=0][cfg2_TOT-none-ss] instance_30_10_4_20 | 10:46:50 ... UNSATISFIABLE  (0s wall)
[delta=0][cfg2_TOT-none-ss] instance_30_10_4_21 | 10:46:50 ... UNSATISFIABLE  (0s wall)
[delta=0][cfg2_TOT-none-ss] instance_30_10_4_22 | 10:46:50 ... UNSATISFIABLE  (0s wall)
[delta=0][cfg2_TOT-none-ss] instance_30_10_4_23 | 10:46:50 ... TIMEOUT  (500s wall)

[STOP] Delta 0 - Cấu hình cfg2_TOT-none-ss đã vượt giới hạn thời gian (3600 giây).
[delta=0][cfg3_TOT-both-none] instance_30_10_4_1 | 10:55:10 ... TIMEOUT  (500s wall)
[delta=0][cfg3_TOT-both-none] instance_30_10_4_10 | 11:03:30 ... TIMEOUT  (501s wall)
[delta=0][cfg3_TOT-both-none] instance_30_10_4_11 | 11:11:51 ... TIMEOUT  (500s wall)
[delta=0][cfg3_TOT-both-none] instance_30_10_4_12 | 11:20:11 ... TIMEOUT  (500s wall)
[delta=0][cfg3_TOT-both-none] instance_30_10_4_13 | 11:28:31 ... UNSATISFIABLE  (0s wall)
[delta=0][cfg3_TOT-both-none] instance_30_10_4_14 | 11:28:31 ... UNSATISFIABLE  (0s wall)
[delta=0][cfg3_TOT-both-none] instance_30_10_4_15 | 11:28:31 ... UNSATISFIABLE  (0s wall)
[delta=0][cfg3_TOT-both-none] instance_30_10_4_16 | 11:28:31 ... TIMEOUT  (500s wall)
[delta=0][cfg3_TOT-both-none] instance_30_10_4_17 | 11:36:51 ... TIMEOUT  (500s wall)
[delta=0][cfg3_TOT-both-none] instance_30_10_4_18 | 11:45:12 ... TIMEOUT  (500s wall)
[delta=0][cfg3_TOT-both-none] instance_30_10_4_19 | 11:53:32 ... UNSATISFIABLE  (0s wall)
[delta=0][cfg3_TOT-both-none] instance_30_10_4_2 | 11:53:32 ... UNSATISFIABLE  (0s wall)
[delta=0][cfg3_TOT-both-none] instance_30_10_4_20 | 11:53:32 ... UNSATISFIABLE  (0s wall)
[delta=0][cfg3_TOT-both-none] instance_30_10_4_21 | 11:53:32 ... UNSATISFIABLE  (0s wall)
[delta=0][cfg3_TOT-both-none] instance_30_10_4_22 | 11:53:32 ... UNSATISFIABLE  (0s wall)
[delta=0][cfg3_TOT-both-none] instance_30_10_4_23 | 11:53:32 ... TIMEOUT  (500s wall)

[STOP] Delta 0 - Cấu hình cfg3_TOT-both-none đã vượt giới hạn thời gian (3600 giây).
[delta=0][cfg4_TOT-both-ss] instance_30_10_4_1 | 12:01:52 ... TIMEOUT  (500s wall)
[delta=0][cfg4_TOT-both-ss] instance_30_10_4_10 | 12:10:13 ... TIMEOUT  (500s wall)
[delta=0][cfg4_TOT-both-ss] instance_30_10_4_11 | 12:18:33 ... TIMEOUT  (500s wall)
[delta=0][cfg4_TOT-both-ss] instance_30_10_4_12 | 12:26:53 ... TIMEOUT  (500s wall)
[delta=0][cfg4_TOT-both-ss] instance_30_10_4_13 | 12:35:13 ... UNSATISFIABLE  (0s wall)
[delta=0][cfg4_TOT-both-ss] instance_30_10_4_14 | 12:35:13 ... UNSATISFIABLE  (0s wall)
[delta=0][cfg4_TOT-both-ss] instance_30_10_4_15 | 12:35:13 ... UNSATISFIABLE  (0s wall)
[delta=0][cfg4_TOT-both-ss] instance_30_10_4_16 | 12:35:13 ... TIMEOUT  (500s wall)
[delta=0][cfg4_TOT-both-ss] instance_30_10_4_17 | 12:43:33 ... TIMEOUT  (501s wall)
[delta=0][cfg4_TOT-both-ss] instance_30_10_4_18 | 12:51:54 ... TIMEOUT  (500s wall)
[delta=0][cfg4_TOT-both-ss] instance_30_10_4_19 | 13:00:14 ... UNSATISFIABLE  (0s wall)
[delta=0][cfg4_TOT-both-ss] instance_30_10_4_2 | 13:00:14 ... UNSATISFIABLE  (0s wall)
[delta=0][cfg4_TOT-both-ss] instance_30_10_4_20 | 13:00:14 ... UNSATISFIABLE  (0s wall)
[delta=0][cfg4_TOT-both-ss] instance_30_10_4_21 | 13:00:14 ... UNSATISFIABLE  (0s wall)
[delta=0][cfg4_TOT-both-ss] instance_30_10_4_22 | 13:00:14 ... UNSATISFIABLE  (0s wall)
[delta=0][cfg4_TOT-both-ss] instance_30_10_4_23 | 13:00:14 ... TIMEOUT  (500s wall)

[STOP] Delta 0 - Cấu hình cfg4_TOT-both-ss đã vượt giới hạn thời gian (3600 giây).
[delta=0][cfg5_ORIGINAL] instance_30_10_4_1 | 13:08:34 ... TIMEOUT  (501s wall)
[delta=0][cfg5_ORIGINAL] instance_30_10_4_10 | 13:16:55 ... TIMEOUT  (500s wall)
[delta=0][cfg5_ORIGINAL] instance_30_10_4_11 | 13:25:15 ... TIMEOUT  (500s wall)
[delta=0][cfg5_ORIGINAL] instance_30_10_4_12 | 13:33:35 ... TIMEOUT  (500s wall)
[delta=0][cfg5_ORIGINAL] instance_30_10_4_13 | 13:41:55 ... UNSATISFIABLE  (0s wall)
[delta=0][cfg5_ORIGINAL] instance_30_10_4_14 | 13:41:55 ... UNSATISFIABLE  (0s wall)
[delta=0][cfg5_ORIGINAL] instance_30_10_4_15 | 13:41:55 ... UNSATISFIABLE  (0s wall)
[delta=0][cfg5_ORIGINAL] instance_30_10_4_16 | 13:41:55 ... TIMEOUT  (500s wall)
[delta=0][cfg5_ORIGINAL] instance_30_10_4_17 | 13:50:15 ... TIMEOUT  (501s wall)
[delta=0][cfg5_ORIGINAL] instance_30_10_4_18 | 13:58:36 ... TIMEOUT  (500s wall)
[delta=0][cfg5_ORIGINAL] instance_30_10_4_19 | 14:06:56 ... UNSATISFIABLE  (0s wall)
[delta=0][cfg5_ORIGINAL] instance_30_10_4_2 | 14:06:56 ... UNSATISFIABLE  (0s wall)
[delta=0][cfg5_ORIGINAL] instance_30_10_4_20 | 14:06:56 ... UNSATISFIABLE  (0s wall)
[delta=0][cfg5_ORIGINAL] instance_30_10_4_21 | 14:06:56 ... UNSATISFIABLE  (0s wall)
[delta=0][cfg5_ORIGINAL] instance_30_10_4_22 | 14:06:56 ... UNSATISFIABLE  (0s wall)
[delta=0][cfg5_ORIGINAL] instance_30_10_4_23 | 14:06:56 ... TIMEOUT  (500s wall)

[STOP] Delta 0 - Cấu hình cfg5_ORIGINAL đã vượt giới hạn thời gian (3600 giây).
[delta=0][cfg6_SN-none-ss] instance_30_10_4_1 | 14:15:16 ... TIMEOUT  (500s wall)
[delta=0][cfg6_SN-none-ss] instance_30_10_4_10 | 14:23:37 ... TIMEOUT  (500s wall)
[delta=0][cfg6_SN-none-ss] instance_30_10_4_11 | 14:31:57 ... TIMEOUT  (500s wall)
[delta=0][cfg6_SN-none-ss] instance_30_10_4_12 | 14:40:17 ... TIMEOUT  (500s wall)
[delta=0][cfg6_SN-none-ss] instance_30_10_4_13 | 14:48:37 ... UNSATISFIABLE  (0s wall)
[delta=0][cfg6_SN-none-ss] instance_30_10_4_14 | 14:48:37 ... UNSATISFIABLE  (0s wall)
[delta=0][cfg6_SN-none-ss] instance_30_10_4_15 | 14:48:37 ... UNSATISFIABLE  (0s wall)
[delta=0][cfg6_SN-none-ss] instance_30_10_4_16 | 14:48:37 ... TIMEOUT  (500s wall)
[delta=0][cfg6_SN-none-ss] instance_30_10_4_17 | 14:56:57 ... 
=== B2 similarity budget: delta=0 (Thư mục: experiments/results/epsilon_8cfg_evalmaxsat/delta_0) ===
[delta=0][cfg1_TOT-none-none] instance_30_10_4_1 | 12:18:51 ... TIMEOUT  (300s wall)
[delta=0][cfg1_TOT-none-none] instance_30_10_4_10 | 12:23:51 ... TIMEOUT  (300s wall)
[delta=0][cfg1_TOT-none-none] instance_30_10_4_11 | 12:28:51 ... TIMEOUT  (301s wall)
[delta=0][cfg1_TOT-none-none] instance_30_10_4_12 | 12:33:52 ... TIMEOUT  (300s wall)
[delta=0][cfg1_TOT-none-none] instance_30_10_4_13 | 12:38:52 ... UNSATISFIABLE  (0s wall)
[delta=0][cfg1_TOT-none-none] instance_30_10_4_14 | 12:38:52 ... UNSATISFIABLE  (0s wall)
[delta=0][cfg1_TOT-none-none] instance_30_10_4_15 | 12:38:52 ... UNSATISFIABLE  (0s wall)
[delta=0][cfg1_TOT-none-none] instance_30_10_4_16 | 12:38:52 ... TIMEOUT  (300s wall)
[delta=0][cfg1_TOT-none-none] instance_30_10_4_17 | 12:43:52 ... TIMEOUT  (300s wall)
[delta=0][cfg1_TOT-none-none] instance_30_10_4_18 | 12:48:52 ... TIMEOUT  (300s wall)
[delta=0][cfg1_TOT-none-none] instance_30_10_4_19 | 12:53:52 ... UNSATISFIABLE  (1s wall)
[delta=0][cfg1_TOT-none-none] instance_30_10_4_2 | 12:53:53 ... UNSATISFIABLE  (0s wall)
[delta=0][cfg1_TOT-none-none] instance_30_10_4_20 | 12:53:53 ... UNSATISFIABLE  (0s wall)
[delta=0][cfg1_TOT-none-none] instance_30_10_4_21 | 12:53:53 ... UNSATISFIABLE  (0s wall)
[delta=0][cfg1_TOT-none-none] instance_30_10_4_22 | 12:53:53 ... UNSATISFIABLE  (0s wall)
[delta=0][cfg1_TOT-none-none] instance_30_10_4_23 | 12:53:53 ... TIMEOUT  (300s wall)
[delta=0][cfg1_TOT-none-none] instance_30_10_4_24 | 12:58:53 ... TIMEOUT  (300s wall)
[delta=0][cfg1_TOT-none-none] instance_30_10_4_25 | 13:03:53 ... TIMEOUT  (300s wall)
[delta=0][cfg1_TOT-none-none] instance_30_10_4_26 | 13:08:53 ... UNSATISFIABLE  (0s wall)
[delta=0][cfg1_TOT-none-none] instance_30_10_4_27 | 13:08:53 ... TIMEOUT  (301s wall)
[delta=0][cfg1_TOT-none-none] instance_30_10_4_28 | 13:13:54 ... UNSATISFIABLE  (0s wall)
[delta=0][cfg1_TOT-none-none] instance_30_10_4_29 | 13:13:54 ... UNSATISFIABLE  (0s wall)
[delta=0][cfg1_TOT-none-none] instance_30_10_4_3 | 13:13:54 ... UNSATISFIABLE  (0s wall)
[delta=0][cfg1_TOT-none-none] instance_30_10_4_30 | 13:13:54 ... TIMEOUT  (300s wall)
[delta=0][cfg1_TOT-none-none] instance_30_10_4_31 | 13:18:54 ... TIMEOUT  (300s wall)
[delta=0][cfg1_TOT-none-none] instance_30_10_4_32 | 13:23:54 ... TIMEOUT  (300s wall)
[delta=0][cfg1_TOT-none-none] instance_30_10_4_33 | 13:28:54 ... TIMEOUT  (300s wall)
[delta=0][cfg1_TOT-none-none] instance_30_10_4_34 | 13:33:54 ... UNSATISFIABLE  (0s wall)
[delta=0][cfg1_TOT-none-none] instance_30_10_4_35 | 13:33:55 ... UNSATISFIABLE  (0s wall)
[delta=0][cfg1_TOT-none-none] instance_30_10_4_36 | 13:33:55 ... TIMEOUT  (300s wall)
[delta=0][cfg1_TOT-none-none] instance_30_10_4_37 | 13:38:55 ... TIMEOUT  (300s wall)
[delta=0][cfg1_TOT-none-none] instance_30_10_4_38 | 13:43:55 ... UNSATISFIABLE  (0s wall)
[delta=0][cfg1_TOT-none-none] instance_30_10_4_39 | 13:43:55 ... UNSATISFIABLE  (0s wall)
[delta=0][cfg1_TOT-none-none] instance_30_10_4_4 | 13:43:55 ... TIMEOUT  (300s wall)
[delta=0][cfg1_TOT-none-none] instance_30_10_4_40 | 13:48:55 ... UNSATISFIABLE  (0s wall)
[delta=0][cfg1_TOT-none-none] instance_30_10_4_41 | 13:48:55 ... TIMEOUT  (300s wall)
[delta=0][cfg1_TOT-none-none] instance_30_10_4_42 | 13:53:55 ... UNSATISFIABLE  (0s wall)
[delta=0][cfg1_TOT-none-none] instance_30_10_4_43 | 13:53:55 ... TIMEOUT  (301s wall)
[delta=0][cfg1_TOT-none-none] instance_30_10_4_44 | 13:58:56 ... UNSATISFIABLE  (0s wall)
[delta=0][cfg1_TOT-none-none] instance_30_10_4_45 | 13:58:56 ... TIMEOUT  (300s wall)
[delta=0][cfg1_TOT-none-none] instance_30_10_4_46 | 14:03:56 ... UNSATISFIABLE  (0s wall)
[delta=0][cfg1_TOT-none-none] instance_30_10_4_47 | 14:03:56 ... TIMEOUT  (300s wall)
[delta=0][cfg1_TOT-none-none] instance_30_10_4_48 | 14:08:56 ... TIMEOUT  (300s wall)
[delta=0][cfg1_TOT-none-none] instance_30_10_4_49 | 14:13:56 ... UNSATISFIABLE  (0s wall)
[delta=0][cfg1_TOT-none-none] instance_30_10_4_5 | 14:13:56 ... TIMEOUT  (300s wall)

[STOP] Delta 0 - Cấu hình cfg1_TOT-none-none đã vượt giới hạn thời gian (7200 giây).
[delta=0][cfg2_TOT-none-ss] instance_30_10_4_1 | 14:18:57 ... TIMEOUT  (300s wall)
[delta=0][cfg2_TOT-none-ss] instance_30_10_4_10 | 14:23:57 ... TIMEOUT  (300s wall)
[delta=0][cfg2_TOT-none-ss] instance_30_10_4_11 | 14:28:57 ... TIMEOUT  (300s wall)
[delta=0][cfg2_TOT-none-ss] instance_30_10_4_12 | 14:33:57 ... TIMEOUT  (300s wall)
[delta=0][cfg2_TOT-none-ss] instance_30_10_4_13 | 14:38:57 ... UNSATISFIABLE  (0s wall)
[delta=0][cfg2_TOT-none-ss] instance_30_10_4_14 | 14:38:57 ... UNSATISFIABLE  (0s wall)
[delta=0][cfg2_TOT-none-ss] instance_30_10_4_15 | 14:38:57 ... UNSATISFIABLE  (0s wall)
[delta=0][cfg2_TOT-none-ss] instance_30_10_4_16 | 14:38:57 ... TIMEOUT  (300s wall)
[delta=0][cfg2_TOT-none-ss] instance_30_10_4_17 | 14:43:58 ... TIMEOUT  (300s wall)
[delta=0][cfg2_TOT-none-ss] instance_30_10_4_18 | 14:48:58 ... TIMEOUT  (300s wall)
[delta=0][cfg2_TOT-none-ss] instance_30_10_4_19 | 14:53:58 ... UNSATISFIABLE  (0s wall)
[delta=0][cfg2_TOT-none-ss] instance_30_10_4_2 | 14:53:58 ... UNSATISFIABLE  (0s wall)
[delta=0][cfg2_TOT-none-ss] instance_30_10_4_20 | 14:53:58 ... UNSATISFIABLE  (0s wall)
[delta=0][cfg2_TOT-none-ss] instance_30_10_4_21 | 14:53:58 ... UNSATISFIABLE  (0s wall)
[delta=0][cfg2_TOT-none-ss] instance_30_10_4_22 | 14:53:58 ... UNSATISFIABLE  (0s wall)
[delta=0][cfg2_TOT-none-ss] instance_30_10_4_23 | 14:53:58 ... TIMEOUT  (300s wall)
[delta=0][cfg2_TOT-none-ss] instance_30_10_4_24 | 14:58:58 ... TIMEOUT  (301s wall)
[delta=0][cfg2_TOT-none-ss] instance_30_10_4_25 | 15:03:59 ... TIMEOUT  (300s wall)
[delta=0][cfg2_TOT-none-ss] instance_30_10_4_26 | 15:08:59 ... UNSATISFIABLE  (0s wall)
[delta=0][cfg2_TOT-none-ss] instance_30_10_4_27 | 15:08:59 ... TIMEOUT  (300s wall)
[delta=0][cfg2_TOT-none-ss] instance_30_10_4_28 | 15:13:59 ... UNSATISFIABLE  (0s wall)
[delta=0][cfg2_TOT-none-ss] instance_30_10_4_29 | 15:13:59 ... UNSATISFIABLE  (0s wall)
[delta=0][cfg2_TOT-none-ss] instance_30_10_4_3 | 15:13:59 ... UNSATISFIABLE  (0s wall)
[delta=0][cfg2_TOT-none-ss] instance_30_10_4_30 | 15:13:59 ... TIMEOUT  (300s wall)
[delta=0][cfg2_TOT-none-ss] instance_30_10_4_31 | 15:18:59 ... TIMEOUT  (300s wall)
[delta=0][cfg2_TOT-none-ss] instance_30_10_4_32 | 15:23:59 ... TIMEOUT  (301s wall)
[delta=0][cfg2_TOT-none-ss] instance_30_10_4_33 | 15:29:00 ... TIMEOUT  (300s wall)
[delta=0][cfg2_TOT-none-ss] instance_30_10_4_34 | 15:34:00 ... UNSATISFIABLE  (0s wall)
[delta=0][cfg2_TOT-none-ss] instance_30_10_4_35 | 15:34:00 ... UNSATISFIABLE  (0s wall)
[delta=0][cfg2_TOT-none-ss] instance_30_10_4_36 | 15:34:00 ... TIMEOUT  (300s wall)
[delta=0][cfg2_TOT-none-ss] instance_30_10_4_37 | 15:39:00 ... TIMEOUT  (300s wall)
[delta=0][cfg2_TOT-none-ss] instance_30_10_4_38 | 15:44:00 ... UNSATISFIABLE  (0s wall)
[delta=0][cfg2_TOT-none-ss] instance_30_10_4_39 | 15:44:00 ... UNSATISFIABLE  (0s wall)
[delta=0][cfg2_TOT-none-ss] instance_30_10_4_4 | 15:44:00 ... TIMEOUT  (301s wall)
[delta=0][cfg2_TOT-none-ss] instance_30_10_4_40 | 15:49:01 ... UNSATISFIABLE  (0s wall)
[delta=0][cfg2_TOT-none-ss] instance_30_10_4_41 | 15:49:01 ... TIMEOUT  (300s wall)
[delta=0][cfg2_TOT-none-ss] instance_30_10_4_42 | 15:54:01 ... UNSATISFIABLE  (0s wall)
[delta=0][cfg2_TOT-none-ss] instance_30_10_4_43 | 15:54:01 ... TIMEOUT  (300s wall)
[delta=0][cfg2_TOT-none-ss] instance_30_10_4_44 | 15:59:01 ... UNSATISFIABLE  (0s wall)
[delta=0][cfg2_TOT-none-ss] instance_30_10_4_45 | 15:59:01 ... TIMEOUT  (300s wall)
[delta=0][cfg2_TOT-none-ss] instance_30_10_4_46 | 16:04:01 ... UNSATISFIABLE  (0s wall)
[delta=0][cfg2_TOT-none-ss] instance_30_10_4_47 | 16:04:01 ... TIMEOUT  (300s wall)
[delta=0][cfg2_TOT-none-ss] instance_30_10_4_48 | 16:09:01 ... TIMEOUT  (301s wall)
[delta=0][cfg2_TOT-none-ss] instance_30_10_4_49 | 16:14:02 ... UNSATISFIABLE  (0s wall)
[delta=0][cfg2_TOT-none-ss] instance_30_10_4_5 | 16:14:02 ... TIMEOUT  (300s wall)

[STOP] Delta 0 - Cấu hình cfg2_TOT-none-ss đã vượt giới hạn thời gian (7200 giây).
[delta=0][cfg3_TOT-both-none] instance_30_10_4_1 | 16:19:02 ... TIMEOUT  (300s wall)
[delta=0][cfg3_TOT-both-none] instance_30_10_4_10 | 16:24:02 ... TIMEOUT  (300s wall)
[delta=0][cfg3_TOT-both-none] instance_30_10_4_11 | 16:29:02 ... TIMEOUT  (300s wall)
[delta=0][cfg3_TOT-both-none] instance_30_10_4_12 | 16:34:02 ... TIMEOUT  (301s wall)
[delta=0][cfg3_TOT-both-none] instance_30_10_4_13 | 16:39:03 ... UNSATISFIABLE  (0s wall)
[delta=0][cfg3_TOT-both-none] instance_30_10_4_14 | 16:39:03 ... UNSATISFIABLE  (0s wall)
[delta=0][cfg3_TOT-both-none] instance_30_10_4_15 | 16:39:03 ... UNSATISFIABLE  (0s wall)
[delta=0][cfg3_TOT-both-none] instance_30_10_4_16 | 16:39:03 ... TIMEOUT  (300s wall)
[delta=0][cfg3_TOT-both-none] instance_30_10_4_17 | 16:44:03 ... TIMEOUT  (300s wall)
[delta=0][cfg3_TOT-both-none] instance_30_10_4_18 | 16:49:03 ... TIMEOUT  (300s wall)
[delta=0][cfg3_TOT-both-none] instance_30_10_4_19 | 16:54:03 ... UNSATISFIABLE  (0s wall)
[delta=0][cfg3_TOT-both-none] instance_30_10_4_2 | 16:54:03 ... UNSATISFIABLE  (0s wall)
[delta=0][cfg3_TOT-both-none] instance_30_10_4_20 | 16:54:03 ... UNSATISFIABLE  (0s wall)
[delta=0][cfg3_TOT-both-none] instance_30_10_4_21 | 16:54:03 ... UNSATISFIABLE  (1s wall)
[delta=0][cfg3_TOT-both-none] instance_30_10_4_22 | 16:54:04 ... UNSATISFIABLE  (0s wall)
[delta=0][cfg3_TOT-both-none] instance_30_10_4_23 | 16:54:04 ... TIMEOUT  (300s wall)
[delta=0][cfg3_TOT-both-none] instance_30_10_4_24 | 16:59:04 ... TIMEOUT  (300s wall)
[delta=0][cfg3_TOT-both-none] instance_30_10_4_25 | 17:04:04 ... TIMEOUT  (300s wall)
[delta=0][cfg3_TOT-both-none] instance_30_10_4_26 | 17:09:04 ... UNSATISFIABLE  (0s wall)
[delta=0][cfg3_TOT-both-none] instance_30_10_4_27 | 17:09:04 ... TIMEOUT  (300s wall)
[delta=0][cfg3_TOT-both-none] instance_30_10_4_28 | 17:14:04 ... UNSATISFIABLE  (0s wall)
[delta=0][cfg3_TOT-both-none] instance_30_10_4_29 | 17:14:04 ... UNSATISFIABLE  (1s wall)
[delta=0][cfg3_TOT-both-none] instance_30_10_4_3 | 17:14:05 ... UNSATISFIABLE  (0s wall)
[delta=0][cfg3_TOT-both-none] instance_30_10_4_30 | 17:14:05 ... TIMEOUT  (300s wall)
[delta=0][cfg3_TOT-both-none] instance_30_10_4_31 | 17:19:05 ... TIMEOUT  (300s wall)
[delta=0][cfg3_TOT-both-none] instance_30_10_4_32 | 17:24:05 ... TIMEOUT  (300s wall)
[delta=0][cfg3_TOT-both-none] instance_30_10_4_33 | 17:29:05 ... TIMEOUT  (300s wall)
[delta=0][cfg3_TOT-both-none] instance_30_10_4_34 | 17:34:05 ... UNSATISFIABLE  (0s wall)
[delta=0][cfg3_TOT-both-none] instance_30_10_4_35 | 17:34:05 ... UNSATISFIABLE  (0s wall)
[delta=0][cfg3_TOT-both-none] instance_30_10_4_36 | 17:34:05 ... TIMEOUT  (301s wall)
[delta=0][cfg3_TOT-both-none] instance_30_10_4_37 | 17:39:06 ... TIMEOUT  (300s wall)
[delta=0][cfg3_TOT-both-none] instance_30_10_4_38 | 17:44:06 ... UNSATISFIABLE  (0s wall)
[delta=0][cfg3_TOT-both-none] instance_30_10_4_39 | 17:44:06 ... UNSATISFIABLE  (0s wall)
[delta=0][cfg3_TOT-both-none] instance_30_10_4_4 | 17:44:06 ... TIMEOUT  (300s wall)
[delta=0][cfg3_TOT-both-none] instance_30_10_4_40 | 17:49:06 ... UNSATISFIABLE  (0s wall)
[delta=0][cfg3_TOT-both-none] instance_30_10_4_41 | 17:49:06 ... TIMEOUT  (300s wall)
[delta=0][cfg3_TOT-both-none] instance_30_10_4_42 | 17:54:06 ... UNSATISFIABLE  (0s wall)
[delta=0][cfg3_TOT-both-none] instance_30_10_4_43 | 17:54:06 ... TIMEOUT  (301s wall)
[delta=0][cfg3_TOT-both-none] instance_30_10_4_44 | 17:59:07 ... UNSATISFIABLE  (0s wall)
[delta=0][cfg3_TOT-both-none] instance_30_10_4_45 | 17:59:07 ... TIMEOUT  (300s wall)
[delta=0][cfg3_TOT-both-none] instance_30_10_4_46 | 18:04:07 ... UNSATISFIABLE  (0s wall)
[delta=0][cfg3_TOT-both-none] instance_30_10_4_47 | 18:04:07 ... TIMEOUT  (300s wall)
[delta=0][cfg3_TOT-both-none] instance_30_10_4_48 | 18:09:07 ... TIMEOUT  (300s wall)
[delta=0][cfg3_TOT-both-none] instance_30_10_4_49 | 18:14:07 ... UNSATISFIABLE  (0s wall)
[delta=0][cfg3_TOT-both-none] instance_30_10_4_5 | 18:14:07 ... TIMEOUT  (300s wall)

[STOP] Delta 0 - Cấu hình cfg3_TOT-both-none đã vượt giới hạn thời gian (7200 giây).
[delta=0][cfg4_TOT-both-ss] instance_30_10_4_1 | 18:19:08 ... TIMEOUT  (300s wall)
[delta=0][cfg4_TOT-both-ss] instance_30_10_4_10 | 18:24:08 ... TIMEOUT  (300s wall)
[delta=0][cfg4_TOT-both-ss] instance_30_10_4_11 | 18:29:08 ... TIMEOUT  (300s wall)
[delta=0][cfg4_TOT-both-ss] instance_30_10_4_12 | 18:34:08 ... TIMEOUT  (300s wall)
[delta=0][cfg4_TOT-both-ss] instance_30_10_4_13 | 18:39:08 ... UNSATISFIABLE  (0s wall)
[delta=0][cfg4_TOT-both-ss] instance_30_10_4_14 | 18:39:08 ... UNSATISFIABLE  (0s wall)
[delta=0][cfg4_TOT-both-ss] instance_30_10_4_15 | 18:39:08 ... UNSATISFIABLE  (0s wall)
[delta=0][cfg4_TOT-both-ss] instance_30_10_4_16 | 18:39:08 ... TIMEOUT  (301s wall)
[delta=0][cfg4_TOT-both-ss] instance_30_10_4_17 | 18:44:09 ... TIMEOUT  (300s wall)
[delta=0][cfg4_TOT-both-ss] instance_30_10_4_18 | 18:49:09 ... TIMEOUT  (300s wall)
[delta=0][cfg4_TOT-both-ss] instance_30_10_4_19 | 18:54:09 ... UNSATISFIABLE  (0s wall)
[delta=0][cfg4_TOT-both-ss] instance_30_10_4_2 | 18:54:09 ... UNSATISFIABLE  (0s wall)
[delta=0][cfg4_TOT-both-ss] instance_30_10_4_20 | 18:54:09 ... UNSATISFIABLE  (0s wall)
[delta=0][cfg4_TOT-both-ss] instance_30_10_4_21 | 18:54:09 ... UNSATISFIABLE  (0s wall)
[delta=0][cfg4_TOT-both-ss] instance_30_10_4_22 | 18:54:09 ... UNSATISFIABLE  (0s wall)
[delta=0][cfg4_TOT-both-ss] instance_30_10_4_23 | 18:54:09 ... TIMEOUT  (300s wall)
[delta=0][cfg4_TOT-both-ss] instance_30_10_4_24 | 18:59:09 ... TIMEOUT  (301s wall)
[delta=0][cfg4_TOT-both-ss] instance_30_10_4_25 | 19:04:10 ... TIMEOUT  (300s wall)
[delta=0][cfg4_TOT-both-ss] instance_30_10_4_26 | 19:09:10 ... UNSATISFIABLE  (0s wall)
[delta=0][cfg4_TOT-both-ss] instance_30_10_4_27 | 19:09:10 ... TIMEOUT  (300s wall)
[delta=0][cfg4_TOT-both-ss] instance_30_10_4_28 | 19:14:10 ... UNSATISFIABLE  (0s wall)
[delta=0][cfg4_TOT-both-ss] instance_30_10_4_29 | 19:14:10 ... UNSATISFIABLE  (0s wall)
[delta=0][cfg4_TOT-both-ss] instance_30_10_4_3 | 19:14:10 ... UNSATISFIABLE  (0s wall)
[delta=0][cfg4_TOT-both-ss] instance_30_10_4_30 | 19:14:10 ... TIMEOUT  (300s wall)
[delta=0][cfg4_TOT-both-ss] instance_30_10_4_31 | 19:19:10 ... TIMEOUT  (301s wall)
[delta=0][cfg4_TOT-both-ss] instance_30_10_4_32 | 19:24:11 ... TIMEOUT  (300s wall)
[delta=0][cfg4_TOT-both-ss] instance_30_10_4_33 | 19:29:11 ... TIMEOUT  (300s wall)
[delta=0][cfg4_TOT-both-ss] instance_30_10_4_34 | 19:34:11 ... UNSATISFIABLE  (0s wall)
[delta=0][cfg4_TOT-both-ss] instance_30_10_4_35 | 19:34:11 ... UNSATISFIABLE  (0s wall)
[delta=0][cfg4_TOT-both-ss] instance_30_10_4_36 | 19:34:11 ... TIMEOUT  (300s wall)
[delta=0][cfg4_TOT-both-ss] instance_30_10_4_37 | 19:39:11 ... TIMEOUT  (300s wall)
[delta=0][cfg4_TOT-both-ss] instance_30_10_4_38 | 19:44:11 ... UNSATISFIABLE  (1s wall)
[delta=0][cfg4_TOT-both-ss] instance_30_10_4_39 | 19:44:12 ... UNSATISFIABLE  (0s wall)
[delta=0][cfg4_TOT-both-ss] instance_30_10_4_4 | 19:44:12 ... TIMEOUT  (300s wall)
[delta=0][cfg4_TOT-both-ss] instance_30_10_4_40 | 19:49:12 ... UNSATISFIABLE  (0s wall)
[delta=0][cfg4_TOT-both-ss] instance_30_10_4_41 | 19:49:12 ... TIMEOUT  (300s wall)
[delta=0][cfg4_TOT-both-ss] instance_30_10_4_42 | 19:54:12 ... UNSATISFIABLE  (0s wall)
[delta=0][cfg4_TOT-both-ss] instance_30_10_4_43 | 19:54:12 ... TIMEOUT  (300s wall)
[delta=0][cfg4_TOT-both-ss] instance_30_10_4_44 | 19:59:12 ... UNSATISFIABLE  (0s wall)
[delta=0][cfg4_TOT-both-ss] instance_30_10_4_45 | 19:59:12 ... TIMEOUT  (301s wall)
[delta=0][cfg4_TOT-both-ss] instance_30_10_4_46 | 20:04:13 ... UNSATISFIABLE  (0s wall)
[delta=0][cfg4_TOT-both-ss] instance_30_10_4_47 | 20:04:13 ... TIMEOUT  (300s wall)
[delta=0][cfg4_TOT-both-ss] instance_30_10_4_48 | 20:09:13 ... TIMEOUT  (300s wall)
[delta=0][cfg4_TOT-both-ss] instance_30_10_4_49 | 20:14:13 ... UNSATISFIABLE  (0s wall)
[delta=0][cfg4_TOT-both-ss] instance_30_10_4_5 | 20:14:13 ... TIMEOUT  (300s wall)

[STOP] Delta 0 - Cấu hình cfg4_TOT-both-ss đã vượt giới hạn thời gian (7200 giây).
[delta=0][cfg5_ORIGINAL] instance_30_10_4_1 | 20:19:13 ... TIMEOUT  (300s wall)
[delta=0][cfg5_ORIGINAL] instance_30_10_4_10 | 20:24:13 ... TIMEOUT  (300s wall)
[delta=0][cfg5_ORIGINAL] instance_30_10_4_11 | 20:29:14 ... TIMEOUT  (300s wall)
[delta=0][cfg5_ORIGINAL] instance_30_10_4_12 | 20:34:14 ... TIMEOUT  (300s wall)
[delta=0][cfg5_ORIGINAL] instance_30_10_4_13 | 20:39:14 ... UNSATISFIABLE  (0s wall)
[delta=0][cfg5_ORIGINAL] instance_30_10_4_14 | 20:39:14 ... UNSATISFIABLE  (0s wall)
[delta=0][cfg5_ORIGINAL] instance_30_10_4_15 | 20:39:14 ... UNSATISFIABLE  (0s wall)
[delta=0][cfg5_ORIGINAL] instance_30_10_4_16 | 20:39:14 ... TIMEOUT  (300s wall)
[delta=0][cfg5_ORIGINAL] instance_30_10_4_17 | 20:44:14 ... TIMEOUT  (300s wall)
[delta=0][cfg5_ORIGINAL] instance_30_10_4_18 | 20:49:14 ... TIMEOUT  (300s wall)
[delta=0][cfg5_ORIGINAL] instance_30_10_4_19 | 20:54:15 ... UNSATISFIABLE  (0s wall)
[delta=0][cfg5_ORIGINAL] instance_30_10_4_2 | 20:54:15 ... UNSATISFIABLE  (0s wall)
[delta=0][cfg5_ORIGINAL] instance_30_10_4_20 | 20:54:15 ... UNSATISFIABLE  (0s wall)
[delta=0][cfg5_ORIGINAL] instance_30_10_4_21 | 20:54:15 ... UNSATISFIABLE  (0s wall)
[delta=0][cfg5_ORIGINAL] instance_30_10_4_22 | 20:54:15 ... UNSATISFIABLE  (0s wall)
[delta=0][cfg5_ORIGINAL] instance_30_10_4_23 | 20:54:15 ... TIMEOUT  (300s wall)
[delta=0][cfg5_ORIGINAL] instance_30_10_4_24 | 20:59:15 ... TIMEOUT  (300s wall)
[delta=0][cfg5_ORIGINAL] instance_30_10_4_25 | 21:04:15 ... TIMEOUT  (300s wall)
[delta=0][cfg5_ORIGINAL] instance_30_10_4_26 | 21:09:15 ... UNSATISFIABLE  (0s wall)
[delta=0][cfg5_ORIGINAL] instance_30_10_4_27 | 21:09:15 ... TIMEOUT  (301s wall)
[delta=0][cfg5_ORIGINAL] instance_30_10_4_28 | 21:14:16 ... UNSATISFIABLE  (0s wall)
[delta=0][cfg5_ORIGINAL] instance_30_10_4_29 | 21:14:16 ... UNSATISFIABLE  (0s wall)
[delta=0][cfg5_ORIGINAL] instance_30_10_4_3 | 21:14:16 ... UNSATISFIABLE  (0s wall)
[delta=0][cfg5_ORIGINAL] instance_30_10_4_30 | 21:14:16 ... TIMEOUT  (300s wall)
[delta=0][cfg5_ORIGINAL] instance_30_10_4_31 | 21:19:16 ... TIMEOUT  (300s wall)
[delta=0][cfg5_ORIGINAL] instance_30_10_4_32 | 21:24:16 ... TIMEOUT  (300s wall)
[delta=0][cfg5_ORIGINAL] instance_30_10_4_33 | 21:29:16 ... TIMEOUT  (300s wall)
[delta=0][cfg5_ORIGINAL] instance_30_10_4_34 | 21:34:16 ... UNSATISFIABLE  (1s wall)
[delta=0][cfg5_ORIGINAL] instance_30_10_4_35 | 21:34:17 ... UNSATISFIABLE  (0s wall)
[delta=0][cfg5_ORIGINAL] instance_30_10_4_36 | 21:34:17 ... TIMEOUT  (300s wall)
[delta=0][cfg5_ORIGINAL] instance_30_10_4_37 | 21:39:17 ... TIMEOUT  (300s wall)
[delta=0][cfg5_ORIGINAL] instance_30_10_4_38 | 21:44:17 ... UNSATISFIABLE  (0s wall)
[delta=0][cfg5_ORIGINAL] instance_30_10_4_39 | 21:44:17 ... UNSATISFIABLE  (0s wall)
[delta=0][cfg5_ORIGINAL] instance_30_10_4_4 | 21:44:17 ... TIMEOUT  (300s wall)
[delta=0][cfg5_ORIGINAL] instance_30_10_4_40 | 21:49:17 ... UNSATISFIABLE  (0s wall)
[delta=0][cfg5_ORIGINAL] instance_30_10_4_41 | 21:49:17 ... TIMEOUT  (300s wall)
[delta=0][cfg5_ORIGINAL] instance_30_10_4_42 | 21:54:17 ... UNSATISFIABLE  (1s wall)
[delta=0][cfg5_ORIGINAL] instance_30_10_4_43 | 21:54:18 ... TIMEOUT  (300s wall)
[delta=0][cfg5_ORIGINAL] instance_30_10_4_44 | 21:59:18 ... UNSATISFIABLE  (0s wall)
[delta=0][cfg5_ORIGINAL] instance_30_10_4_45 | 21:59:18 ... TIMEOUT  (300s wall)
[delta=0][cfg5_ORIGINAL] instance_30_10_4_46 | 22:04:18 ... UNSATISFIABLE  (0s wall)
[delta=0][cfg5_ORIGINAL] instance_30_10_4_47 | 22:04:18 ... TIMEOUT  (300s wall)
[delta=0][cfg5_ORIGINAL] instance_30_10_4_48 | 22:09:18 ... TIMEOUT  (300s wall)
[delta=0][cfg5_ORIGINAL] instance_30_10_4_49 | 22:14:18 ... UNSATISFIABLE  (0s wall)
[delta=0][cfg5_ORIGINAL] instance_30_10_4_5 | 22:14:18 ... TIMEOUT  (301s wall)

[STOP] Delta 0 - Cấu hình cfg5_ORIGINAL đã vượt giới hạn thời gian (7200 giây).
[delta=0][cfg6_SN-none-ss] instance_30_10_4_1 | 22:19:19 ... TIMEOUT  (300s wall)
[delta=0][cfg6_SN-none-ss] instance_30_10_4_10 | 22:24:19 ... TIMEOUT  (300s wall)
[delta=0][cfg6_SN-none-ss] instance_30_10_4_11 | 22:29:19 ... TIMEOUT  (300s wall)
[delta=0][cfg6_SN-none-ss] instance_30_10_4_12 | 22:34:19 ... TIMEOUT  (300s wall)
[delta=0][cfg6_SN-none-ss] instance_30_10_4_13 | 22:39:19 ... UNSATISFIABLE  (0s wall)
[delta=0][cfg6_SN-none-ss] instance_30_10_4_14 | 22:39:19 ... UNSATISFIABLE  (0s wall)
[delta=0][cfg6_SN-none-ss] instance_30_10_4_15 | 22:39:19 ... UNSATISFIABLE  (0s wall)
[delta=0][cfg6_SN-none-ss] instance_30_10_4_16 | 22:39:19 ... TIMEOUT  (301s wall)
[delta=0][cfg6_SN-none-ss] instance_30_10_4_17 | 22:44:20 ... TIMEOUT  (300s wall)
[delta=0][cfg6_SN-none-ss] instance_30_10_4_18 | 22:49:20 ... TIMEOUT  (300s wall)
[delta=0][cfg6_SN-none-ss] instance_30_10_4_19 | 22:54:20 ... UNSATISFIABLE  (0s wall)
[delta=0][cfg6_SN-none-ss] instance_30_10_4_2 | 22:54:20 ... UNSATISFIABLE  (0s wall)
[delta=0][cfg6_SN-none-ss] instance_30_10_4_20 | 22:54:20 ... UNSATISFIABLE  (0s wall)
[delta=0][cfg6_SN-none-ss] instance_30_10_4_21 | 22:54:20 ... UNSATISFIABLE  (0s wall)
[delta=0][cfg6_SN-none-ss] instance_30_10_4_22 | 22:54:20 ... UNSATISFIABLE  (0s wall)
[delta=0][cfg6_SN-none-ss] instance_30_10_4_23 | 22:54:20 ... TIMEOUT  (300s wall)
[delta=0][cfg6_SN-none-ss] instance_30_10_4_24 | 22:59:20 ... TIMEOUT  (301s wall)
[delta=0][cfg6_SN-none-ss] instance_30_10_4_25 | 23:04:21 ... TIMEOUT  (300s wall)
[delta=0][cfg6_SN-none-ss] instance_30_10_4_26 | 23:09:21 ... UNSATISFIABLE  (0s wall)
[delta=0][cfg6_SN-none-ss] instance_30_10_4_27 | 23:09:21 ... TIMEOUT  (300s wall)
[delta=0][cfg6_SN-none-ss] instance_30_10_4_28 | 23:14:21 ... UNSATISFIABLE  (0s wall)
[delta=0][cfg6_SN-none-ss] instance_30_10_4_29 | 23:14:21 ... UNSATISFIABLE  (0s wall)
[delta=0][cfg6_SN-none-ss] instance_30_10_4_3 | 23:14:21 ... UNSATISFIABLE  (0s wall)
[delta=0][cfg6_SN-none-ss] instance_30_10_4_30 | 23:14:21 ... TIMEOUT  (300s wall)
[delta=0][cfg6_SN-none-ss] instance_30_10_4_31 | 23:19:21 ... TIMEOUT  (301s wall)
[delta=0][cfg6_SN-none-ss] instance_30_10_4_32 | 23:24:22 ... TIMEOUT  (300s wall)
[delta=0][cfg6_SN-none-ss] instance_30_10_4_33 | 23:29:22 ... TIMEOUT  (300s wall)
[delta=0][cfg6_SN-none-ss] instance_30_10_4_34 | 23:34:22 ... UNSATISFIABLE  (0s wall)
[delta=0][cfg6_SN-none-ss] instance_30_10_4_35 | 23:34:22 ... UNSATISFIABLE  (0s wall)
[delta=0][cfg6_SN-none-ss] instance_30_10_4_36 | 23:34:22 ... TIMEOUT  (300s wall)
[delta=0][cfg6_SN-none-ss] instance_30_10_4_37 | 23:39:22 ... TIMEOUT  (300s wall)
[delta=0][cfg6_SN-none-ss] instance_30_10_4_38 | 23:44:22 ... UNSATISFIABLE  (0s wall)
[delta=0][cfg6_SN-none-ss] instance_30_10_4_39 | 23:44:22 ... UNSATISFIABLE  (0s wall)
[delta=0][cfg6_SN-none-ss] instance_30_10_4_4 | 23:44:23 ... TIMEOUT  (300s wall)
[delta=0][cfg6_SN-none-ss] instance_30_10_4_40 | 23:49:23 ... UNSATISFIABLE  (0s wall)
[delta=0][cfg6_SN-none-ss] instance_30_10_4_41 | 23:49:23 ... TIMEOUT  (300s wall)
[delta=0][cfg6_SN-none-ss] instance_30_10_4_42 | 23:54:23 ... UNSATISFIABLE  (0s wall)
[delta=0][cfg6_SN-none-ss] instance_30_10_4_43 | 23:54:23 ... TIMEOUT  (300s wall)
[delta=0][cfg6_SN-none-ss] instance_30_10_4_44 | 23:59:23 ... UNSATISFIABLE  (0s wall)
[delta=0][cfg6_SN-none-ss] instance_30_10_4_45 | 23:59:23 ... TIMEOUT  (300s wall)
[delta=0][cfg6_SN-none-ss] instance_30_10_4_46 | 00:04:23 ... UNSATISFIABLE  (0s wall)
[delta=0][cfg6_SN-none-ss] instance_30_10_4_47 | 00:04:23 ... TIMEOUT  (301s wall)
[delta=0][cfg6_SN-none-ss] instance_30_10_4_48 | 00:09:24 ... TIMEOUT  (300s wall)
[delta=0][cfg6_SN-none-ss] instance_30_10_4_49 | 00:14:24 ... UNSATISFIABLE  (0s wall)
[delta=0][cfg6_SN-none-ss] instance_30_10_4_5 | 00:14:24 ... TIMEOUT  (300s wall)

[STOP] Delta 0 - Cấu hình cfg6_SN-none-ss đã vượt giới hạn thời gian (7200 giây).
[delta=0][cfg7_SN-both-none] instance_30_10_4_1 | 00:19:24 ... TIMEOUT  (300s wall)
[delta=0][cfg7_SN-both-none] instance_30_10_4_10 | 00:24:24 ... TIMEOUT  (300s wall)
[delta=0][cfg7_SN-both-none] instance_30_10_4_11 | 00:29:24 ... TIMEOUT  (300s wall)
[delta=0][cfg7_SN-both-none] instance_30_10_4_12 | 00:34:25 ... TIMEOUT  (300s wall)
[delta=0][cfg7_SN-both-none] instance_30_10_4_13 | 00:39:25 ... UNSATISFIABLE  (0s wall)
[delta=0][cfg7_SN-both-none] instance_30_10_4_14 | 00:39:25 ... UNSATISFIABLE  (0s wall)
[delta=0][cfg7_SN-both-none] instance_30_10_4_15 | 00:39:25 ... UNSATISFIABLE  (0s wall)
[delta=0][cfg7_SN-both-none] instance_30_10_4_16 | 00:39:25 ... TIMEOUT  (300s wall)
[delta=0][cfg7_SN-both-none] instance_30_10_4_17 | 00:44:25 ... TIMEOUT  (300s wall)
[delta=0][cfg7_SN-both-none] instance_30_10_4_18 | 00:49:25 ... TIMEOUT  (300s wall)
[delta=0][cfg7_SN-both-none] instance_30_10_4_19 | 00:54:25 ... UNSATISFIABLE  (0s wall)
[delta=0][cfg7_SN-both-none] instance_30_10_4_2 | 00:54:26 ... UNSATISFIABLE  (0s wall)
[delta=0][cfg7_SN-both-none] instance_30_10_4_20 | 00:54:26 ... UNSATISFIABLE  (0s wall)
[delta=0][cfg7_SN-both-none] instance_30_10_4_21 | 00:54:26 ... UNSATISFIABLE  (0s wall)
[delta=0][cfg7_SN-both-none] instance_30_10_4_22 | 00:54:26 ... UNSATISFIABLE  (0s wall)
[delta=0][cfg7_SN-both-none] instance_30_10_4_23 | 00:54:26 ... TIMEOUT  (300s wall)
[delta=0][cfg7_SN-both-none] instance_30_10_4_24 | 00:59:26 ... TIMEOUT  (300s wall)
[delta=0][cfg7_SN-both-none] instance_30_10_4_25 | 01:04:26 ... TIMEOUT  (300s wall)
[delta=0][cfg7_SN-both-none] instance_30_10_4_26 | 01:09:26 ... UNSATISFIABLE  (1s wall)
[delta=0][cfg7_SN-both-none] instance_30_10_4_27 | 01:09:27 ... TIMEOUT  (300s wall)
[delta=0][cfg7_SN-both-none] instance_30_10_4_28 | 01:14:27 ... UNSATISFIABLE  (0s wall)
[delta=0][cfg7_SN-both-none] instance_30_10_4_29 | 01:14:27 ... UNSATISFIABLE  (0s wall)
[delta=0][cfg7_SN-both-none] instance_30_10_4_3 | 01:14:27 ... UNSATISFIABLE  (0s wall)
[delta=0][cfg7_SN-both-none] instance_30_10_4_30 | 01:14:27 ... TIMEOUT  (300s wall)
[delta=0][cfg7_SN-both-none] instance_30_10_4_31 | 01:19:27 ... TIMEOUT  (300s wall)
[delta=0][cfg7_SN-both-none] instance_30_10_4_32 | 01:24:27 ... TIMEOUT  (301s wall)
[delta=0][cfg7_SN-both-none] instance_30_10_4_33 | 01:29:28 ... TIMEOUT  (300s wall)
[delta=0][cfg7_SN-both-none] instance_30_10_4_34 | 01:34:28 ... UNSATISFIABLE  (0s wall)
[delta=0][cfg7_SN-both-none] instance_30_10_4_35 | 01:34:28 ... UNSATISFIABLE  (0s wall)
[delta=0][cfg7_SN-both-none] instance_30_10_4_36 | 01:34:28 ... TIMEOUT  (300s wall)
[delta=0][cfg7_SN-both-none] instance_30_10_4_37 | 01:39:28 ... TIMEOUT  (300s wall)
[delta=0][cfg7_SN-both-none] instance_30_10_4_38 | 01:44:28 ... UNSATISFIABLE  (0s wall)
[delta=0][cfg7_SN-both-none] instance_30_10_4_39 | 01:44:28 ... UNSATISFIABLE  (0s wall)
[delta=0][cfg7_SN-both-none] instance_30_10_4_4 | 01:44:28 ... TIMEOUT  (301s wall)
[delta=0][cfg7_SN-both-none] instance_30_10_4_40 | 01:49:29 ... UNSATISFIABLE  (0s wall)
[delta=0][cfg7_SN-both-none] instance_30_10_4_41 | 01:49:29 ... TIMEOUT  (300s wall)
[delta=0][cfg7_SN-both-none] instance_30_10_4_42 | 01:54:29 ... UNSATISFIABLE  (0s wall)
[delta=0][cfg7_SN-both-none] instance_30_10_4_43 | 01:54:29 ... TIMEOUT  (300s wall)
[delta=0][cfg7_SN-both-none] instance_30_10_4_44 | 01:59:29 ... UNSATISFIABLE  (0s wall)
[delta=0][cfg7_SN-both-none] instance_30_10_4_45 | 01:59:29 ... TIMEOUT  (300s wall)
[delta=0][cfg7_SN-both-none] instance_30_10_4_46 | 02:04:30 ... UNSATISFIABLE  (0s wall)
[delta=0][cfg7_SN-both-none] instance_30_10_4_47 | 02:04:30 ... TIMEOUT  (300s wall)
[delta=0][cfg7_SN-both-none] instance_30_10_4_48 | 02:09:30 ... TIMEOUT  (300s wall)
[delta=0][cfg7_SN-both-none] instance_30_10_4_49 | 02:14:30 ... UNSATISFIABLE  (0s wall)
[delta=0][cfg7_SN-both-none] instance_30_10_4_5 | 02:14:30 ... TIMEOUT  (300s wall)

[STOP] Delta 0 - Cấu hình cfg7_SN-both-none đã vượt giới hạn thời gian (7200 giây).
[delta=0][cfg8_SN-both-ss] instance_30_10_4_1 | 02:19:30 ... TIMEOUT  (300s wall)
[delta=0][cfg8_SN-both-ss] instance_30_10_4_10 | 02:24:30 ... TIMEOUT  (301s wall)
[delta=0][cfg8_SN-both-ss] instance_30_10_4_11 | 02:29:31 ... TIMEOUT  (300s wall)
[delta=0][cfg8_SN-both-ss] instance_30_10_4_12 | 02:34:31 ... TIMEOUT  (300s wall)
[delta=0][cfg8_SN-both-ss] instance_30_10_4_13 | 02:39:31 ... UNSATISFIABLE  (0s wall)
[delta=0][cfg8_SN-both-ss] instance_30_10_4_14 | 02:39:31 ... UNSATISFIABLE  (0s wall)
[delta=0][cfg8_SN-both-ss] instance_30_10_4_15 | 02:39:31 ... UNSATISFIABLE  (0s wall)
[delta=0][cfg8_SN-both-ss] instance_30_10_4_16 | 02:39:31 ... TIMEOUT  (300s wall)
[delta=0][cfg8_SN-both-ss] instance_30_10_4_17 | 02:44:31 ... TIMEOUT  (300s wall)
[delta=0][cfg8_SN-both-ss] instance_30_10_4_18 | 02:49:32 ... TIMEOUT  (300s wall)
[delta=0][cfg8_SN-both-ss] instance_30_10_4_19 | 02:54:32 ... UNSATISFIABLE  (0s wall)
[delta=0][cfg8_SN-both-ss] instance_30_10_4_2 | 02:54:32 ... UNSATISFIABLE  (0s wall)
[delta=0][cfg8_SN-both-ss] instance_30_10_4_20 | 02:54:32 ... UNSATISFIABLE  (0s wall)
[delta=0][cfg8_SN-both-ss] instance_30_10_4_21 | 02:54:32 ... UNSATISFIABLE  (0s wall)
[delta=0][cfg8_SN-both-ss] instance_30_10_4_22 | 02:54:32 ... UNSATISFIABLE  (0s wall)
[delta=0][cfg8_SN-both-ss] instance_30_10_4_23 | 02:54:32 ... TIMEOUT  (300s wall)
[delta=0][cfg8_SN-both-ss] instance_30_10_4_24 | 02:59:32 ... TIMEOUT  (301s wall)
[delta=0][cfg8_SN-both-ss] instance_30_10_4_25 | 03:04:33 ... TIMEOUT  (300s wall)
[delta=0][cfg8_SN-both-ss] instance_30_10_4_26 | 03:09:33 ... UNSATISFIABLE  (0s wall)
[delta=0][cfg8_SN-both-ss] instance_30_10_4_27 | 03:09:33 ... TIMEOUT  (300s wall)
[delta=0][cfg8_SN-both-ss] instance_30_10_4_28 | 03:14:33 ... UNSATISFIABLE  (0s wall)
[delta=0][cfg8_SN-both-ss] instance_30_10_4_29 | 03:14:33 ... UNSATISFIABLE  (0s wall)
[delta=0][cfg8_SN-both-ss] instance_30_10_4_3 | 03:14:33 ... UNSATISFIABLE  (0s wall)
[delta=0][cfg8_SN-both-ss] instance_30_10_4_30 | 03:14:33 ... TIMEOUT  (300s wall)
[delta=0][cfg8_SN-both-ss] instance_30_10_4_31 | 03:19:33 ... TIMEOUT  (301s wall)
[delta=0][cfg8_SN-both-ss] instance_30_10_4_32 | 03:24:34 ... TIMEOUT  (300s wall)
[delta=0][cfg8_SN-both-ss] instance_30_10_4_33 | 03:29:34 ... TIMEOUT  (300s wall)
[delta=0][cfg8_SN-both-ss] instance_30_10_4_34 | 03:34:34 ... UNSATISFIABLE  (0s wall)
[delta=0][cfg8_SN-both-ss] instance_30_10_4_35 | 03:34:34 ... UNSATISFIABLE  (0s wall)
[delta=0][cfg8_SN-both-ss] instance_30_10_4_36 | 03:34:34 ... TIMEOUT  (300s wall)
[delta=0][cfg8_SN-both-ss] instance_30_10_4_37 | 03:39:34 ... TIMEOUT  (301s wall)
[delta=0][cfg8_SN-both-ss] instance_30_10_4_38 | 03:44:35 ... UNSATISFIABLE  (0s wall)
[delta=0][cfg8_SN-both-ss] instance_30_10_4_39 | 03:44:35 ... UNSATISFIABLE  (0s wall)
[delta=0][cfg8_SN-both-ss] instance_30_10_4_4 | 03:44:35 ... TIMEOUT  (300s wall)
[delta=0][cfg8_SN-both-ss] instance_30_10_4_40 | 03:49:35 ... UNSATISFIABLE  (0s wall)
[delta=0][cfg8_SN-both-ss] instance_30_10_4_41 | 03:49:35 ... TIMEOUT  (300s wall)
[delta=0][cfg8_SN-both-ss] instance_30_10_4_42 | 03:54:35 ... UNSATISFIABLE  (0s wall)
[delta=0][cfg8_SN-both-ss] instance_30_10_4_43 | 03:54:35 ... TIMEOUT  (300s wall)
[delta=0][cfg8_SN-both-ss] instance_30_10_4_44 | 03:59:35 ... UNSATISFIABLE  (1s wall)
[delta=0][cfg8_SN-both-ss] instance_30_10_4_45 | 03:59:36 ... TIMEOUT  (300s wall)
[delta=0][cfg8_SN-both-ss] instance_30_10_4_46 | 04:04:36 ... UNSATISFIABLE  (0s wall)
[delta=0][cfg8_SN-both-ss] instance_30_10_4_47 | 04:04:36 ... TIMEOUT  (300s wall)
[delta=0][cfg8_SN-both-ss] instance_30_10_4_48 | 04:09:36 ... TIMEOUT  (300s wall)
[delta=0][cfg8_SN-both-ss] instance_30_10_4_49 | 04:14:36 ... UNSATISFIABLE  (0s wall)
[delta=0][cfg8_SN-both-ss] instance_30_10_4_5 | 04:14:36 ... TIMEOUT  (300s wall)

[STOP] Delta 0 - Cấu hình cfg8_SN-both-ss đã vượt giới hạn thời gian (7200 giây).
