
=== B2 similarity budget: delta=0.025 (Thư mục: experiments/results/epsilon_8cfg_evalmaxsat/delta_0p025) ===
[delta=0.025][cfg1_TOT-none-none] instance_30_10_4_1 | 20:20:24 ... TIMEOUT  (301s wall)
[delta=0.025][cfg1_TOT-none-none] instance_30_10_4_10 | 20:25:25 ... TIMEOUT  (300s wall)
[delta=0.025][cfg1_TOT-none-none] instance_30_10_4_11 | 20:30:25 ... TIMEOUT  (300s wall)
[delta=0.025][cfg1_TOT-none-none] instance_30_10_4_12 | 20:35:25 ... TIMEOUT  (300s wall)
[delta=0.025][cfg1_TOT-none-none] instance_30_10_4_13 | 20:40:25 ... UNSATISFIABLE  (0s wall)
[delta=0.025][cfg1_TOT-none-none] instance_30_10_4_14 | 20:40:25 ... UNSATISFIABLE  (0s wall)
[delta=0.025][cfg1_TOT-none-none] instance_30_10_4_15 | 20:40:25 ... UNSATISFIABLE  (0s wall)
[delta=0.025][cfg1_TOT-none-none] instance_30_10_4_16 | 20:40:25 ... TIMEOUT  (300s wall)
[delta=0.025][cfg1_TOT-none-none] instance_30_10_4_17 | 20:45:25 ... TIMEOUT  (301s wall)
[delta=0.025][cfg1_TOT-none-none] instance_30_10_4_18 | 20:50:26 ... TIMEOUT  (300s wall)
[delta=0.025][cfg1_TOT-none-none] instance_30_10_4_19 | 20:55:26 ... UNSATISFIABLE  (0s wall)
[delta=0.025][cfg1_TOT-none-none] instance_30_10_4_2 | 20:55:26 ... UNSATISFIABLE  (0s wall)
[delta=0.025][cfg1_TOT-none-none] instance_30_10_4_20 | 20:55:26 ... UNSATISFIABLE  (0s wall)
[delta=0.025][cfg1_TOT-none-none] instance_30_10_4_21 | 20:55:26 ... UNSATISFIABLE  (0s wall)
[delta=0.025][cfg1_TOT-none-none] instance_30_10_4_22 | 20:55:26 ... UNSATISFIABLE  (0s wall)
[delta=0.025][cfg1_TOT-none-none] instance_30_10_4_23 | 20:55:26 ... TIMEOUT  (300s wall)
[delta=0.025][cfg1_TOT-none-none] instance_30_10_4_24 | 21:00:26 ... TIMEOUT  (301s wall)
[delta=0.025][cfg1_TOT-none-none] instance_30_10_4_25 | 21:05:27 ... TIMEOUT  (300s wall)
[delta=0.025][cfg1_TOT-none-none] instance_30_10_4_26 | 21:10:27 ... UNSATISFIABLE  (0s wall)
[delta=0.025][cfg1_TOT-none-none] instance_30_10_4_27 | 21:10:27 ... TIMEOUT  (300s wall)
[delta=0.025][cfg1_TOT-none-none] instance_30_10_4_28 | 21:15:27 ... UNSATISFIABLE  (0s wall)
[delta=0.025][cfg1_TOT-none-none] instance_30_10_4_29 | 21:15:27 ... UNSATISFIABLE  (0s wall)
[delta=0.025][cfg1_TOT-none-none] instance_30_10_4_3 | 21:15:27 ... UNSATISFIABLE  (0s wall)
[delta=0.025][cfg1_TOT-none-none] instance_30_10_4_30 | 21:15:27 ... TIMEOUT  (300s wall)
[delta=0.025][cfg1_TOT-none-none] instance_30_10_4_31 | 21:20:27 ... TIMEOUT  (300s wall)
[delta=0.025][cfg1_TOT-none-none] instance_30_10_4_32 | 21:25:28 ... TIMEOUT  (300s wall)
[delta=0.025][cfg1_TOT-none-none] instance_30_10_4_33 | 21:30:28 ... TIMEOUT  (300s wall)
[delta=0.025][cfg1_TOT-none-none] instance_30_10_4_34 | 21:35:28 ... UNSATISFIABLE  (0s wall)
[delta=0.025][cfg1_TOT-none-none] instance_30_10_4_35 | 21:35:28 ... UNSATISFIABLE  (0s wall)
[delta=0.025][cfg1_TOT-none-none] instance_30_10_4_36 | 21:35:28 ... TIMEOUT  (300s wall)
[delta=0.025][cfg1_TOT-none-none] instance_30_10_4_37 | 21:40:28 ... TIMEOUT  (300s wall)
[delta=0.025][cfg1_TOT-none-none] instance_30_10_4_38 | 21:45:28 ... UNSATISFIABLE  (0s wall)
[delta=0.025][cfg1_TOT-none-none] instance_30_10_4_39 | 21:45:28 ... UNSATISFIABLE  (0s wall)
[delta=0.025][cfg1_TOT-none-none] instance_30_10_4_4 | 21:45:29 ... TIMEOUT  (300s wall)
[delta=0.025][cfg1_TOT-none-none] instance_30_10_4_40 | 21:50:29 ... UNSATISFIABLE  (0s wall)
[delta=0.025][cfg1_TOT-none-none] instance_30_10_4_41 | 21:50:29 ... TIMEOUT  (300s wall)
[delta=0.025][cfg1_TOT-none-none] instance_30_10_4_42 | 21:55:29 ... UNSATISFIABLE  (0s wall)
[delta=0.025][cfg1_TOT-none-none] instance_30_10_4_43 | 21:55:29 ... TIMEOUT  (300s wall)
[delta=0.025][cfg1_TOT-none-none] instance_30_10_4_44 | 22:00:29 ... UNSATISFIABLE  (0s wall)
[delta=0.025][cfg1_TOT-none-none] instance_30_10_4_45 | 22:00:29 ... TIMEOUT  (300s wall)
[delta=0.025][cfg1_TOT-none-none] instance_30_10_4_46 | 22:05:29 ... UNSATISFIABLE  (0s wall)
[delta=0.025][cfg1_TOT-none-none] instance_30_10_4_47 | 22:05:30 ... TIMEOUT  (300s wall)
[delta=0.025][cfg1_TOT-none-none] instance_30_10_4_48 | 22:10:30 ... TIMEOUT  (300s wall)
[delta=0.025][cfg1_TOT-none-none] instance_30_10_4_49 | 22:15:30 ... UNSATISFIABLE  (0s wall)
[delta=0.025][cfg1_TOT-none-none] instance_30_10_4_5 | 22:15:30 ... TIMEOUT  (300s wall)

[STOP] Delta 0.025 - Cấu hình cfg1_TOT-none-none đã vượt giới hạn thời gian (7200 giây).
[delta=0.025][cfg2_TOT-none-ss] instance_30_10_4_1 | 22:20:30 ... TIMEOUT  (300s wall)
[delta=0.025][cfg2_TOT-none-ss] instance_30_10_4_10 | 22:25:30 ... TIMEOUT  (300s wall)
[delta=0.025][cfg2_TOT-none-ss] instance_30_10_4_11 | 22:30:30 ... TIMEOUT  (301s wall)
[delta=0.025][cfg2_TOT-none-ss] instance_30_10_4_12 | 22:35:31 ... TIMEOUT  (300s wall)
[delta=0.025][cfg2_TOT-none-ss] instance_30_10_4_13 | 22:40:31 ... UNSATISFIABLE  (0s wall)
[delta=0.025][cfg2_TOT-none-ss] instance_30_10_4_14 | 22:40:31 ... UNSATISFIABLE  (0s wall)
[delta=0.025][cfg2_TOT-none-ss] instance_30_10_4_15 | 22:40:31 ... UNSATISFIABLE  (0s wall)
[delta=0.025][cfg2_TOT-none-ss] instance_30_10_4_16 | 22:40:31 ... TIMEOUT  (300s wall)
[delta=0.025][cfg2_TOT-none-ss] instance_30_10_4_17 | 22:45:31 ... TIMEOUT  (300s wall)
[delta=0.025][cfg2_TOT-none-ss] instance_30_10_4_18 | 22:50:31 ... TIMEOUT  (300s wall)
[delta=0.025][cfg2_TOT-none-ss] instance_30_10_4_19 | 22:55:31 ... UNSATISFIABLE  (1s wall)
[delta=0.025][cfg2_TOT-none-ss] instance_30_10_4_2 | 22:55:32 ... UNSATISFIABLE  (0s wall)
[delta=0.025][cfg2_TOT-none-ss] instance_30_10_4_20 | 22:55:32 ... UNSATISFIABLE  (0s wall)
[delta=0.025][cfg2_TOT-none-ss] instance_30_10_4_21 | 22:55:32 ... UNSATISFIABLE  (0s wall)
[delta=0.025][cfg2_TOT-none-ss] instance_30_10_4_22 | 22:55:32 ... UNSATISFIABLE  (0s wall)
[delta=0.025][cfg2_TOT-none-ss] instance_30_10_4_23 | 22:55:32 ... TIMEOUT  (300s wall)
[delta=0.025][cfg2_TOT-none-ss] instance_30_10_4_24 | 23:00:32 ... TIMEOUT  (300s wall)
[delta=0.025][cfg2_TOT-none-ss] instance_30_10_4_25 | 23:05:32 ... TIMEOUT  (300s wall)
[delta=0.025][cfg2_TOT-none-ss] instance_30_10_4_26 | 23:10:32 ... UNSATISFIABLE  (0s wall)
[delta=0.025][cfg2_TOT-none-ss] instance_30_10_4_27 | 23:10:32 ... TIMEOUT  (301s wall)
[delta=0.025][cfg2_TOT-none-ss] instance_30_10_4_28 | 23:15:33 ... UNSATISFIABLE  (0s wall)
[delta=0.025][cfg2_TOT-none-ss] instance_30_10_4_29 | 23:15:33 ... UNSATISFIABLE  (0s wall)
[delta=0.025][cfg2_TOT-none-ss] instance_30_10_4_3 | 23:15:33 ... UNSATISFIABLE  (0s wall)
[delta=0.025][cfg2_TOT-none-ss] instance_30_10_4_30 | 23:15:33 ... TIMEOUT  (300s wall)
[delta=0.025][cfg2_TOT-none-ss] instance_30_10_4_31 | 23:20:33 ... TIMEOUT  (300s wall)
[delta=0.025][cfg2_TOT-none-ss] instance_30_10_4_32 | 23:25:33 ... TIMEOUT  (300s wall)
[delta=0.025][cfg2_TOT-none-ss] instance_30_10_4_33 | 23:30:33 ... TIMEOUT  (300s wall)
[delta=0.025][cfg2_TOT-none-ss] instance_30_10_4_34 | 23:35:34 ... UNSATISFIABLE  (0s wall)
[delta=0.025][cfg2_TOT-none-ss] instance_30_10_4_35 | 23:35:34 ... UNSATISFIABLE  (0s wall)
[delta=0.025][cfg2_TOT-none-ss] instance_30_10_4_36 | 23:35:34 ... TIMEOUT  (300s wall)
[delta=0.025][cfg2_TOT-none-ss] instance_30_10_4_37 | 23:40:34 ... TIMEOUT  (300s wall)
[delta=0.025][cfg2_TOT-none-ss] instance_30_10_4_38 | 23:45:34 ... UNSATISFIABLE  (0s wall)
[delta=0.025][cfg2_TOT-none-ss] instance_30_10_4_39 | 23:45:34 ... UNSATISFIABLE  (0s wall)
[delta=0.025][cfg2_TOT-none-ss] instance_30_10_4_4 | 23:45:34 ... TIMEOUT  (300s wall)
[delta=0.025][cfg2_TOT-none-ss] instance_30_10_4_40 | 23:50:34 ... UNSATISFIABLE  (0s wall)
[delta=0.025][cfg2_TOT-none-ss] instance_30_10_4_41 | 23:50:34 ... TIMEOUT  (301s wall)
[delta=0.025][cfg2_TOT-none-ss] instance_30_10_4_42 | 23:55:35 ... UNSATISFIABLE  (0s wall)
[delta=0.025][cfg2_TOT-none-ss] instance_30_10_4_43 | 23:55:35 ... TIMEOUT  (300s wall)
[delta=0.025][cfg2_TOT-none-ss] instance_30_10_4_44 | 00:00:35 ... UNSATISFIABLE  (0s wall)
[delta=0.025][cfg2_TOT-none-ss] instance_30_10_4_45 | 00:00:35 ... TIMEOUT  (300s wall)
[delta=0.025][cfg2_TOT-none-ss] instance_30_10_4_46 | 00:05:35 ... UNSATISFIABLE  (0s wall)
[delta=0.025][cfg2_TOT-none-ss] instance_30_10_4_47 | 00:05:35 ... TIMEOUT  (300s wall)
[delta=0.025][cfg2_TOT-none-ss] instance_30_10_4_48 | 00:10:35 ... TIMEOUT  (301s wall)
[delta=0.025][cfg2_TOT-none-ss] instance_30_10_4_49 | 00:15:36 ... UNSATISFIABLE  (0s wall)
[delta=0.025][cfg2_TOT-none-ss] instance_30_10_4_5 | 00:15:36 ... TIMEOUT  (300s wall)

[STOP] Delta 0.025 - Cấu hình cfg2_TOT-none-ss đã vượt giới hạn thời gian (7200 giây).
[delta=0.025][cfg3_TOT-both-none] instance_30_10_4_1 | 00:20:36 ... TIMEOUT  (300s wall)
[delta=0.025][cfg3_TOT-both-none] instance_30_10_4_10 | 00:25:36 ... TIMEOUT  (300s wall)
[delta=0.025][cfg3_TOT-both-none] instance_30_10_4_11 | 00:30:36 ... TIMEOUT  (300s wall)
[delta=0.025][cfg3_TOT-both-none] instance_30_10_4_12 | 00:35:36 ... TIMEOUT  (300s wall)
[delta=0.025][cfg3_TOT-both-none] instance_30_10_4_13 | 00:40:36 ... UNSATISFIABLE  (1s wall)
[delta=0.025][cfg3_TOT-both-none] instance_30_10_4_14 | 00:40:37 ... UNSATISFIABLE  (0s wall)
[delta=0.025][cfg3_TOT-both-none] instance_30_10_4_15 | 00:40:37 ... UNSATISFIABLE  (0s wall)
[delta=0.025][cfg3_TOT-both-none] instance_30_10_4_16 | 00:40:37 ... TIMEOUT  (300s wall)
[delta=0.025][cfg3_TOT-both-none] instance_30_10_4_17 | 00:45:37 ... TIMEOUT  (300s wall)
[delta=0.025][cfg3_TOT-both-none] instance_30_10_4_18 | 00:50:37 ... TIMEOUT  (300s wall)
[delta=0.025][cfg3_TOT-both-none] instance_30_10_4_19 | 00:55:37 ... UNSATISFIABLE  (0s wall)
[delta=0.025][cfg3_TOT-both-none] instance_30_10_4_2 | 00:55:37 ... UNSATISFIABLE  (0s wall)
[delta=0.025][cfg3_TOT-both-none] instance_30_10_4_20 | 00:55:37 ... UNSATISFIABLE  (0s wall)
[delta=0.025][cfg3_TOT-both-none] instance_30_10_4_21 | 00:55:38 ... UNSATISFIABLE  (1s wall)
[delta=0.025][cfg3_TOT-both-none] instance_30_10_4_22 | 00:55:38 ... UNSATISFIABLE  (0s wall)
[delta=0.025][cfg3_TOT-both-none] instance_30_10_4_23 | 00:55:38 ... TIMEOUT  (300s wall)
[delta=0.025][cfg3_TOT-both-none] instance_30_10_4_24 | 01:00:38 ... TIMEOUT  (300s wall)
[delta=0.025][cfg3_TOT-both-none] instance_30_10_4_25 | 01:05:38 ... TIMEOUT  (300s wall)
[delta=0.025][cfg3_TOT-both-none] instance_30_10_4_26 | 01:10:38 ... UNSATISFIABLE  (0s wall)
[delta=0.025][cfg3_TOT-both-none] instance_30_10_4_27 | 01:10:38 ... TIMEOUT  (300s wall)
[delta=0.025][cfg3_TOT-both-none] instance_30_10_4_28 | 01:15:38 ... UNSATISFIABLE  (1s wall)
[delta=0.025][cfg3_TOT-both-none] instance_30_10_4_29 | 01:15:39 ... UNSATISFIABLE  (0s wall)
[delta=0.025][cfg3_TOT-both-none] instance_30_10_4_3 | 01:15:39 ... UNSATISFIABLE  (0s wall)
[delta=0.025][cfg3_TOT-both-none] instance_30_10_4_30 | 01:15:39 ... TIMEOUT  (300s wall)
[delta=0.025][cfg3_TOT-both-none] instance_30_10_4_31 | 01:20:39 ... TIMEOUT  (300s wall)
[delta=0.025][cfg3_TOT-both-none] instance_30_10_4_32 | 01:25:39 ... TIMEOUT  (300s wall)
[delta=0.025][cfg3_TOT-both-none] instance_30_10_4_33 | 01:30:39 ... TIMEOUT  (300s wall)
[delta=0.025][cfg3_TOT-both-none] instance_30_10_4_34 | 01:35:39 ... UNSATISFIABLE  (0s wall)
[delta=0.025][cfg3_TOT-both-none] instance_30_10_4_35 | 01:35:40 ... UNSATISFIABLE  (0s wall)
[delta=0.025][cfg3_TOT-both-none] instance_30_10_4_36 | 01:35:40 ... TIMEOUT  (300s wall)
[delta=0.025][cfg3_TOT-both-none] instance_30_10_4_37 | 01:40:40 ... TIMEOUT  (300s wall)
[delta=0.025][cfg3_TOT-both-none] instance_30_10_4_38 | 01:45:40 ... UNSATISFIABLE  (0s wall)
[delta=0.025][cfg3_TOT-both-none] instance_30_10_4_39 | 01:45:40 ... UNSATISFIABLE  (0s wall)
[delta=0.025][cfg3_TOT-both-none] instance_30_10_4_4 | 01:45:40 ... TIMEOUT  (300s wall)
[delta=0.025][cfg3_TOT-both-none] instance_30_10_4_40 | 01:50:40 ... UNSATISFIABLE  (0s wall)
[delta=0.025][cfg3_TOT-both-none] instance_30_10_4_41 | 01:50:40 ... TIMEOUT  (301s wall)
[delta=0.025][cfg3_TOT-both-none] instance_30_10_4_42 | 01:55:41 ... UNSATISFIABLE  (0s wall)
[delta=0.025][cfg3_TOT-both-none] instance_30_10_4_43 | 01:55:41 ... TIMEOUT  (300s wall)
[delta=0.025][cfg3_TOT-both-none] instance_30_10_4_44 | 02:00:41 ... UNSATISFIABLE  (0s wall)
[delta=0.025][cfg3_TOT-both-none] instance_30_10_4_45 | 02:00:41 ... TIMEOUT  (300s wall)
[delta=0.025][cfg3_TOT-both-none] instance_30_10_4_46 | 02:05:41 ... UNSATISFIABLE  (0s wall)
[delta=0.025][cfg3_TOT-both-none] instance_30_10_4_47 | 02:05:41 ... TIMEOUT  (300s wall)
[delta=0.025][cfg3_TOT-both-none] instance_30_10_4_48 | 02:10:41 ... TIMEOUT  (301s wall)
[delta=0.025][cfg3_TOT-both-none] instance_30_10_4_49 | 02:15:42 ... UNSATISFIABLE  (0s wall)
[delta=0.025][cfg3_TOT-both-none] instance_30_10_4_5 | 02:15:42 ... TIMEOUT  (300s wall)

[STOP] Delta 0.025 - Cấu hình cfg3_TOT-both-none đã vượt giới hạn thời gian (7200 giây).
[delta=0.025][cfg4_TOT-both-ss] instance_30_10_4_1 | 02:20:42 ... TIMEOUT  (300s wall)
[delta=0.025][cfg4_TOT-both-ss] instance_30_10_4_10 | 02:25:42 ... TIMEOUT  (300s wall)
[delta=0.025][cfg4_TOT-both-ss] instance_30_10_4_11 | 02:30:42 ... TIMEOUT  (300s wall)
[delta=0.025][cfg4_TOT-both-ss] instance_30_10_4_12 | 02:35:42 ... TIMEOUT  (301s wall)
[delta=0.025][cfg4_TOT-both-ss] instance_30_10_4_13 | 02:40:43 ... UNSATISFIABLE  (0s wall)
[delta=0.025][cfg4_TOT-both-ss] instance_30_10_4_14 | 02:40:43 ... UNSATISFIABLE  (0s wall)
[delta=0.025][cfg4_TOT-both-ss] instance_30_10_4_15 | 02:40:43 ... UNSATISFIABLE  (0s wall)
[delta=0.025][cfg4_TOT-both-ss] instance_30_10_4_16 | 02:40:43 ... TIMEOUT  (300s wall)
[delta=0.025][cfg4_TOT-both-ss] instance_30_10_4_17 | 02:45:43 ... TIMEOUT  (300s wall)
[delta=0.025][cfg4_TOT-both-ss] instance_30_10_4_18 | 02:50:43 ... TIMEOUT  (300s wall)
[delta=0.025][cfg4_TOT-both-ss] instance_30_10_4_19 | 02:55:43 ... UNSATISFIABLE  (0s wall)
[delta=0.025][cfg4_TOT-both-ss] instance_30_10_4_2 | 02:55:43 ... UNSATISFIABLE  (0s wall)
[delta=0.025][cfg4_TOT-both-ss] instance_30_10_4_20 | 02:55:43 ... UNSATISFIABLE  (1s wall)
[delta=0.025][cfg4_TOT-both-ss] instance_30_10_4_21 | 02:55:44 ... UNSATISFIABLE  (0s wall)
[delta=0.025][cfg4_TOT-both-ss] instance_30_10_4_22 | 02:55:44 ... UNSATISFIABLE  (0s wall)
[delta=0.025][cfg4_TOT-both-ss] instance_30_10_4_23 | 02:55:44 ... TIMEOUT  (300s wall)
[delta=0.025][cfg4_TOT-both-ss] instance_30_10_4_24 | 03:00:44 ... TIMEOUT  (300s wall)
[delta=0.025][cfg4_TOT-both-ss] instance_30_10_4_25 | 03:05:44 ... TIMEOUT  (300s wall)
[delta=0.025][cfg4_TOT-both-ss] instance_30_10_4_26 | 03:10:44 ... UNSATISFIABLE  (0s wall)
[delta=0.025][cfg4_TOT-both-ss] instance_30_10_4_27 | 03:10:44 ... TIMEOUT  (301s wall)
[delta=0.025][cfg4_TOT-both-ss] instance_30_10_4_28 | 03:15:45 ... UNSATISFIABLE  (0s wall)
[delta=0.025][cfg4_TOT-both-ss] instance_30_10_4_29 | 03:15:45 ... UNSATISFIABLE  (0s wall)
[delta=0.025][cfg4_TOT-both-ss] instance_30_10_4_3 | 03:15:45 ... UNSATISFIABLE  (0s wall)
[delta=0.025][cfg4_TOT-both-ss] instance_30_10_4_30 | 03:15:45 ... TIMEOUT  (300s wall)
[delta=0.025][cfg4_TOT-both-ss] instance_30_10_4_31 | 03:20:45 ... TIMEOUT  (300s wall)
[delta=0.025][cfg4_TOT-both-ss] instance_30_10_4_32 | 03:25:45 ... TIMEOUT  (300s wall)
[delta=0.025][cfg4_TOT-both-ss] instance_30_10_4_33 | 03:30:45 ... TIMEOUT  (301s wall)
[delta=0.025][cfg4_TOT-both-ss] instance_30_10_4_34 | 03:35:46 ... UNSATISFIABLE  (0s wall)
[delta=0.025][cfg4_TOT-both-ss] instance_30_10_4_35 | 03:35:46 ... UNSATISFIABLE  (0s wall)
[delta=0.025][cfg4_TOT-both-ss] instance_30_10_4_36 | 03:35:46 ... TIMEOUT  (300s wall)
[delta=0.025][cfg4_TOT-both-ss] instance_30_10_4_37 | 03:40:46 ... TIMEOUT  (300s wall)
[delta=0.025][cfg4_TOT-both-ss] instance_30_10_4_38 | 03:45:46 ... UNSATISFIABLE  (0s wall)
[delta=0.025][cfg4_TOT-both-ss] instance_30_10_4_39 | 03:45:46 ... UNSATISFIABLE  (0s wall)
[delta=0.025][cfg4_TOT-both-ss] instance_30_10_4_4 | 03:45:46 ... TIMEOUT  (300s wall)
[delta=0.025][cfg4_TOT-both-ss] instance_30_10_4_40 | 03:50:46 ... UNSATISFIABLE  (1s wall)
[delta=0.025][cfg4_TOT-both-ss] instance_30_10_4_41 | 03:50:47 ... TIMEOUT  (300s wall)
[delta=0.025][cfg4_TOT-both-ss] instance_30_10_4_42 | 03:55:47 ... UNSATISFIABLE  (0s wall)
[delta=0.025][cfg4_TOT-both-ss] instance_30_10_4_43 | 03:55:47 ... TIMEOUT  (300s wall)
[delta=0.025][cfg4_TOT-both-ss] instance_30_10_4_44 | 04:00:47 ... UNSATISFIABLE  (0s wall)
[delta=0.025][cfg4_TOT-both-ss] instance_30_10_4_45 | 04:00:47 ... TIMEOUT  (300s wall)
[delta=0.025][cfg4_TOT-both-ss] instance_30_10_4_46 | 04:05:47 ... UNSATISFIABLE  (0s wall)
[delta=0.025][cfg4_TOT-both-ss] instance_30_10_4_47 | 04:05:47 ... TIMEOUT  (300s wall)
[delta=0.025][cfg4_TOT-both-ss] instance_30_10_4_48 | 04:10:47 ... TIMEOUT  (301s wall)
[delta=0.025][cfg4_TOT-both-ss] instance_30_10_4_49 | 04:15:48 ... UNSATISFIABLE  (0s wall)
[delta=0.025][cfg4_TOT-both-ss] instance_30_10_4_5 | 04:15:48 ... TIMEOUT  (300s wall)

[STOP] Delta 0.025 - Cấu hình cfg4_TOT-both-ss đã vượt giới hạn thời gian (7200 giây).
[delta=0.025][cfg5_ORIGINAL] instance_30_10_4_1 | 04:20:48 ... TIMEOUT  (300s wall)
[delta=0.025][cfg5_ORIGINAL] instance_30_10_4_10 | 04:25:48 ... TIMEOUT  (300s wall)
[delta=0.025][cfg5_ORIGINAL] instance_30_10_4_11 | 04:30:48 ... TIMEOUT  (300s wall)
[delta=0.025][cfg5_ORIGINAL] instance_30_10_4_12 | 04:35:48 ... TIMEOUT  (301s wall)
[delta=0.025][cfg5_ORIGINAL] instance_30_10_4_13 | 04:40:49 ... UNSATISFIABLE  (0s wall)
[delta=0.025][cfg5_ORIGINAL] instance_30_10_4_14 | 04:40:49 ... UNSATISFIABLE  (0s wall)
[delta=0.025][cfg5_ORIGINAL] instance_30_10_4_15 | 04:40:49 ... UNSATISFIABLE  (0s wall)
[delta=0.025][cfg5_ORIGINAL] instance_30_10_4_16 | 04:40:49 ... TIMEOUT  (300s wall)
[delta=0.025][cfg5_ORIGINAL] instance_30_10_4_17 | 04:45:49 ... TIMEOUT  (300s wall)
[delta=0.025][cfg5_ORIGINAL] instance_30_10_4_18 | 04:50:49 ... TIMEOUT  (300s wall)
[delta=0.025][cfg5_ORIGINAL] instance_30_10_4_19 | 04:55:49 ... UNSATISFIABLE  (0s wall)
[delta=0.025][cfg5_ORIGINAL] instance_30_10_4_2 | 04:55:49 ... UNSATISFIABLE  (0s wall)
[delta=0.025][cfg5_ORIGINAL] instance_30_10_4_20 | 04:55:50 ... UNSATISFIABLE  (0s wall)
[delta=0.025][cfg5_ORIGINAL] instance_30_10_4_21 | 04:55:50 ... UNSATISFIABLE  (0s wall)
[delta=0.025][cfg5_ORIGINAL] instance_30_10_4_22 | 04:55:50 ... UNSATISFIABLE  (0s wall)
[delta=0.025][cfg5_ORIGINAL] instance_30_10_4_23 | 04:55:50 ... TIMEOUT  (300s wall)
[delta=0.025][cfg5_ORIGINAL] instance_30_10_4_24 | 05:00:50 ... TIMEOUT  (300s wall)
[delta=0.025][cfg5_ORIGINAL] instance_30_10_4_25 | 05:05:50 ... TIMEOUT  (300s wall)
[delta=0.025][cfg5_ORIGINAL] instance_30_10_4_26 | 05:10:50 ... UNSATISFIABLE  (0s wall)
[delta=0.025][cfg5_ORIGINAL] instance_30_10_4_27 | 05:10:50 ... TIMEOUT  (300s wall)
[delta=0.025][cfg5_ORIGINAL] instance_30_10_4_28 | 05:15:51 ... UNSATISFIABLE  (0s wall)
[delta=0.025][cfg5_ORIGINAL] instance_30_10_4_29 | 05:15:51 ... UNSATISFIABLE  (0s wall)
[delta=0.025][cfg5_ORIGINAL] instance_30_10_4_3 | 05:15:51 ... UNSATISFIABLE  (0s wall)
[delta=0.025][cfg5_ORIGINAL] instance_30_10_4_30 | 05:15:51 ... TIMEOUT  (300s wall)
[delta=0.025][cfg5_ORIGINAL] instance_30_10_4_31 | 05:20:51 ... TIMEOUT  (300s wall)
[delta=0.025][cfg5_ORIGINAL] instance_30_10_4_32 | 05:25:51 ... TIMEOUT  (300s wall)
[delta=0.025][cfg5_ORIGINAL] instance_30_10_4_33 | 05:30:51 ... TIMEOUT  (300s wall)
[delta=0.025][cfg5_ORIGINAL] instance_30_10_4_34 | 05:35:51 ... UNSATISFIABLE  (0s wall)
[delta=0.025][cfg5_ORIGINAL] instance_30_10_4_35 | 05:35:52 ... UNSATISFIABLE  (0s wall)
[delta=0.025][cfg5_ORIGINAL] instance_30_10_4_36 | 05:35:52 ... TIMEOUT  (300s wall)
[delta=0.025][cfg5_ORIGINAL] instance_30_10_4_37 | 05:40:52 ... TIMEOUT  (300s wall)
[delta=0.025][cfg5_ORIGINAL] instance_30_10_4_38 | 05:45:52 ... UNSATISFIABLE  (0s wall)
[delta=0.025][cfg5_ORIGINAL] instance_30_10_4_39 | 05:45:52 ... UNSATISFIABLE  (0s wall)
[delta=0.025][cfg5_ORIGINAL] instance_30_10_4_4 | 05:45:52 ... TIMEOUT  (300s wall)
[delta=0.025][cfg5_ORIGINAL] instance_30_10_4_40 | 05:50:52 ... UNSATISFIABLE  (0s wall)
[delta=0.025][cfg5_ORIGINAL] instance_30_10_4_41 | 05:50:52 ... TIMEOUT  (300s wall)
[delta=0.025][cfg5_ORIGINAL] instance_30_10_4_42 | 05:55:53 ... UNSATISFIABLE  (0s wall)
[delta=0.025][cfg5_ORIGINAL] instance_30_10_4_43 | 05:55:53 ... TIMEOUT  (300s wall)
[delta=0.025][cfg5_ORIGINAL] instance_30_10_4_44 | 06:00:53 ... UNSATISFIABLE  (0s wall)
[delta=0.025][cfg5_ORIGINAL] instance_30_10_4_45 | 06:00:53 ... TIMEOUT  (300s wall)
[delta=0.025][cfg5_ORIGINAL] instance_30_10_4_46 | 06:05:53 ... UNSATISFIABLE  (0s wall)
[delta=0.025][cfg5_ORIGINAL] instance_30_10_4_47 | 06:05:53 ... TIMEOUT  (300s wall)
[delta=0.025][cfg5_ORIGINAL] instance_30_10_4_48 | 06:10:53 ... TIMEOUT  (300s wall)
[delta=0.025][cfg5_ORIGINAL] instance_30_10_4_49 | 06:15:53 ... UNSATISFIABLE  (1s wall)
[delta=0.025][cfg5_ORIGINAL] instance_30_10_4_5 | 06:15:54 ... TIMEOUT  (300s wall)

[STOP] Delta 0.025 - Cấu hình cfg5_ORIGINAL đã vượt giới hạn thời gian (7200 giây).
[delta=0.025][cfg6_SN-none-ss] instance_30_10_4_1 | 06:20:54 ... TIMEOUT  (300s wall)
[delta=0.025][cfg6_SN-none-ss] instance_30_10_4_10 | 06:25:54 ... TIMEOUT  (300s wall)
[delta=0.025][cfg6_SN-none-ss] instance_30_10_4_11 | 06:30:54 ... TIMEOUT  (300s wall)
[delta=0.025][cfg6_SN-none-ss] instance_30_10_4_12 | 06:35:54 ... TIMEOUT  (300s wall)
[delta=0.025][cfg6_SN-none-ss] instance_30_10_4_13 | 06:40:54 ... UNSATISFIABLE  (0s wall)
[delta=0.025][cfg6_SN-none-ss] instance_30_10_4_14 | 06:40:54 ... UNSATISFIABLE  (1s wall)
[delta=0.025][cfg6_SN-none-ss] instance_30_10_4_15 | 06:40:55 ... UNSATISFIABLE  (0s wall)
[delta=0.025][cfg6_SN-none-ss] instance_30_10_4_16 | 06:40:55 ... TIMEOUT  (300s wall)
[delta=0.025][cfg6_SN-none-ss] instance_30_10_4_17 | 06:45:55 ... TIMEOUT  (300s wall)
[delta=0.025][cfg6_SN-none-ss] instance_30_10_4_18 | 06:50:55 ... TIMEOUT  (300s wall)
[delta=0.025][cfg6_SN-none-ss] instance_30_10_4_19 | 06:55:55 ... UNSATISFIABLE  (0s wall)
[delta=0.025][cfg6_SN-none-ss] instance_30_10_4_2 | 06:55:55 ... UNSATISFIABLE  (0s wall)
[delta=0.025][cfg6_SN-none-ss] instance_30_10_4_20 | 06:55:55 ... UNSATISFIABLE  (0s wall)
[delta=0.025][cfg6_SN-none-ss] instance_30_10_4_21 | 06:55:55 ... UNSATISFIABLE  (0s wall)
[delta=0.025][cfg6_SN-none-ss] instance_30_10_4_22 | 06:55:55 ... UNSATISFIABLE  (1s wall)
[delta=0.025][cfg6_SN-none-ss] instance_30_10_4_23 | 06:55:56 ... TIMEOUT  (300s wall)
[delta=0.025][cfg6_SN-none-ss] instance_30_10_4_24 | 07:00:56 ... TIMEOUT  (300s wall)
[delta=0.025][cfg6_SN-none-ss] instance_30_10_4_25 | 07:05:56 ... TIMEOUT  (300s wall)
[delta=0.025][cfg6_SN-none-ss] instance_30_10_4_26 | 07:10:56 ... UNSATISFIABLE  (0s wall)
[delta=0.025][cfg6_SN-none-ss] instance_30_10_4_27 | 07:10:56 ... TIMEOUT  (300s wall)
[delta=0.025][cfg6_SN-none-ss] instance_30_10_4_28 | 07:15:56 ... UNSATISFIABLE  (0s wall)
[delta=0.025][cfg6_SN-none-ss] instance_30_10_4_29 | 07:15:56 ... UNSATISFIABLE  (0s wall)
[delta=0.025][cfg6_SN-none-ss] instance_30_10_4_3 | 07:15:56 ... UNSATISFIABLE  (1s wall)
[delta=0.025][cfg6_SN-none-ss] instance_30_10_4_30 | 07:15:57 ... TIMEOUT  (300s wall)
[delta=0.025][cfg6_SN-none-ss] instance_30_10_4_31 | 07:20:57 ... TIMEOUT  (300s wall)
[delta=0.025][cfg6_SN-none-ss] instance_30_10_4_32 | 07:25:57 ... TIMEOUT  (300s wall)
[delta=0.025][cfg6_SN-none-ss] instance_30_10_4_33 | 07:30:57 ... TIMEOUT  (300s wall)
[delta=0.025][cfg6_SN-none-ss] instance_30_10_4_34 | 07:35:57 ... UNSATISFIABLE  (0s wall)
[delta=0.025][cfg6_SN-none-ss] instance_30_10_4_35 | 07:35:57 ... UNSATISFIABLE  (0s wall)
[delta=0.025][cfg6_SN-none-ss] instance_30_10_4_36 | 07:35:57 ... TIMEOUT  (301s wall)
[delta=0.025][cfg6_SN-none-ss] instance_30_10_4_37 | 07:40:58 ... TIMEOUT  (300s wall)
[delta=0.025][cfg6_SN-none-ss] instance_30_10_4_38 | 07:45:58 ... UNSATISFIABLE  (0s wall)
[delta=0.025][cfg6_SN-none-ss] instance_30_10_4_39 | 07:45:58 ... UNSATISFIABLE  (0s wall)
[delta=0.025][cfg6_SN-none-ss] instance_30_10_4_4 | 07:45:58 ... TIMEOUT  (300s wall)
[delta=0.025][cfg6_SN-none-ss] instance_30_10_4_40 | 07:50:58 ... UNSATISFIABLE  (0s wall)
[delta=0.025][cfg6_SN-none-ss] instance_30_10_4_41 | 07:50:58 ... TIMEOUT  (300s wall)
[delta=0.025][cfg6_SN-none-ss] instance_30_10_4_42 | 07:55:58 ... UNSATISFIABLE  (0s wall)
[delta=0.025][cfg6_SN-none-ss] instance_30_10_4_43 | 07:55:58 ... TIMEOUT  (301s wall)
[delta=0.025][cfg6_SN-none-ss] instance_30_10_4_44 | 08:00:59 ... UNSATISFIABLE  (0s wall)
[delta=0.025][cfg6_SN-none-ss] instance_30_10_4_45 | 08:00:59 ... TIMEOUT  (300s wall)
[delta=0.025][cfg6_SN-none-ss] instance_30_10_4_46 | 08:05:59 ... UNSATISFIABLE  (0s wall)
[delta=0.025][cfg6_SN-none-ss] instance_30_10_4_47 | 08:05:59 ... TIMEOUT  (300s wall)
[delta=0.025][cfg6_SN-none-ss] instance_30_10_4_48 | 08:10:59 ... TIMEOUT  (300s wall)
[delta=0.025][cfg6_SN-none-ss] instance_30_10_4_49 | 08:15:59 ... UNSATISFIABLE  (0s wall)
[delta=0.025][cfg6_SN-none-ss] instance_30_10_4_5 | 08:15:59 ... TIMEOUT  (300s wall)

[STOP] Delta 0.025 - Cấu hình cfg6_SN-none-ss đã vượt giới hạn thời gian (7200 giây).
[delta=0.025][cfg7_SN-both-none] instance_30_10_4_1 | 08:21:00 ... TIMEOUT  (301s wall)
[delta=0.025][cfg7_SN-both-none] instance_30_10_4_10 | 08:26:00 ... TIMEOUT  (300s wall)
[delta=0.025][cfg7_SN-both-none] instance_30_10_4_11 | 08:31:00 ... TIMEOUT  (300s wall)
[delta=0.025][cfg7_SN-both-none] instance_30_10_4_12 | 08:36:00 ... TIMEOUT  (300s wall)
[delta=0.025][cfg7_SN-both-none] instance_30_10_4_13 | 08:41:00 ... UNSATISFIABLE  (0s wall)
[delta=0.025][cfg7_SN-both-none] instance_30_10_4_14 | 08:41:00 ... UNSATISFIABLE  (0s wall)
[delta=0.025][cfg7_SN-both-none] instance_30_10_4_15 | 08:41:00 ... UNSATISFIABLE  (0s wall)
[delta=0.025][cfg7_SN-both-none] instance_30_10_4_16 | 08:41:00 ... TIMEOUT  (301s wall)
[delta=0.025][cfg7_SN-both-none] instance_30_10_4_17 | 08:46:01 ... TIMEOUT  (300s wall)
[delta=0.025][cfg7_SN-both-none] instance_30_10_4_18 | 08:51:01 ... TIMEOUT  (300s wall)
[delta=0.025][cfg7_SN-both-none] instance_30_10_4_19 | 08:56:01 ... UNSATISFIABLE  (0s wall)
[delta=0.025][cfg7_SN-both-none] instance_30_10_4_2 | 08:56:01 ... UNSATISFIABLE  (0s wall)
[delta=0.025][cfg7_SN-both-none] instance_30_10_4_20 | 08:56:01 ... UNSATISFIABLE  (0s wall)
[delta=0.025][cfg7_SN-both-none] instance_30_10_4_21 | 08:56:01 ... UNSATISFIABLE  (0s wall)
[delta=0.025][cfg7_SN-both-none] instance_30_10_4_22 | 08:56:01 ... UNSATISFIABLE  (0s wall)
[delta=0.025][cfg7_SN-both-none] instance_30_10_4_23 | 08:56:01 ... TIMEOUT  (301s wall)
[delta=0.025][cfg7_SN-both-none] instance_30_10_4_24 | 09:01:02 ... TIMEOUT  (300s wall)
[delta=0.025][cfg7_SN-both-none] instance_30_10_4_25 | 09:06:02 ... TIMEOUT  (300s wall)
[delta=0.025][cfg7_SN-both-none] instance_30_10_4_26 | 09:11:02 ... UNSATISFIABLE  (0s wall)
[delta=0.025][cfg7_SN-both-none] instance_30_10_4_27 | 09:11:02 ... TIMEOUT  (300s wall)
[delta=0.025][cfg7_SN-both-none] instance_30_10_4_28 | 09:16:02 ... UNSATISFIABLE  (0s wall)
[delta=0.025][cfg7_SN-both-none] instance_30_10_4_29 | 09:16:02 ... UNSATISFIABLE  (0s wall)
[delta=0.025][cfg7_SN-both-none] instance_30_10_4_3 | 09:16:02 ... UNSATISFIABLE  (0s wall)
[delta=0.025][cfg7_SN-both-none] instance_30_10_4_30 | 09:16:03 ... TIMEOUT  (300s wall)
[delta=0.025][cfg7_SN-both-none] instance_30_10_4_31 | 09:21:03 ... TIMEOUT  (300s wall)
[delta=0.025][cfg7_SN-both-none] instance_30_10_4_32 | 09:26:03 ... TIMEOUT  (300s wall)
[delta=0.025][cfg7_SN-both-none] instance_30_10_4_33 | 09:31:03 ... TIMEOUT  (300s wall)
[delta=0.025][cfg7_SN-both-none] instance_30_10_4_34 | 09:36:03 ... UNSATISFIABLE  (0s wall)
[delta=0.025][cfg7_SN-both-none] instance_30_10_4_35 | 09:36:03 ... UNSATISFIABLE  (0s wall)
[delta=0.025][cfg7_SN-both-none] instance_30_10_4_36 | 09:36:03 ... TIMEOUT  (301s wall)
[delta=0.025][cfg7_SN-both-none] instance_30_10_4_37 | 09:41:04 ... TIMEOUT  (300s wall)
[delta=0.025][cfg7_SN-both-none] instance_30_10_4_38 | 09:46:04 ... UNSATISFIABLE  (0s wall)
[delta=0.025][cfg7_SN-both-none] instance_30_10_4_39 | 09:46:04 ... UNSATISFIABLE  (0s wall)
[delta=0.025][cfg7_SN-both-none] instance_30_10_4_4 | 09:46:04 ... TIMEOUT  (300s wall)
[delta=0.025][cfg7_SN-both-none] instance_30_10_4_40 | 09:51:04 ... UNSATISFIABLE  (0s wall)
[delta=0.025][cfg7_SN-both-none] instance_30_10_4_41 | 09:51:04 ... TIMEOUT  (300s wall)
[delta=0.025][cfg7_SN-both-none] instance_30_10_4_42 | 09:56:04 ... UNSATISFIABLE  (0s wall)
[delta=0.025][cfg7_SN-both-none] instance_30_10_4_43 | 09:56:04 ... TIMEOUT  (301s wall)
[delta=0.025][cfg7_SN-both-none] instance_30_10_4_44 | 10:01:05 ... UNSATISFIABLE  (0s wall)
[delta=0.025][cfg7_SN-both-none] instance_30_10_4_45 | 10:01:05 ... TIMEOUT  (300s wall)
[delta=0.025][cfg7_SN-both-none] instance_30_10_4_46 | 10:06:05 ... UNSATISFIABLE  (0s wall)
[delta=0.025][cfg7_SN-both-none] instance_30_10_4_47 | 10:06:05 ... TIMEOUT  (300s wall)
[delta=0.025][cfg7_SN-both-none] instance_30_10_4_48 | 10:11:05 ... TIMEOUT  (300s wall)
[delta=0.025][cfg7_SN-both-none] instance_30_10_4_49 | 10:16:05 ... UNSATISFIABLE  (0s wall)
[delta=0.025][cfg7_SN-both-none] instance_30_10_4_5 | 10:16:05 ... TIMEOUT  (301s wall)

[STOP] Delta 0.025 - Cấu hình cfg7_SN-both-none đã vượt giới hạn thời gian (7200 giây).
[delta=0.025][cfg8_SN-both-ss] instance_30_10_4_1 | 10:21:06 ... TIMEOUT  (300s wall)
[delta=0.025][cfg8_SN-both-ss] instance_30_10_4_10 | 10:26:06 ... TIMEOUT  (300s wall)
[delta=0.025][cfg8_SN-both-ss] instance_30_10_4_11 | 10:31:06 ... TIMEOUT  (300s wall)
[delta=0.025][cfg8_SN-both-ss] instance_30_10_4_12 | 10:36:06 ... TIMEOUT  (300s wall)
[delta=0.025][cfg8_SN-both-ss] instance_30_10_4_13 | 10:41:06 ... UNSATISFIABLE  (0s wall)
[delta=0.025][cfg8_SN-both-ss] instance_30_10_4_14 | 10:41:06 ... UNSATISFIABLE  (0s wall)
[delta=0.025][cfg8_SN-both-ss] instance_30_10_4_15 | 10:41:07 ... UNSATISFIABLE  (0s wall)
[delta=0.025][cfg8_SN-both-ss] instance_30_10_4_16 | 10:41:07 ... TIMEOUT  (300s wall)
[delta=0.025][cfg8_SN-both-ss] instance_30_10_4_17 | 10:46:07 ... TIMEOUT  (300s wall)
[delta=0.025][cfg8_SN-both-ss] instance_30_10_4_18 | 10:51:07 ... TIMEOUT  (300s wall)
[delta=0.025][cfg8_SN-both-ss] instance_30_10_4_19 | 10:56:07 ... UNSATISFIABLE  (0s wall)
[delta=0.025][cfg8_SN-both-ss] instance_30_10_4_2 | 10:56:07 ... UNSATISFIABLE  (0s wall)
[delta=0.025][cfg8_SN-both-ss] instance_30_10_4_20 | 10:56:07 ... UNSATISFIABLE  (0s wall)
[delta=0.025][cfg8_SN-both-ss] instance_30_10_4_21 | 10:56:07 ... UNSATISFIABLE  (1s wall)
[delta=0.025][cfg8_SN-both-ss] instance_30_10_4_22 | 10:56:08 ... UNSATISFIABLE  (0s wall)
[delta=0.025][cfg8_SN-both-ss] instance_30_10_4_23 | 10:56:08 ... TIMEOUT  (300s wall)
[delta=0.025][cfg8_SN-both-ss] instance_30_10_4_24 | 11:01:08 ... TIMEOUT  (300s wall)
[delta=0.025][cfg8_SN-both-ss] instance_30_10_4_25 | 11:06:08 ... TIMEOUT  (300s wall)
[delta=0.025][cfg8_SN-both-ss] instance_30_10_4_26 | 11:11:08 ... UNSATISFIABLE  (0s wall)
[delta=0.025][cfg8_SN-both-ss] instance_30_10_4_27 | 11:11:08 ... TIMEOUT  (300s wall)
[delta=0.025][cfg8_SN-both-ss] instance_30_10_4_28 | 11:16:08 ... UNSATISFIABLE  (0s wall)
[delta=0.025][cfg8_SN-both-ss] instance_30_10_4_29 | 11:16:09 ... UNSATISFIABLE  (0s wall)
[delta=0.025][cfg8_SN-both-ss] instance_30_10_4_3 | 11:16:09 ... UNSATISFIABLE  (0s wall)
[delta=0.025][cfg8_SN-both-ss] instance_30_10_4_30 | 11:16:09 ... TIMEOUT  (300s wall)
[delta=0.025][cfg8_SN-both-ss] instance_30_10_4_31 | 11:21:09 ... TIMEOUT  (300s wall)
[delta=0.025][cfg8_SN-both-ss] instance_30_10_4_32 | 11:26:09 ... TIMEOUT  (300s wall)
[delta=0.025][cfg8_SN-both-ss] instance_30_10_4_33 | 11:31:09 ... TIMEOUT  (300s wall)
[delta=0.025][cfg8_SN-both-ss] instance_30_10_4_34 | 11:36:09 ... UNSATISFIABLE  (1s wall)
[delta=0.025][cfg8_SN-both-ss] instance_30_10_4_35 | 11:36:10 ... UNSATISFIABLE  (0s wall)
[delta=0.025][cfg8_SN-both-ss] instance_30_10_4_36 | 11:36:10 ... TIMEOUT  (300s wall)
[delta=0.025][cfg8_SN-both-ss] instance_30_10_4_37 | 11:41:10 ... TIMEOUT  (300s wall)
[delta=0.025][cfg8_SN-both-ss] instance_30_10_4_38 | 11:46:10 ... UNSATISFIABLE  (0s wall)
[delta=0.025][cfg8_SN-both-ss] instance_30_10_4_39 | 11:46:10 ... UNSATISFIABLE  (0s wall)
[delta=0.025][cfg8_SN-both-ss] instance_30_10_4_4 | 11:46:10 ... TIMEOUT  (300s wall)
[delta=0.025][cfg8_SN-both-ss] instance_30_10_4_40 | 11:51:10 ... UNSATISFIABLE  (0s wall)
[delta=0.025][cfg8_SN-both-ss] instance_30_10_4_41 | 11:51:10 ... TIMEOUT  (301s wall)
[delta=0.025][cfg8_SN-both-ss] instance_30_10_4_42 | 11:56:11 ... UNSATISFIABLE  (0s wall)
[delta=0.025][cfg8_SN-both-ss] instance_30_10_4_43 | 11:56:11 ... TIMEOUT  (300s wall)
[delta=0.025][cfg8_SN-both-ss] instance_30_10_4_44 | 12:01:11 ... UNSATISFIABLE  (0s wall)
[delta=0.025][cfg8_SN-both-ss] instance_30_10_4_45 | 12:01:11 ... TIMEOUT  (300s wall)
[delta=0.025][cfg8_SN-both-ss] instance_30_10_4_46 | 12:06:11 ... UNSATISFIABLE  (0s wall)
[delta=0.025][cfg8_SN-both-ss] instance_30_10_4_47 | 12:06:11 ... TIMEOUT  (300s wall)
[delta=0.025][cfg8_SN-both-ss] instance_30_10_4_48 | 12:11:11 ... TIMEOUT  (301s wall)
[delta=0.025][cfg8_SN-both-ss] instance_30_10_4_49 | 12:16:12 ... UNSATISFIABLE  (0s wall)
[delta=0.025][cfg8_SN-both-ss] instance_30_10_4_5 | 12:16:12 ... TIMEOUT  (300s wall)

[STOP] Delta 0.025 - Cấu hình cfg8_SN-both-ss đã vượt giới hạn thời gian (7200 giây).
