
=== B2 similarity budget: delta=0.01 (Thư mục: experiments/results/epsilon_8cfg_evalmaxsat/delta_0p01) ===
[delta=0.01][cfg1_TOT-none-none] instance_30_10_4_1 | 04:19:37 ... TIMEOUT  (300s wall)
[delta=0.01][cfg1_TOT-none-none] instance_30_10_4_10 | 04:24:37 ... TIMEOUT  (300s wall)
[delta=0.01][cfg1_TOT-none-none] instance_30_10_4_11 | 04:29:37 ... TIMEOUT  (300s wall)
[delta=0.01][cfg1_TOT-none-none] instance_30_10_4_12 | 04:34:37 ... TIMEOUT  (300s wall)
[delta=0.01][cfg1_TOT-none-none] instance_30_10_4_13 | 04:39:37 ... UNSATISFIABLE  (0s wall)
[delta=0.01][cfg1_TOT-none-none] instance_30_10_4_14 | 04:39:37 ... UNSATISFIABLE  (0s wall)
[delta=0.01][cfg1_TOT-none-none] instance_30_10_4_15 | 04:39:37 ... UNSATISFIABLE  (0s wall)
[delta=0.01][cfg1_TOT-none-none] instance_30_10_4_16 | 04:39:37 ... TIMEOUT  (301s wall)
[delta=0.01][cfg1_TOT-none-none] instance_30_10_4_17 | 04:44:38 ... TIMEOUT  (300s wall)
[delta=0.01][cfg1_TOT-none-none] instance_30_10_4_18 | 04:49:38 ... TIMEOUT  (300s wall)
[delta=0.01][cfg1_TOT-none-none] instance_30_10_4_19 | 04:54:38 ... UNSATISFIABLE  (0s wall)
[delta=0.01][cfg1_TOT-none-none] instance_30_10_4_2 | 04:54:38 ... UNSATISFIABLE  (0s wall)
[delta=0.01][cfg1_TOT-none-none] instance_30_10_4_20 | 04:54:38 ... UNSATISFIABLE  (0s wall)
[delta=0.01][cfg1_TOT-none-none] instance_30_10_4_21 | 04:54:38 ... UNSATISFIABLE  (0s wall)
[delta=0.01][cfg1_TOT-none-none] instance_30_10_4_22 | 04:54:38 ... UNSATISFIABLE  (0s wall)
[delta=0.01][cfg1_TOT-none-none] instance_30_10_4_23 | 04:54:38 ... TIMEOUT  (301s wall)
[delta=0.01][cfg1_TOT-none-none] instance_30_10_4_24 | 04:59:39 ... TIMEOUT  (300s wall)
[delta=0.01][cfg1_TOT-none-none] instance_30_10_4_25 | 05:04:39 ... TIMEOUT  (300s wall)
[delta=0.01][cfg1_TOT-none-none] instance_30_10_4_26 | 05:09:39 ... UNSATISFIABLE  (0s wall)
[delta=0.01][cfg1_TOT-none-none] instance_30_10_4_27 | 05:09:39 ... TIMEOUT  (300s wall)
[delta=0.01][cfg1_TOT-none-none] instance_30_10_4_28 | 05:14:39 ... UNSATISFIABLE  (0s wall)
[delta=0.01][cfg1_TOT-none-none] instance_30_10_4_29 | 05:14:39 ... UNSATISFIABLE  (0s wall)
[delta=0.01][cfg1_TOT-none-none] instance_30_10_4_3 | 05:14:39 ... UNSATISFIABLE  (0s wall)
[delta=0.01][cfg1_TOT-none-none] instance_30_10_4_30 | 05:14:39 ... TIMEOUT  (301s wall)
[delta=0.01][cfg1_TOT-none-none] instance_30_10_4_31 | 05:19:40 ... TIMEOUT  (300s wall)
[delta=0.01][cfg1_TOT-none-none] instance_30_10_4_32 | 05:24:40 ... TIMEOUT  (300s wall)
[delta=0.01][cfg1_TOT-none-none] instance_30_10_4_33 | 05:29:40 ... TIMEOUT  (300s wall)
[delta=0.01][cfg1_TOT-none-none] instance_30_10_4_34 | 05:34:40 ... UNSATISFIABLE  (0s wall)
[delta=0.01][cfg1_TOT-none-none] instance_30_10_4_35 | 05:34:40 ... UNSATISFIABLE  (0s wall)
[delta=0.01][cfg1_TOT-none-none] instance_30_10_4_36 | 05:34:40 ... TIMEOUT  (300s wall)
[delta=0.01][cfg1_TOT-none-none] instance_30_10_4_37 | 05:39:40 ... TIMEOUT  (301s wall)
[delta=0.01][cfg1_TOT-none-none] instance_30_10_4_38 | 05:44:41 ... UNSATISFIABLE  (0s wall)
[delta=0.01][cfg1_TOT-none-none] instance_30_10_4_39 | 05:44:41 ... UNSATISFIABLE  (0s wall)
[delta=0.01][cfg1_TOT-none-none] instance_30_10_4_4 | 05:44:41 ... TIMEOUT  (300s wall)
[delta=0.01][cfg1_TOT-none-none] instance_30_10_4_40 | 05:49:41 ... UNSATISFIABLE  (0s wall)
[delta=0.01][cfg1_TOT-none-none] instance_30_10_4_41 | 05:49:41 ... TIMEOUT  (300s wall)
[delta=0.01][cfg1_TOT-none-none] instance_30_10_4_42 | 05:54:41 ... UNSATISFIABLE  (0s wall)
[delta=0.01][cfg1_TOT-none-none] instance_30_10_4_43 | 05:54:41 ... TIMEOUT  (300s wall)
[delta=0.01][cfg1_TOT-none-none] instance_30_10_4_44 | 05:59:41 ... UNSATISFIABLE  (0s wall)
[delta=0.01][cfg1_TOT-none-none] instance_30_10_4_45 | 05:59:41 ... TIMEOUT  (301s wall)
[delta=0.01][cfg1_TOT-none-none] instance_30_10_4_46 | 06:04:42 ... UNSATISFIABLE  (0s wall)
[delta=0.01][cfg1_TOT-none-none] instance_30_10_4_47 | 06:04:42 ... TIMEOUT  (300s wall)
[delta=0.01][cfg1_TOT-none-none] instance_30_10_4_48 | 06:09:42 ... TIMEOUT  (300s wall)
[delta=0.01][cfg1_TOT-none-none] instance_30_10_4_49 | 06:14:42 ... UNSATISFIABLE  (0s wall)
[delta=0.01][cfg1_TOT-none-none] instance_30_10_4_5 | 06:14:42 ... TIMEOUT  (300s wall)

[STOP] Delta 0.01 - Cấu hình cfg1_TOT-none-none đã vượt giới hạn thời gian (7200 giây).
[delta=0.01][cfg2_TOT-none-ss] instance_30_10_4_1 | 06:19:42 ... TIMEOUT  (300s wall)
[delta=0.01][cfg2_TOT-none-ss] instance_30_10_4_10 | 06:24:42 ... TIMEOUT  (301s wall)
[delta=0.01][cfg2_TOT-none-ss] instance_30_10_4_11 | 06:29:43 ... TIMEOUT  (300s wall)
[delta=0.01][cfg2_TOT-none-ss] instance_30_10_4_12 | 06:34:43 ... TIMEOUT  (300s wall)
[delta=0.01][cfg2_TOT-none-ss] instance_30_10_4_13 | 06:39:43 ... UNSATISFIABLE  (0s wall)
[delta=0.01][cfg2_TOT-none-ss] instance_30_10_4_14 | 06:39:43 ... UNSATISFIABLE  (0s wall)
[delta=0.01][cfg2_TOT-none-ss] instance_30_10_4_15 | 06:39:43 ... UNSATISFIABLE  (0s wall)
[delta=0.01][cfg2_TOT-none-ss] instance_30_10_4_16 | 06:39:43 ... TIMEOUT  (300s wall)
[delta=0.01][cfg2_TOT-none-ss] instance_30_10_4_17 | 06:44:43 ... TIMEOUT  (300s wall)
[delta=0.01][cfg2_TOT-none-ss] instance_30_10_4_18 | 06:49:43 ... TIMEOUT  (301s wall)
[delta=0.01][cfg2_TOT-none-ss] instance_30_10_4_19 | 06:54:44 ... UNSATISFIABLE  (0s wall)
[delta=0.01][cfg2_TOT-none-ss] instance_30_10_4_2 | 06:54:44 ... UNSATISFIABLE  (0s wall)
[delta=0.01][cfg2_TOT-none-ss] instance_30_10_4_20 | 06:54:44 ... UNSATISFIABLE  (0s wall)
[delta=0.01][cfg2_TOT-none-ss] instance_30_10_4_21 | 06:54:44 ... UNSATISFIABLE  (0s wall)
[delta=0.01][cfg2_TOT-none-ss] instance_30_10_4_22 | 06:54:44 ... UNSATISFIABLE  (0s wall)
[delta=0.01][cfg2_TOT-none-ss] instance_30_10_4_23 | 06:54:44 ... TIMEOUT  (300s wall)
[delta=0.01][cfg2_TOT-none-ss] instance_30_10_4_24 | 06:59:44 ... TIMEOUT  (300s wall)
[delta=0.01][cfg2_TOT-none-ss] instance_30_10_4_25 | 07:04:44 ... TIMEOUT  (301s wall)
[delta=0.01][cfg2_TOT-none-ss] instance_30_10_4_26 | 07:09:45 ... UNSATISFIABLE  (0s wall)
[delta=0.01][cfg2_TOT-none-ss] instance_30_10_4_27 | 07:09:45 ... TIMEOUT  (300s wall)
[delta=0.01][cfg2_TOT-none-ss] instance_30_10_4_28 | 07:14:45 ... UNSATISFIABLE  (0s wall)
[delta=0.01][cfg2_TOT-none-ss] instance_30_10_4_29 | 07:14:45 ... UNSATISFIABLE  (0s wall)
[delta=0.01][cfg2_TOT-none-ss] instance_30_10_4_3 | 07:14:45 ... UNSATISFIABLE  (0s wall)
[delta=0.01][cfg2_TOT-none-ss] instance_30_10_4_30 | 07:14:45 ... TIMEOUT  (300s wall)
[delta=0.01][cfg2_TOT-none-ss] instance_30_10_4_31 | 07:19:45 ... TIMEOUT  (300s wall)
[delta=0.01][cfg2_TOT-none-ss] instance_30_10_4_32 | 07:24:45 ... TIMEOUT  (301s wall)
[delta=0.01][cfg2_TOT-none-ss] instance_30_10_4_33 | 07:29:46 ... TIMEOUT  (300s wall)
[delta=0.01][cfg2_TOT-none-ss] instance_30_10_4_34 | 07:34:46 ... UNSATISFIABLE  (0s wall)
[delta=0.01][cfg2_TOT-none-ss] instance_30_10_4_35 | 07:34:46 ... UNSATISFIABLE  (0s wall)
[delta=0.01][cfg2_TOT-none-ss] instance_30_10_4_36 | 07:34:46 ... TIMEOUT  (300s wall)
[delta=0.01][cfg2_TOT-none-ss] instance_30_10_4_37 | 07:39:46 ... TIMEOUT  (300s wall)
[delta=0.01][cfg2_TOT-none-ss] instance_30_10_4_38 | 07:44:46 ... UNSATISFIABLE  (0s wall)
[delta=0.01][cfg2_TOT-none-ss] instance_30_10_4_39 | 07:44:46 ... UNSATISFIABLE  (0s wall)
[delta=0.01][cfg2_TOT-none-ss] instance_30_10_4_4 | 07:44:46 ... TIMEOUT  (301s wall)
[delta=0.01][cfg2_TOT-none-ss] instance_30_10_4_40 | 07:49:47 ... UNSATISFIABLE  (0s wall)
[delta=0.01][cfg2_TOT-none-ss] instance_30_10_4_41 | 07:49:47 ... TIMEOUT  (300s wall)
[delta=0.01][cfg2_TOT-none-ss] instance_30_10_4_42 | 07:54:47 ... UNSATISFIABLE  (0s wall)
[delta=0.01][cfg2_TOT-none-ss] instance_30_10_4_43 | 07:54:47 ... TIMEOUT  (300s wall)
[delta=0.01][cfg2_TOT-none-ss] instance_30_10_4_44 | 07:59:47 ... UNSATISFIABLE  (0s wall)
[delta=0.01][cfg2_TOT-none-ss] instance_30_10_4_45 | 07:59:47 ... TIMEOUT  (300s wall)
[delta=0.01][cfg2_TOT-none-ss] instance_30_10_4_46 | 08:04:47 ... UNSATISFIABLE  (0s wall)
[delta=0.01][cfg2_TOT-none-ss] instance_30_10_4_47 | 08:04:47 ... TIMEOUT  (301s wall)
[delta=0.01][cfg2_TOT-none-ss] instance_30_10_4_48 | 08:09:48 ... TIMEOUT  (300s wall)
[delta=0.01][cfg2_TOT-none-ss] instance_30_10_4_49 | 08:14:48 ... UNSATISFIABLE  (0s wall)
[delta=0.01][cfg2_TOT-none-ss] instance_30_10_4_5 | 08:14:48 ... TIMEOUT  (300s wall)

[STOP] Delta 0.01 - Cấu hình cfg2_TOT-none-ss đã vượt giới hạn thời gian (7200 giây).
[delta=0.01][cfg3_TOT-both-none] instance_30_10_4_1 | 08:19:48 ... TIMEOUT  (300s wall)
[delta=0.01][cfg3_TOT-both-none] instance_30_10_4_10 | 08:24:48 ... TIMEOUT  (300s wall)
[delta=0.01][cfg3_TOT-both-none] instance_30_10_4_11 | 08:29:48 ... TIMEOUT  (300s wall)
[delta=0.01][cfg3_TOT-both-none] instance_30_10_4_12 | 08:34:49 ... TIMEOUT  (300s wall)
[delta=0.01][cfg3_TOT-both-none] instance_30_10_4_13 | 08:39:49 ... UNSATISFIABLE  (0s wall)
[delta=0.01][cfg3_TOT-both-none] instance_30_10_4_14 | 08:39:49 ... UNSATISFIABLE  (0s wall)
[delta=0.01][cfg3_TOT-both-none] instance_30_10_4_15 | 08:39:49 ... UNSATISFIABLE  (0s wall)
[delta=0.01][cfg3_TOT-both-none] instance_30_10_4_16 | 08:39:49 ... TIMEOUT  (300s wall)
[delta=0.01][cfg3_TOT-both-none] instance_30_10_4_17 | 08:44:49 ... TIMEOUT  (300s wall)
[delta=0.01][cfg3_TOT-both-none] instance_30_10_4_18 | 08:49:49 ... TIMEOUT  (300s wall)
[delta=0.01][cfg3_TOT-both-none] instance_30_10_4_19 | 08:54:49 ... UNSATISFIABLE  (0s wall)
[delta=0.01][cfg3_TOT-both-none] instance_30_10_4_2 | 08:54:50 ... UNSATISFIABLE  (0s wall)
[delta=0.01][cfg3_TOT-both-none] instance_30_10_4_20 | 08:54:50 ... UNSATISFIABLE  (0s wall)
[delta=0.01][cfg3_TOT-both-none] instance_30_10_4_21 | 08:54:50 ... UNSATISFIABLE  (0s wall)
[delta=0.01][cfg3_TOT-both-none] instance_30_10_4_22 | 08:54:50 ... UNSATISFIABLE  (0s wall)
[delta=0.01][cfg3_TOT-both-none] instance_30_10_4_23 | 08:54:50 ... TIMEOUT  (300s wall)
[delta=0.01][cfg3_TOT-both-none] instance_30_10_4_24 | 08:59:50 ... TIMEOUT  (300s wall)
[delta=0.01][cfg3_TOT-both-none] instance_30_10_4_25 | 09:04:50 ... TIMEOUT  (300s wall)
[delta=0.01][cfg3_TOT-both-none] instance_30_10_4_26 | 09:09:50 ... UNSATISFIABLE  (0s wall)
[delta=0.01][cfg3_TOT-both-none] instance_30_10_4_27 | 09:09:51 ... TIMEOUT  (300s wall)
[delta=0.01][cfg3_TOT-both-none] instance_30_10_4_28 | 09:14:51 ... UNSATISFIABLE  (0s wall)
[delta=0.01][cfg3_TOT-both-none] instance_30_10_4_29 | 09:14:51 ... UNSATISFIABLE  (0s wall)
[delta=0.01][cfg3_TOT-both-none] instance_30_10_4_3 | 09:14:51 ... UNSATISFIABLE  (0s wall)
[delta=0.01][cfg3_TOT-both-none] instance_30_10_4_30 | 09:14:51 ... TIMEOUT  (300s wall)
[delta=0.01][cfg3_TOT-both-none] instance_30_10_4_31 | 09:19:51 ... TIMEOUT  (300s wall)
[delta=0.01][cfg3_TOT-both-none] instance_30_10_4_32 | 09:24:51 ... TIMEOUT  (300s wall)
[delta=0.01][cfg3_TOT-both-none] instance_30_10_4_33 | 09:29:51 ... TIMEOUT  (301s wall)
[delta=0.01][cfg3_TOT-both-none] instance_30_10_4_34 | 09:34:52 ... UNSATISFIABLE  (0s wall)
[delta=0.01][cfg3_TOT-both-none] instance_30_10_4_35 | 09:34:52 ... UNSATISFIABLE  (0s wall)
[delta=0.01][cfg3_TOT-both-none] instance_30_10_4_36 | 09:34:52 ... TIMEOUT  (300s wall)
[delta=0.01][cfg3_TOT-both-none] instance_30_10_4_37 | 09:39:52 ... TIMEOUT  (300s wall)
[delta=0.01][cfg3_TOT-both-none] instance_30_10_4_38 | 09:44:52 ... UNSATISFIABLE  (0s wall)
[delta=0.01][cfg3_TOT-both-none] instance_30_10_4_39 | 09:44:52 ... UNSATISFIABLE  (0s wall)
[delta=0.01][cfg3_TOT-both-none] instance_30_10_4_4 | 09:44:52 ... TIMEOUT  (300s wall)
[delta=0.01][cfg3_TOT-both-none] instance_30_10_4_40 | 09:49:53 ... UNSATISFIABLE  (0s wall)
[delta=0.01][cfg3_TOT-both-none] instance_30_10_4_41 | 09:49:53 ... TIMEOUT  (300s wall)
[delta=0.01][cfg3_TOT-both-none] instance_30_10_4_42 | 09:54:53 ... UNSATISFIABLE  (0s wall)
[delta=0.01][cfg3_TOT-both-none] instance_30_10_4_43 | 09:54:53 ... TIMEOUT  (300s wall)
[delta=0.01][cfg3_TOT-both-none] instance_30_10_4_44 | 09:59:53 ... UNSATISFIABLE  (0s wall)
[delta=0.01][cfg3_TOT-both-none] instance_30_10_4_45 | 09:59:53 ... TIMEOUT  (300s wall)
[delta=0.01][cfg3_TOT-both-none] instance_30_10_4_46 | 10:04:53 ... UNSATISFIABLE  (0s wall)
[delta=0.01][cfg3_TOT-both-none] instance_30_10_4_47 | 10:04:53 ... TIMEOUT  (301s wall)
[delta=0.01][cfg3_TOT-both-none] instance_30_10_4_48 | 10:09:54 ... TIMEOUT  (300s wall)
[delta=0.01][cfg3_TOT-both-none] instance_30_10_4_49 | 10:14:54 ... UNSATISFIABLE  (0s wall)
[delta=0.01][cfg3_TOT-both-none] instance_30_10_4_5 | 10:14:54 ... TIMEOUT  (300s wall)

[STOP] Delta 0.01 - Cấu hình cfg3_TOT-both-none đã vượt giới hạn thời gian (7200 giây).
[delta=0.01][cfg4_TOT-both-ss] instance_30_10_4_1 | 10:19:54 ... TIMEOUT  (300s wall)
[delta=0.01][cfg4_TOT-both-ss] instance_30_10_4_10 | 10:24:54 ... TIMEOUT  (300s wall)
[delta=0.01][cfg4_TOT-both-ss] instance_30_10_4_11 | 10:29:54 ... TIMEOUT  (300s wall)
[delta=0.01][cfg4_TOT-both-ss] instance_30_10_4_12 | 10:34:55 ... TIMEOUT  (300s wall)
[delta=0.01][cfg4_TOT-both-ss] instance_30_10_4_13 | 10:39:55 ... UNSATISFIABLE  (0s wall)
[delta=0.01][cfg4_TOT-both-ss] instance_30_10_4_14 | 10:39:55 ... UNSATISFIABLE  (0s wall)
[delta=0.01][cfg4_TOT-both-ss] instance_30_10_4_15 | 10:39:55 ... UNSATISFIABLE  (0s wall)
[delta=0.01][cfg4_TOT-both-ss] instance_30_10_4_16 | 10:39:55 ... TIMEOUT  (300s wall)
[delta=0.01][cfg4_TOT-both-ss] instance_30_10_4_17 | 10:44:55 ... TIMEOUT  (300s wall)
[delta=0.01][cfg4_TOT-both-ss] instance_30_10_4_18 | 10:49:55 ... TIMEOUT  (300s wall)
[delta=0.01][cfg4_TOT-both-ss] instance_30_10_4_19 | 10:54:55 ... UNSATISFIABLE  (1s wall)
[delta=0.01][cfg4_TOT-both-ss] instance_30_10_4_2 | 10:54:56 ... UNSATISFIABLE  (0s wall)
[delta=0.01][cfg4_TOT-both-ss] instance_30_10_4_20 | 10:54:56 ... UNSATISFIABLE  (0s wall)
[delta=0.01][cfg4_TOT-both-ss] instance_30_10_4_21 | 10:54:56 ... UNSATISFIABLE  (0s wall)
[delta=0.01][cfg4_TOT-both-ss] instance_30_10_4_22 | 10:54:56 ... UNSATISFIABLE  (0s wall)
[delta=0.01][cfg4_TOT-both-ss] instance_30_10_4_23 | 10:54:56 ... TIMEOUT  (300s wall)
[delta=0.01][cfg4_TOT-both-ss] instance_30_10_4_24 | 10:59:56 ... TIMEOUT  (300s wall)
[delta=0.01][cfg4_TOT-both-ss] instance_30_10_4_25 | 11:04:56 ... TIMEOUT  (300s wall)
[delta=0.01][cfg4_TOT-both-ss] instance_30_10_4_26 | 11:09:56 ... UNSATISFIABLE  (1s wall)
[delta=0.01][cfg4_TOT-both-ss] instance_30_10_4_27 | 11:09:57 ... TIMEOUT  (300s wall)
[delta=0.01][cfg4_TOT-both-ss] instance_30_10_4_28 | 11:14:57 ... UNSATISFIABLE  (0s wall)
[delta=0.01][cfg4_TOT-both-ss] instance_30_10_4_29 | 11:14:57 ... UNSATISFIABLE  (0s wall)
[delta=0.01][cfg4_TOT-both-ss] instance_30_10_4_3 | 11:14:57 ... UNSATISFIABLE  (0s wall)
[delta=0.01][cfg4_TOT-both-ss] instance_30_10_4_30 | 11:14:57 ... TIMEOUT  (300s wall)
[delta=0.01][cfg4_TOT-both-ss] instance_30_10_4_31 | 11:19:57 ... TIMEOUT  (300s wall)
[delta=0.01][cfg4_TOT-both-ss] instance_30_10_4_32 | 11:24:57 ... TIMEOUT  (300s wall)
[delta=0.01][cfg4_TOT-both-ss] instance_30_10_4_33 | 11:29:58 ... TIMEOUT  (300s wall)
[delta=0.01][cfg4_TOT-both-ss] instance_30_10_4_34 | 11:34:58 ... UNSATISFIABLE  (0s wall)
[delta=0.01][cfg4_TOT-both-ss] instance_30_10_4_35 | 11:34:58 ... UNSATISFIABLE  (0s wall)
[delta=0.01][cfg4_TOT-both-ss] instance_30_10_4_36 | 11:34:58 ... TIMEOUT  (300s wall)
[delta=0.01][cfg4_TOT-both-ss] instance_30_10_4_37 | 11:39:58 ... TIMEOUT  (300s wall)
[delta=0.01][cfg4_TOT-both-ss] instance_30_10_4_38 | 11:44:58 ... UNSATISFIABLE  (0s wall)
[delta=0.01][cfg4_TOT-both-ss] instance_30_10_4_39 | 11:44:58 ... UNSATISFIABLE  (0s wall)
[delta=0.01][cfg4_TOT-both-ss] instance_30_10_4_4 | 11:44:58 ... TIMEOUT  (301s wall)
[delta=0.01][cfg4_TOT-both-ss] instance_30_10_4_40 | 11:49:59 ... UNSATISFIABLE  (0s wall)
[delta=0.01][cfg4_TOT-both-ss] instance_30_10_4_41 | 11:49:59 ... TIMEOUT  (300s wall)
[delta=0.01][cfg4_TOT-both-ss] instance_30_10_4_42 | 11:54:59 ... UNSATISFIABLE  (0s wall)
[delta=0.01][cfg4_TOT-both-ss] instance_30_10_4_43 | 11:54:59 ... TIMEOUT  (300s wall)
[delta=0.01][cfg4_TOT-both-ss] instance_30_10_4_44 | 11:59:59 ... UNSATISFIABLE  (0s wall)
[delta=0.01][cfg4_TOT-both-ss] instance_30_10_4_45 | 11:59:59 ... TIMEOUT  (300s wall)
[delta=0.01][cfg4_TOT-both-ss] instance_30_10_4_46 | 12:04:59 ... UNSATISFIABLE  (0s wall)
[delta=0.01][cfg4_TOT-both-ss] instance_30_10_4_47 | 12:05:00 ... TIMEOUT  (300s wall)
[delta=0.01][cfg4_TOT-both-ss] instance_30_10_4_48 | 12:10:00 ... TIMEOUT  (300s wall)
[delta=0.01][cfg4_TOT-both-ss] instance_30_10_4_49 | 12:15:00 ... UNSATISFIABLE  (0s wall)
[delta=0.01][cfg4_TOT-both-ss] instance_30_10_4_5 | 12:15:00 ... TIMEOUT  (300s wall)

[STOP] Delta 0.01 - Cấu hình cfg4_TOT-both-ss đã vượt giới hạn thời gian (7200 giây).
[delta=0.01][cfg5_ORIGINAL] instance_30_10_4_1 | 12:20:00 ... TIMEOUT  (300s wall)
[delta=0.01][cfg5_ORIGINAL] instance_30_10_4_10 | 12:25:00 ... TIMEOUT  (300s wall)
[delta=0.01][cfg5_ORIGINAL] instance_30_10_4_11 | 12:30:00 ... TIMEOUT  (301s wall)
[delta=0.01][cfg5_ORIGINAL] instance_30_10_4_12 | 12:35:01 ... TIMEOUT  (300s wall)
[delta=0.01][cfg5_ORIGINAL] instance_30_10_4_13 | 12:40:01 ... UNSATISFIABLE  (0s wall)
[delta=0.01][cfg5_ORIGINAL] instance_30_10_4_14 | 12:40:01 ... UNSATISFIABLE  (0s wall)
[delta=0.01][cfg5_ORIGINAL] instance_30_10_4_15 | 12:40:01 ... UNSATISFIABLE  (0s wall)
[delta=0.01][cfg5_ORIGINAL] instance_30_10_4_16 | 12:40:01 ... TIMEOUT  (300s wall)
[delta=0.01][cfg5_ORIGINAL] instance_30_10_4_17 | 12:45:01 ... TIMEOUT  (300s wall)
[delta=0.01][cfg5_ORIGINAL] instance_30_10_4_18 | 12:50:01 ... TIMEOUT  (300s wall)
[delta=0.01][cfg5_ORIGINAL] instance_30_10_4_19 | 12:55:02 ... UNSATISFIABLE  (0s wall)
[delta=0.01][cfg5_ORIGINAL] instance_30_10_4_2 | 12:55:02 ... UNSATISFIABLE  (0s wall)
[delta=0.01][cfg5_ORIGINAL] instance_30_10_4_20 | 12:55:02 ... UNSATISFIABLE  (0s wall)
[delta=0.01][cfg5_ORIGINAL] instance_30_10_4_21 | 12:55:02 ... UNSATISFIABLE  (0s wall)
[delta=0.01][cfg5_ORIGINAL] instance_30_10_4_22 | 12:55:02 ... UNSATISFIABLE  (0s wall)
[delta=0.01][cfg5_ORIGINAL] instance_30_10_4_23 | 12:55:02 ... TIMEOUT  (300s wall)
[delta=0.01][cfg5_ORIGINAL] instance_30_10_4_24 | 13:00:02 ... TIMEOUT  (300s wall)
[delta=0.01][cfg5_ORIGINAL] instance_30_10_4_25 | 13:05:02 ... TIMEOUT  (300s wall)
[delta=0.01][cfg5_ORIGINAL] instance_30_10_4_26 | 13:10:02 ... UNSATISFIABLE  (1s wall)
[delta=0.01][cfg5_ORIGINAL] instance_30_10_4_27 | 13:10:03 ... TIMEOUT  (300s wall)
[delta=0.01][cfg5_ORIGINAL] instance_30_10_4_28 | 13:15:03 ... UNSATISFIABLE  (0s wall)
[delta=0.01][cfg5_ORIGINAL] instance_30_10_4_29 | 13:15:03 ... UNSATISFIABLE  (0s wall)
[delta=0.01][cfg5_ORIGINAL] instance_30_10_4_3 | 13:15:03 ... UNSATISFIABLE  (0s wall)
[delta=0.01][cfg5_ORIGINAL] instance_30_10_4_30 | 13:15:03 ... TIMEOUT  (300s wall)
[delta=0.01][cfg5_ORIGINAL] instance_30_10_4_31 | 13:20:03 ... TIMEOUT  (300s wall)
[delta=0.01][cfg5_ORIGINAL] instance_30_10_4_32 | 13:25:03 ... TIMEOUT  (300s wall)
[delta=0.01][cfg5_ORIGINAL] instance_30_10_4_33 | 13:30:03 ... TIMEOUT  (301s wall)
[delta=0.01][cfg5_ORIGINAL] instance_30_10_4_34 | 13:35:04 ... UNSATISFIABLE  (0s wall)
[delta=0.01][cfg5_ORIGINAL] instance_30_10_4_35 | 13:35:04 ... UNSATISFIABLE  (0s wall)
[delta=0.01][cfg5_ORIGINAL] instance_30_10_4_36 | 13:35:04 ... TIMEOUT  (300s wall)
[delta=0.01][cfg5_ORIGINAL] instance_30_10_4_37 | 13:40:04 ... TIMEOUT  (300s wall)
[delta=0.01][cfg5_ORIGINAL] instance_30_10_4_38 | 13:45:04 ... UNSATISFIABLE  (0s wall)
[delta=0.01][cfg5_ORIGINAL] instance_30_10_4_39 | 13:45:04 ... UNSATISFIABLE  (0s wall)
[delta=0.01][cfg5_ORIGINAL] instance_30_10_4_4 | 13:45:04 ... TIMEOUT  (300s wall)
[delta=0.01][cfg5_ORIGINAL] instance_30_10_4_40 | 13:50:05 ... UNSATISFIABLE  (0s wall)
[delta=0.01][cfg5_ORIGINAL] instance_30_10_4_41 | 13:50:05 ... TIMEOUT  (300s wall)
[delta=0.01][cfg5_ORIGINAL] instance_30_10_4_42 | 13:55:05 ... UNSATISFIABLE  (0s wall)
[delta=0.01][cfg5_ORIGINAL] instance_30_10_4_43 | 13:55:05 ... TIMEOUT  (300s wall)
[delta=0.01][cfg5_ORIGINAL] instance_30_10_4_44 | 14:00:05 ... UNSATISFIABLE  (0s wall)
[delta=0.01][cfg5_ORIGINAL] instance_30_10_4_45 | 14:00:05 ... TIMEOUT  (300s wall)
[delta=0.01][cfg5_ORIGINAL] instance_30_10_4_46 | 14:05:05 ... UNSATISFIABLE  (0s wall)
[delta=0.01][cfg5_ORIGINAL] instance_30_10_4_47 | 14:05:05 ... TIMEOUT  (301s wall)
[delta=0.01][cfg5_ORIGINAL] instance_30_10_4_48 | 14:10:06 ... TIMEOUT  (300s wall)
[delta=0.01][cfg5_ORIGINAL] instance_30_10_4_49 | 14:15:06 ... UNSATISFIABLE  (0s wall)
[delta=0.01][cfg5_ORIGINAL] instance_30_10_4_5 | 14:15:06 ... TIMEOUT  (300s wall)

[STOP] Delta 0.01 - Cấu hình cfg5_ORIGINAL đã vượt giới hạn thời gian (7200 giây).
[delta=0.01][cfg6_SN-none-ss] instance_30_10_4_1 | 14:20:06 ... TIMEOUT  (300s wall)
[delta=0.01][cfg6_SN-none-ss] instance_30_10_4_10 | 14:25:06 ... TIMEOUT  (300s wall)
[delta=0.01][cfg6_SN-none-ss] instance_30_10_4_11 | 14:30:06 ... TIMEOUT  (300s wall)
[delta=0.01][cfg6_SN-none-ss] instance_30_10_4_12 | 14:35:06 ... TIMEOUT  (301s wall)
[delta=0.01][cfg6_SN-none-ss] instance_30_10_4_13 | 14:40:07 ... UNSATISFIABLE  (0s wall)
[delta=0.01][cfg6_SN-none-ss] instance_30_10_4_14 | 14:40:07 ... UNSATISFIABLE  (0s wall)
[delta=0.01][cfg6_SN-none-ss] instance_30_10_4_15 | 14:40:07 ... UNSATISFIABLE  (0s wall)
[delta=0.01][cfg6_SN-none-ss] instance_30_10_4_16 | 14:40:07 ... TIMEOUT  (300s wall)
[delta=0.01][cfg6_SN-none-ss] instance_30_10_4_17 | 14:45:07 ... TIMEOUT  (300s wall)
[delta=0.01][cfg6_SN-none-ss] instance_30_10_4_18 | 14:50:07 ... TIMEOUT  (300s wall)
[delta=0.01][cfg6_SN-none-ss] instance_30_10_4_19 | 14:55:07 ... UNSATISFIABLE  (0s wall)
[delta=0.01][cfg6_SN-none-ss] instance_30_10_4_2 | 14:55:07 ... UNSATISFIABLE  (1s wall)
[delta=0.01][cfg6_SN-none-ss] instance_30_10_4_20 | 14:55:08 ... UNSATISFIABLE  (0s wall)
[delta=0.01][cfg6_SN-none-ss] instance_30_10_4_21 | 14:55:08 ... UNSATISFIABLE  (0s wall)
[delta=0.01][cfg6_SN-none-ss] instance_30_10_4_22 | 14:55:08 ... UNSATISFIABLE  (0s wall)
[delta=0.01][cfg6_SN-none-ss] instance_30_10_4_23 | 14:55:08 ... TIMEOUT  (300s wall)
[delta=0.01][cfg6_SN-none-ss] instance_30_10_4_24 | 15:00:08 ... TIMEOUT  (300s wall)
[delta=0.01][cfg6_SN-none-ss] instance_30_10_4_25 | 15:05:08 ... TIMEOUT  (300s wall)
[delta=0.01][cfg6_SN-none-ss] instance_30_10_4_26 | 15:10:08 ... UNSATISFIABLE  (0s wall)
[delta=0.01][cfg6_SN-none-ss] instance_30_10_4_27 | 15:10:08 ... TIMEOUT  (301s wall)
[delta=0.01][cfg6_SN-none-ss] instance_30_10_4_28 | 15:15:09 ... UNSATISFIABLE  (0s wall)
[delta=0.01][cfg6_SN-none-ss] instance_30_10_4_29 | 15:15:09 ... UNSATISFIABLE  (0s wall)
[delta=0.01][cfg6_SN-none-ss] instance_30_10_4_3 | 15:15:09 ... UNSATISFIABLE  (0s wall)
[delta=0.01][cfg6_SN-none-ss] instance_30_10_4_30 | 15:15:09 ... TIMEOUT  (300s wall)
[delta=0.01][cfg6_SN-none-ss] instance_30_10_4_31 | 15:20:09 ... TIMEOUT  (300s wall)
[delta=0.01][cfg6_SN-none-ss] instance_30_10_4_32 | 15:25:09 ... TIMEOUT  (300s wall)
[delta=0.01][cfg6_SN-none-ss] instance_30_10_4_33 | 15:30:09 ... TIMEOUT  (301s wall)
[delta=0.01][cfg6_SN-none-ss] instance_30_10_4_34 | 15:35:10 ... UNSATISFIABLE  (0s wall)
[delta=0.01][cfg6_SN-none-ss] instance_30_10_4_35 | 15:35:10 ... UNSATISFIABLE  (0s wall)
[delta=0.01][cfg6_SN-none-ss] instance_30_10_4_36 | 15:35:10 ... TIMEOUT  (300s wall)
[delta=0.01][cfg6_SN-none-ss] instance_30_10_4_37 | 15:40:10 ... TIMEOUT  (300s wall)
[delta=0.01][cfg6_SN-none-ss] instance_30_10_4_38 | 15:45:10 ... UNSATISFIABLE  (0s wall)
[delta=0.01][cfg6_SN-none-ss] instance_30_10_4_39 | 15:45:10 ... UNSATISFIABLE  (0s wall)
[delta=0.01][cfg6_SN-none-ss] instance_30_10_4_4 | 15:45:10 ... TIMEOUT  (300s wall)
[delta=0.01][cfg6_SN-none-ss] instance_30_10_4_40 | 15:50:10 ... UNSATISFIABLE  (0s wall)
[delta=0.01][cfg6_SN-none-ss] instance_30_10_4_41 | 15:50:11 ... TIMEOUT  (300s wall)
[delta=0.01][cfg6_SN-none-ss] instance_30_10_4_42 | 15:55:11 ... UNSATISFIABLE  (0s wall)
[delta=0.01][cfg6_SN-none-ss] instance_30_10_4_43 | 15:55:11 ... TIMEOUT  (300s wall)
[delta=0.01][cfg6_SN-none-ss] instance_30_10_4_44 | 16:00:11 ... UNSATISFIABLE  (0s wall)
[delta=0.01][cfg6_SN-none-ss] instance_30_10_4_45 | 16:00:11 ... TIMEOUT  (300s wall)
[delta=0.01][cfg6_SN-none-ss] instance_30_10_4_46 | 16:05:11 ... UNSATISFIABLE  (0s wall)
[delta=0.01][cfg6_SN-none-ss] instance_30_10_4_47 | 16:05:11 ... TIMEOUT  (300s wall)
[delta=0.01][cfg6_SN-none-ss] instance_30_10_4_48 | 16:10:11 ... TIMEOUT  (301s wall)
[delta=0.01][cfg6_SN-none-ss] instance_30_10_4_49 | 16:15:12 ... UNSATISFIABLE  (0s wall)
[delta=0.01][cfg6_SN-none-ss] instance_30_10_4_5 | 16:15:12 ... TIMEOUT  (300s wall)

[STOP] Delta 0.01 - Cấu hình cfg6_SN-none-ss đã vượt giới hạn thời gian (7200 giây).
[delta=0.01][cfg7_SN-both-none] instance_30_10_4_1 | 16:20:12 ... TIMEOUT  (300s wall)
[delta=0.01][cfg7_SN-both-none] instance_30_10_4_10 | 16:25:12 ... TIMEOUT  (300s wall)
[delta=0.01][cfg7_SN-both-none] instance_30_10_4_11 | 16:30:12 ... TIMEOUT  (300s wall)
[delta=0.01][cfg7_SN-both-none] instance_30_10_4_12 | 16:35:12 ... TIMEOUT  (301s wall)
[delta=0.01][cfg7_SN-both-none] instance_30_10_4_13 | 16:40:13 ... UNSATISFIABLE  (0s wall)
[delta=0.01][cfg7_SN-both-none] instance_30_10_4_14 | 16:40:13 ... UNSATISFIABLE  (0s wall)
[delta=0.01][cfg7_SN-both-none] instance_30_10_4_15 | 16:40:13 ... UNSATISFIABLE  (0s wall)
[delta=0.01][cfg7_SN-both-none] instance_30_10_4_16 | 16:40:13 ... TIMEOUT  (300s wall)
[delta=0.01][cfg7_SN-both-none] instance_30_10_4_17 | 16:45:13 ... TIMEOUT  (300s wall)
[delta=0.01][cfg7_SN-both-none] instance_30_10_4_18 | 16:50:13 ... TIMEOUT  (300s wall)
[delta=0.01][cfg7_SN-both-none] instance_30_10_4_19 | 16:55:13 ... UNSATISFIABLE  (0s wall)
[delta=0.01][cfg7_SN-both-none] instance_30_10_4_2 | 16:55:13 ... UNSATISFIABLE  (1s wall)
[delta=0.01][cfg7_SN-both-none] instance_30_10_4_20 | 16:55:14 ... UNSATISFIABLE  (0s wall)
[delta=0.01][cfg7_SN-both-none] instance_30_10_4_21 | 16:55:14 ... UNSATISFIABLE  (0s wall)
[delta=0.01][cfg7_SN-both-none] instance_30_10_4_22 | 16:55:14 ... UNSATISFIABLE  (0s wall)
[delta=0.01][cfg7_SN-both-none] instance_30_10_4_23 | 16:55:14 ... TIMEOUT  (300s wall)
[delta=0.01][cfg7_SN-both-none] instance_30_10_4_24 | 17:00:14 ... TIMEOUT  (300s wall)
[delta=0.01][cfg7_SN-both-none] instance_30_10_4_25 | 17:05:14 ... TIMEOUT  (300s wall)
[delta=0.01][cfg7_SN-both-none] instance_30_10_4_26 | 17:10:14 ... UNSATISFIABLE  (1s wall)
[delta=0.01][cfg7_SN-both-none] instance_30_10_4_27 | 17:10:15 ... TIMEOUT  (300s wall)
[delta=0.01][cfg7_SN-both-none] instance_30_10_4_28 | 17:15:15 ... UNSATISFIABLE  (0s wall)
[delta=0.01][cfg7_SN-both-none] instance_30_10_4_29 | 17:15:15 ... UNSATISFIABLE  (0s wall)
[delta=0.01][cfg7_SN-both-none] instance_30_10_4_3 | 17:15:15 ... UNSATISFIABLE  (0s wall)
[delta=0.01][cfg7_SN-both-none] instance_30_10_4_30 | 17:15:15 ... TIMEOUT  (300s wall)
[delta=0.01][cfg7_SN-both-none] instance_30_10_4_31 | 17:20:15 ... TIMEOUT  (300s wall)
[delta=0.01][cfg7_SN-both-none] instance_30_10_4_32 | 17:25:15 ... TIMEOUT  (300s wall)
[delta=0.01][cfg7_SN-both-none] instance_30_10_4_33 | 17:30:16 ... TIMEOUT  (300s wall)
[delta=0.01][cfg7_SN-both-none] instance_30_10_4_34 | 17:35:16 ... UNSATISFIABLE  (0s wall)
[delta=0.01][cfg7_SN-both-none] instance_30_10_4_35 | 17:35:16 ... UNSATISFIABLE  (0s wall)
[delta=0.01][cfg7_SN-both-none] instance_30_10_4_36 | 17:35:16 ... TIMEOUT  (300s wall)
[delta=0.01][cfg7_SN-both-none] instance_30_10_4_37 | 17:40:16 ... TIMEOUT  (300s wall)
[delta=0.01][cfg7_SN-both-none] instance_30_10_4_38 | 17:45:16 ... UNSATISFIABLE  (0s wall)
[delta=0.01][cfg7_SN-both-none] instance_30_10_4_39 | 17:45:16 ... UNSATISFIABLE  (0s wall)
[delta=0.01][cfg7_SN-both-none] instance_30_10_4_4 | 17:45:16 ... TIMEOUT  (301s wall)
[delta=0.01][cfg7_SN-both-none] instance_30_10_4_40 | 17:50:17 ... UNSATISFIABLE  (0s wall)
[delta=0.01][cfg7_SN-both-none] instance_30_10_4_41 | 17:50:17 ... TIMEOUT  (300s wall)
[delta=0.01][cfg7_SN-both-none] instance_30_10_4_42 | 17:55:17 ... UNSATISFIABLE  (0s wall)
[delta=0.01][cfg7_SN-both-none] instance_30_10_4_43 | 17:55:17 ... TIMEOUT  (300s wall)
[delta=0.01][cfg7_SN-both-none] instance_30_10_4_44 | 18:00:17 ... UNSATISFIABLE  (0s wall)
[delta=0.01][cfg7_SN-both-none] instance_30_10_4_45 | 18:00:17 ... TIMEOUT  (300s wall)
[delta=0.01][cfg7_SN-both-none] instance_30_10_4_46 | 18:05:17 ... UNSATISFIABLE  (1s wall)
[delta=0.01][cfg7_SN-both-none] instance_30_10_4_47 | 18:05:18 ... TIMEOUT  (300s wall)
[delta=0.01][cfg7_SN-both-none] instance_30_10_4_48 | 18:10:18 ... TIMEOUT  (300s wall)
[delta=0.01][cfg7_SN-both-none] instance_30_10_4_49 | 18:15:18 ... UNSATISFIABLE  (0s wall)
[delta=0.01][cfg7_SN-both-none] instance_30_10_4_5 | 18:15:18 ... TIMEOUT  (300s wall)

[STOP] Delta 0.01 - Cấu hình cfg7_SN-both-none đã vượt giới hạn thời gian (7200 giây).
[delta=0.01][cfg8_SN-both-ss] instance_30_10_4_1 | 18:20:18 ... TIMEOUT  (300s wall)
[delta=0.01][cfg8_SN-both-ss] instance_30_10_4_10 | 18:25:18 ... TIMEOUT  (300s wall)
[delta=0.01][cfg8_SN-both-ss] instance_30_10_4_11 | 18:30:18 ... TIMEOUT  (301s wall)
[delta=0.01][cfg8_SN-both-ss] instance_30_10_4_12 | 18:35:19 ... TIMEOUT  (300s wall)
[delta=0.01][cfg8_SN-both-ss] instance_30_10_4_13 | 18:40:19 ... UNSATISFIABLE  (0s wall)
[delta=0.01][cfg8_SN-both-ss] instance_30_10_4_14 | 18:40:19 ... UNSATISFIABLE  (0s wall)
[delta=0.01][cfg8_SN-both-ss] instance_30_10_4_15 | 18:40:19 ... UNSATISFIABLE  (0s wall)
[delta=0.01][cfg8_SN-both-ss] instance_30_10_4_16 | 18:40:19 ... TIMEOUT  (300s wall)
[delta=0.01][cfg8_SN-both-ss] instance_30_10_4_17 | 18:45:19 ... TIMEOUT  (300s wall)
[delta=0.01][cfg8_SN-both-ss] instance_30_10_4_18 | 18:50:19 ... TIMEOUT  (301s wall)
[delta=0.01][cfg8_SN-both-ss] instance_30_10_4_19 | 18:55:20 ... UNSATISFIABLE  (0s wall)
[delta=0.01][cfg8_SN-both-ss] instance_30_10_4_2 | 18:55:20 ... UNSATISFIABLE  (0s wall)
[delta=0.01][cfg8_SN-both-ss] instance_30_10_4_20 | 18:55:20 ... UNSATISFIABLE  (0s wall)
[delta=0.01][cfg8_SN-both-ss] instance_30_10_4_21 | 18:55:20 ... UNSATISFIABLE  (0s wall)
[delta=0.01][cfg8_SN-both-ss] instance_30_10_4_22 | 18:55:20 ... UNSATISFIABLE  (0s wall)
[delta=0.01][cfg8_SN-both-ss] instance_30_10_4_23 | 18:55:20 ... TIMEOUT  (300s wall)
[delta=0.01][cfg8_SN-both-ss] instance_30_10_4_24 | 19:00:20 ... TIMEOUT  (300s wall)
[delta=0.01][cfg8_SN-both-ss] instance_30_10_4_25 | 19:05:20 ... TIMEOUT  (301s wall)
[delta=0.01][cfg8_SN-both-ss] instance_30_10_4_26 | 19:10:21 ... UNSATISFIABLE  (0s wall)
[delta=0.01][cfg8_SN-both-ss] instance_30_10_4_27 | 19:10:21 ... TIMEOUT  (300s wall)
[delta=0.01][cfg8_SN-both-ss] instance_30_10_4_28 | 19:15:21 ... UNSATISFIABLE  (0s wall)
[delta=0.01][cfg8_SN-both-ss] instance_30_10_4_29 | 19:15:21 ... UNSATISFIABLE  (0s wall)
[delta=0.01][cfg8_SN-both-ss] instance_30_10_4_3 | 19:15:21 ... UNSATISFIABLE  (0s wall)
[delta=0.01][cfg8_SN-both-ss] instance_30_10_4_30 | 19:15:21 ... TIMEOUT  (300s wall)
[delta=0.01][cfg8_SN-both-ss] instance_30_10_4_31 | 19:20:21 ... TIMEOUT  (301s wall)
[delta=0.01][cfg8_SN-both-ss] instance_30_10_4_32 | 19:25:22 ... TIMEOUT  (300s wall)
[delta=0.01][cfg8_SN-both-ss] instance_30_10_4_33 | 19:30:22 ... TIMEOUT  (300s wall)
[delta=0.01][cfg8_SN-both-ss] instance_30_10_4_34 | 19:35:22 ... UNSATISFIABLE  (0s wall)
[delta=0.01][cfg8_SN-both-ss] instance_30_10_4_35 | 19:35:22 ... UNSATISFIABLE  (0s wall)
[delta=0.01][cfg8_SN-both-ss] instance_30_10_4_36 | 19:35:22 ... TIMEOUT  (300s wall)
[delta=0.01][cfg8_SN-both-ss] instance_30_10_4_37 | 19:40:22 ... TIMEOUT  (300s wall)
[delta=0.01][cfg8_SN-both-ss] instance_30_10_4_38 | 19:45:22 ... UNSATISFIABLE  (1s wall)
[delta=0.01][cfg8_SN-both-ss] instance_30_10_4_39 | 19:45:23 ... UNSATISFIABLE  (0s wall)
[delta=0.01][cfg8_SN-both-ss] instance_30_10_4_4 | 19:45:23 ... TIMEOUT  (300s wall)
[delta=0.01][cfg8_SN-both-ss] instance_30_10_4_40 | 19:50:23 ... UNSATISFIABLE  (0s wall)
[delta=0.01][cfg8_SN-both-ss] instance_30_10_4_41 | 19:50:23 ... TIMEOUT  (300s wall)
[delta=0.01][cfg8_SN-both-ss] instance_30_10_4_42 | 19:55:23 ... UNSATISFIABLE  (0s wall)
[delta=0.01][cfg8_SN-both-ss] instance_30_10_4_43 | 19:55:23 ... TIMEOUT  (300s wall)
[delta=0.01][cfg8_SN-both-ss] instance_30_10_4_44 | 20:00:23 ... UNSATISFIABLE  (0s wall)
[delta=0.01][cfg8_SN-both-ss] instance_30_10_4_45 | 20:00:23 ... TIMEOUT  (301s wall)
[delta=0.01][cfg8_SN-both-ss] instance_30_10_4_46 | 20:05:24 ... UNSATISFIABLE  (0s wall)
[delta=0.01][cfg8_SN-both-ss] instance_30_10_4_47 | 20:05:24 ... TIMEOUT  (300s wall)
[delta=0.01][cfg8_SN-both-ss] instance_30_10_4_48 | 20:10:24 ... TIMEOUT  (300s wall)
[delta=0.01][cfg8_SN-both-ss] instance_30_10_4_49 | 20:15:24 ... UNSATISFIABLE  (0s wall)
[delta=0.01][cfg8_SN-both-ss] instance_30_10_4_5 | 20:15:24 ... TIMEOUT  (300s wall)

[STOP] Delta 0.01 - Cấu hình cfg8_SN-both-ss đã vượt giới hạn thời gian (7200 giây).
