
=== B2 similarity budget: delta=0.10 (Thư mục: experiments/results/epsilon_8cfg_evalmaxsat/delta_0p10) ===
[delta=0.10][cfg1_TOT-none-none] instance_30_10_4_1 | 04:53:39 ... TIMEOUT  (300s wall)
[delta=0.10][cfg1_TOT-none-none] instance_30_10_4_10 | 04:58:39 ... TIMEOUT  (300s wall)
[delta=0.10][cfg1_TOT-none-none] instance_30_10_4_11 | 05:03:39 ... TIMEOUT  (300s wall)
[delta=0.10][cfg1_TOT-none-none] instance_30_10_4_12 | 05:08:39 ... TIMEOUT  (301s wall)
[delta=0.10][cfg1_TOT-none-none] instance_30_10_4_13 | 05:13:40 ... UNSATISFIABLE  (0s wall)
[delta=0.10][cfg1_TOT-none-none] instance_30_10_4_14 | 05:13:40 ... UNSATISFIABLE  (0s wall)
[delta=0.10][cfg1_TOT-none-none] instance_30_10_4_15 | 05:13:40 ... UNSATISFIABLE  (0s wall)
[delta=0.10][cfg1_TOT-none-none] instance_30_10_4_16 | 05:13:40 ... TIMEOUT  (300s wall)
[delta=0.10][cfg1_TOT-none-none] instance_30_10_4_17 | 05:18:40 ... TIMEOUT  (300s wall)
[delta=0.10][cfg1_TOT-none-none] instance_30_10_4_18 | 05:23:40 ... TIMEOUT  (300s wall)
[delta=0.10][cfg1_TOT-none-none] instance_30_10_4_19 | 05:28:40 ... UNSATISFIABLE  (0s wall)
[delta=0.10][cfg1_TOT-none-none] instance_30_10_4_2 | 05:28:40 ... UNSATISFIABLE  (0s wall)
[delta=0.10][cfg1_TOT-none-none] instance_30_10_4_20 | 05:28:40 ... UNSATISFIABLE  (0s wall)
[delta=0.10][cfg1_TOT-none-none] instance_30_10_4_21 | 05:28:41 ... UNSATISFIABLE  (0s wall)
[delta=0.10][cfg1_TOT-none-none] instance_30_10_4_22 | 05:28:41 ... UNSATISFIABLE  (0s wall)
[delta=0.10][cfg1_TOT-none-none] instance_30_10_4_23 | 05:28:41 ... TIMEOUT  (300s wall)
[delta=0.10][cfg1_TOT-none-none] instance_30_10_4_24 | 05:33:41 ... TIMEOUT  (300s wall)
[delta=0.10][cfg1_TOT-none-none] instance_30_10_4_25 | 05:38:41 ... TIMEOUT  (300s wall)
[delta=0.10][cfg1_TOT-none-none] instance_30_10_4_26 | 05:43:41 ... UNSATISFIABLE  (0s wall)
[delta=0.10][cfg1_TOT-none-none] instance_30_10_4_27 | 05:43:41 ... TIMEOUT  (300s wall)
[delta=0.10][cfg1_TOT-none-none] instance_30_10_4_28 | 05:48:41 ... UNSATISFIABLE  (0s wall)
[delta=0.10][cfg1_TOT-none-none] instance_30_10_4_29 | 05:48:42 ... UNSATISFIABLE  (0s wall)
[delta=0.10][cfg1_TOT-none-none] instance_30_10_4_3 | 05:48:42 ... UNSATISFIABLE  (0s wall)
[delta=0.10][cfg1_TOT-none-none] instance_30_10_4_30 | 05:48:42 ... TIMEOUT  (300s wall)
[delta=0.10][cfg1_TOT-none-none] instance_30_10_4_31 | 05:53:42 ... TIMEOUT  (300s wall)
[delta=0.10][cfg1_TOT-none-none] instance_30_10_4_32 | 05:58:42 ... TIMEOUT  (300s wall)
[delta=0.10][cfg1_TOT-none-none] instance_30_10_4_33 | 06:03:42 ... TIMEOUT  (300s wall)
[delta=0.10][cfg1_TOT-none-none] instance_30_10_4_34 | 06:08:42 ... UNSATISFIABLE  (0s wall)
[delta=0.10][cfg1_TOT-none-none] instance_30_10_4_35 | 06:08:42 ... UNSATISFIABLE  (0s wall)
[delta=0.10][cfg1_TOT-none-none] instance_30_10_4_36 | 06:08:43 ... TIMEOUT  (300s wall)
[delta=0.10][cfg1_TOT-none-none] instance_30_10_4_37 | 06:13:43 ... TIMEOUT  (300s wall)
[delta=0.10][cfg1_TOT-none-none] instance_30_10_4_38 | 06:18:43 ... UNSATISFIABLE  (0s wall)
[delta=0.10][cfg1_TOT-none-none] instance_30_10_4_39 | 06:18:43 ... UNSATISFIABLE  (0s wall)
[delta=0.10][cfg1_TOT-none-none] instance_30_10_4_4 | 06:18:43 ... TIMEOUT  (300s wall)
[delta=0.10][cfg1_TOT-none-none] instance_30_10_4_40 | 06:23:43 ... UNSATISFIABLE  (0s wall)
[delta=0.10][cfg1_TOT-none-none] instance_30_10_4_41 | 06:23:43 ... OPTIMUM  (187s wall)
[delta=0.10][cfg1_TOT-none-none] instance_30_10_4_42 | 06:26:50 ... UNSATISFIABLE  (0s wall)
[delta=0.10][cfg1_TOT-none-none] instance_30_10_4_43 | 06:26:50 ... TIMEOUT  (300s wall)
[delta=0.10][cfg1_TOT-none-none] instance_30_10_4_44 | 06:31:50 ... UNSATISFIABLE  (0s wall)
[delta=0.10][cfg1_TOT-none-none] instance_30_10_4_45 | 06:31:51 ... TIMEOUT  (300s wall)
[delta=0.10][cfg1_TOT-none-none] instance_30_10_4_46 | 06:36:51 ... UNSATISFIABLE  (0s wall)
[delta=0.10][cfg1_TOT-none-none] instance_30_10_4_47 | 06:36:51 ... TIMEOUT  (300s wall)
[delta=0.10][cfg1_TOT-none-none] instance_30_10_4_48 | 06:41:51 ... OPTIMUM  (74s wall)
[delta=0.10][cfg1_TOT-none-none] instance_30_10_4_49 | 06:43:05 ... UNSATISFIABLE  (0s wall)
[delta=0.10][cfg1_TOT-none-none] instance_30_10_4_5 | 06:43:05 ... TIMEOUT  (300s wall)
[delta=0.10][cfg1_TOT-none-none] instance_30_10_4_50 | 06:48:05 ... UNSATISFIABLE  (0s wall)
[delta=0.10][cfg1_TOT-none-none] instance_30_10_4_6 | 06:48:05 ... TIMEOUT  (300s wall)
[delta=0.10][cfg1_TOT-none-none] instance_30_10_4_7 | 06:53:05 ... UNSATISFIABLE  (0s wall)
[delta=0.10][cfg1_TOT-none-none] instance_30_10_4_8 | 06:53:05 ... TIMEOUT  (300s wall)

[STOP] Delta 0.10 - Cấu hình cfg1_TOT-none-none đã vượt giới hạn thời gian (7200 giây).
[delta=0.10][cfg2_TOT-none-ss] instance_30_10_4_1 | 06:58:05 ... TIMEOUT  (300s wall)
[delta=0.10][cfg2_TOT-none-ss] instance_30_10_4_10 | 07:03:05 ... TIMEOUT  (301s wall)
[delta=0.10][cfg2_TOT-none-ss] instance_30_10_4_11 | 07:08:06 ... TIMEOUT  (300s wall)
[delta=0.10][cfg2_TOT-none-ss] instance_30_10_4_12 | 07:13:06 ... TIMEOUT  (300s wall)
[delta=0.10][cfg2_TOT-none-ss] instance_30_10_4_13 | 07:18:06 ... UNSATISFIABLE  (0s wall)
[delta=0.10][cfg2_TOT-none-ss] instance_30_10_4_14 | 07:18:06 ... UNSATISFIABLE  (0s wall)
[delta=0.10][cfg2_TOT-none-ss] instance_30_10_4_15 | 07:18:06 ... UNSATISFIABLE  (0s wall)
[delta=0.10][cfg2_TOT-none-ss] instance_30_10_4_16 | 07:18:06 ... TIMEOUT  (300s wall)
[delta=0.10][cfg2_TOT-none-ss] instance_30_10_4_17 | 07:23:06 ... TIMEOUT  (301s wall)
[delta=0.10][cfg2_TOT-none-ss] instance_30_10_4_18 | 07:28:07 ... TIMEOUT  (300s wall)
[delta=0.10][cfg2_TOT-none-ss] instance_30_10_4_19 | 07:33:07 ... UNSATISFIABLE  (0s wall)
[delta=0.10][cfg2_TOT-none-ss] instance_30_10_4_2 | 07:33:07 ... UNSATISFIABLE  (0s wall)
[delta=0.10][cfg2_TOT-none-ss] instance_30_10_4_20 | 07:33:07 ... UNSATISFIABLE  (0s wall)
[delta=0.10][cfg2_TOT-none-ss] instance_30_10_4_21 | 07:33:07 ... UNSATISFIABLE  (0s wall)
[delta=0.10][cfg2_TOT-none-ss] instance_30_10_4_22 | 07:33:07 ... UNSATISFIABLE  (0s wall)
[delta=0.10][cfg2_TOT-none-ss] instance_30_10_4_23 | 07:33:07 ... OPTIMUM  (246s wall)
[delta=0.10][cfg2_TOT-none-ss] instance_30_10_4_24 | 07:37:13 ... TIMEOUT  (300s wall)
[delta=0.10][cfg2_TOT-none-ss] instance_30_10_4_25 | 07:42:13 ... TIMEOUT  (300s wall)
[delta=0.10][cfg2_TOT-none-ss] instance_30_10_4_26 | 07:47:13 ... UNSATISFIABLE  (1s wall)
[delta=0.10][cfg2_TOT-none-ss] instance_30_10_4_27 | 07:47:14 ... TIMEOUT  (300s wall)
[delta=0.10][cfg2_TOT-none-ss] instance_30_10_4_28 | 07:52:14 ... UNSATISFIABLE  (0s wall)
[delta=0.10][cfg2_TOT-none-ss] instance_30_10_4_29 | 07:52:14 ... UNSATISFIABLE  (0s wall)
[delta=0.10][cfg2_TOT-none-ss] instance_30_10_4_3 | 07:52:14 ... UNSATISFIABLE  (0s wall)
[delta=0.10][cfg2_TOT-none-ss] instance_30_10_4_30 | 07:52:14 ... TIMEOUT  (300s wall)
[delta=0.10][cfg2_TOT-none-ss] instance_30_10_4_31 | 07:57:14 ... OPTIMUM  (243s wall)
[delta=0.10][cfg2_TOT-none-ss] instance_30_10_4_32 | 08:01:17 ... TIMEOUT  (300s wall)
[delta=0.10][cfg2_TOT-none-ss] instance_30_10_4_33 | 08:06:17 ... TIMEOUT  (300s wall)
[delta=0.10][cfg2_TOT-none-ss] instance_30_10_4_34 | 08:11:17 ... UNSATISFIABLE  (0s wall)
[delta=0.10][cfg2_TOT-none-ss] instance_30_10_4_35 | 08:11:17 ... UNSATISFIABLE  (0s wall)
[delta=0.10][cfg2_TOT-none-ss] instance_30_10_4_36 | 08:11:17 ... TIMEOUT  (300s wall)
[delta=0.10][cfg2_TOT-none-ss] instance_30_10_4_37 | 08:16:17 ... TIMEOUT  (301s wall)
[delta=0.10][cfg2_TOT-none-ss] instance_30_10_4_38 | 08:21:18 ... UNSATISFIABLE  (0s wall)
[delta=0.10][cfg2_TOT-none-ss] instance_30_10_4_39 | 08:21:18 ... UNSATISFIABLE  (0s wall)
[delta=0.10][cfg2_TOT-none-ss] instance_30_10_4_4 | 08:21:18 ... TIMEOUT  (300s wall)
[delta=0.10][cfg2_TOT-none-ss] instance_30_10_4_40 | 08:26:18 ... UNSATISFIABLE  (0s wall)
[delta=0.10][cfg2_TOT-none-ss] instance_30_10_4_41 | 08:26:18 ... OPTIMUM  (197s wall)
[delta=0.10][cfg2_TOT-none-ss] instance_30_10_4_42 | 08:29:35 ... UNSATISFIABLE  (0s wall)
[delta=0.10][cfg2_TOT-none-ss] instance_30_10_4_43 | 08:29:35 ... TIMEOUT  (300s wall)
[delta=0.10][cfg2_TOT-none-ss] instance_30_10_4_44 | 08:34:35 ... UNSATISFIABLE  (0s wall)
[delta=0.10][cfg2_TOT-none-ss] instance_30_10_4_45 | 08:34:35 ... TIMEOUT  (301s wall)
[delta=0.10][cfg2_TOT-none-ss] instance_30_10_4_46 | 08:39:36 ... UNSATISFIABLE  (0s wall)
[delta=0.10][cfg2_TOT-none-ss] instance_30_10_4_47 | 08:39:36 ... TIMEOUT  (300s wall)
[delta=0.10][cfg2_TOT-none-ss] instance_30_10_4_48 | 08:44:36 ... OPTIMUM  (34s wall)
[delta=0.10][cfg2_TOT-none-ss] instance_30_10_4_49 | 08:45:10 ... UNSATISFIABLE  (0s wall)
[delta=0.10][cfg2_TOT-none-ss] instance_30_10_4_5 | 08:45:10 ... TIMEOUT  (300s wall)
[delta=0.10][cfg2_TOT-none-ss] instance_30_10_4_50 | 08:50:10 ... UNSATISFIABLE  (0s wall)
[delta=0.10][cfg2_TOT-none-ss] instance_30_10_4_6 | 08:50:10 ... TIMEOUT  (300s wall)
[delta=0.10][cfg2_TOT-none-ss] instance_30_10_4_7 | 08:55:10 ... UNSATISFIABLE  (0s wall)
[delta=0.10][cfg2_TOT-none-ss] instance_30_10_4_8 | 08:55:10 ... TIMEOUT  (300s wall)

[STOP] Delta 0.10 - Cấu hình cfg2_TOT-none-ss đã vượt giới hạn thời gian (7200 giây).
[delta=0.10][cfg3_TOT-both-none] instance_30_10_4_1 | 09:00:11 ... TIMEOUT  (300s wall)
[delta=0.10][cfg3_TOT-both-none] instance_30_10_4_10 | 09:05:11 ... TIMEOUT  (300s wall)
[delta=0.10][cfg3_TOT-both-none] instance_30_10_4_11 | 09:10:11 ... TIMEOUT  (300s wall)
[delta=0.10][cfg3_TOT-both-none] instance_30_10_4_12 | 09:15:11 ... TIMEOUT  (300s wall)
[delta=0.10][cfg3_TOT-both-none] instance_30_10_4_13 | 09:20:11 ... UNSATISFIABLE  (0s wall)
[delta=0.10][cfg3_TOT-both-none] instance_30_10_4_14 | 09:20:11 ... UNSATISFIABLE  (0s wall)
[delta=0.10][cfg3_TOT-both-none] instance_30_10_4_15 | 09:20:11 ... UNSATISFIABLE  (0s wall)
[delta=0.10][cfg3_TOT-both-none] instance_30_10_4_16 | 09:20:11 ... TIMEOUT  (301s wall)
[delta=0.10][cfg3_TOT-both-none] instance_30_10_4_17 | 09:25:12 ... TIMEOUT  (300s wall)
[delta=0.10][cfg3_TOT-both-none] instance_30_10_4_18 | 09:30:12 ... TIMEOUT  (300s wall)
[delta=0.10][cfg3_TOT-both-none] instance_30_10_4_19 | 09:35:12 ... UNSATISFIABLE  (0s wall)
[delta=0.10][cfg3_TOT-both-none] instance_30_10_4_2 | 09:35:12 ... UNSATISFIABLE  (0s wall)
[delta=0.10][cfg3_TOT-both-none] instance_30_10_4_20 | 09:35:12 ... UNSATISFIABLE  (0s wall)
[delta=0.10][cfg3_TOT-both-none] instance_30_10_4_21 | 09:35:12 ... UNSATISFIABLE  (0s wall)
[delta=0.10][cfg3_TOT-both-none] instance_30_10_4_22 | 09:35:12 ... UNSATISFIABLE  (0s wall)
[delta=0.10][cfg3_TOT-both-none] instance_30_10_4_23 | 09:35:12 ... TIMEOUT  (301s wall)
[delta=0.10][cfg3_TOT-both-none] instance_30_10_4_24 | 09:40:13 ... TIMEOUT  (300s wall)
[delta=0.10][cfg3_TOT-both-none] instance_30_10_4_25 | 09:45:13 ... TIMEOUT  (300s wall)
[delta=0.10][cfg3_TOT-both-none] instance_30_10_4_26 | 09:50:13 ... UNSATISFIABLE  (0s wall)
[delta=0.10][cfg3_TOT-both-none] instance_30_10_4_27 | 09:50:13 ... TIMEOUT  (300s wall)
[delta=0.10][cfg3_TOT-both-none] instance_30_10_4_28 | 09:55:13 ... UNSATISFIABLE  (0s wall)
[delta=0.10][cfg3_TOT-both-none] instance_30_10_4_29 | 09:55:13 ... UNSATISFIABLE  (0s wall)
[delta=0.10][cfg3_TOT-both-none] instance_30_10_4_3 | 09:55:13 ... UNSATISFIABLE  (0s wall)
[delta=0.10][cfg3_TOT-both-none] instance_30_10_4_30 | 09:55:14 ... TIMEOUT  (300s wall)
[delta=0.10][cfg3_TOT-both-none] instance_30_10_4_31 | 10:00:14 ... OPTIMUM  (286s wall)
[delta=0.10][cfg3_TOT-both-none] instance_30_10_4_32 | 10:05:00 ... TIMEOUT  (300s wall)
[delta=0.10][cfg3_TOT-both-none] instance_30_10_4_33 | 10:10:01 ... TIMEOUT  (300s wall)
[delta=0.10][cfg3_TOT-both-none] instance_30_10_4_34 | 10:15:01 ... UNSATISFIABLE  (0s wall)
[delta=0.10][cfg3_TOT-both-none] instance_30_10_4_35 | 10:15:01 ... UNSATISFIABLE  (0s wall)
[delta=0.10][cfg3_TOT-both-none] instance_30_10_4_36 | 10:15:01 ... TIMEOUT  (300s wall)
[delta=0.10][cfg3_TOT-both-none] instance_30_10_4_37 | 10:20:01 ... TIMEOUT  (300s wall)
[delta=0.10][cfg3_TOT-both-none] instance_30_10_4_38 | 10:25:01 ... UNSATISFIABLE  (0s wall)
[delta=0.10][cfg3_TOT-both-none] instance_30_10_4_39 | 10:25:01 ... UNSATISFIABLE  (0s wall)
[delta=0.10][cfg3_TOT-both-none] instance_30_10_4_4 | 10:25:01 ... TIMEOUT  (301s wall)
[delta=0.10][cfg3_TOT-both-none] instance_30_10_4_40 | 10:30:02 ... UNSATISFIABLE  (0s wall)
[delta=0.10][cfg3_TOT-both-none] instance_30_10_4_41 | 10:30:02 ... OPTIMUM  (157s wall)
[delta=0.10][cfg3_TOT-both-none] instance_30_10_4_42 | 10:32:39 ... UNSATISFIABLE  (0s wall)
[delta=0.10][cfg3_TOT-both-none] instance_30_10_4_43 | 10:32:39 ... TIMEOUT  (300s wall)
[delta=0.10][cfg3_TOT-both-none] instance_30_10_4_44 | 10:37:39 ... UNSATISFIABLE  (0s wall)
[delta=0.10][cfg3_TOT-both-none] instance_30_10_4_45 | 10:37:39 ... TIMEOUT  (300s wall)
[delta=0.10][cfg3_TOT-both-none] instance_30_10_4_46 | 10:42:39 ... UNSATISFIABLE  (0s wall)
[delta=0.10][cfg3_TOT-both-none] instance_30_10_4_47 | 10:42:40 ... TIMEOUT  (300s wall)
[delta=0.10][cfg3_TOT-both-none] instance_30_10_4_48 | 10:47:40 ... OPTIMUM  (86s wall)
[delta=0.10][cfg3_TOT-both-none] instance_30_10_4_49 | 10:49:06 ... UNSATISFIABLE  (0s wall)
[delta=0.10][cfg3_TOT-both-none] instance_30_10_4_5 | 10:49:06 ... TIMEOUT  (300s wall)
[delta=0.10][cfg3_TOT-both-none] instance_30_10_4_50 | 10:54:06 ... UNSATISFIABLE  (0s wall)
[delta=0.10][cfg3_TOT-both-none] instance_30_10_4_6 | 10:54:06 ... TIMEOUT  (300s wall)
[delta=0.10][cfg3_TOT-both-none] instance_30_10_4_7 | 10:59:06 ... UNSATISFIABLE  (0s wall)
[delta=0.10][cfg3_TOT-both-none] instance_30_10_4_8 | 10:59:06 ... TIMEOUT  (300s wall)

[STOP] Delta 0.10 - Cấu hình cfg3_TOT-both-none đã vượt giới hạn thời gian (7200 giây).
[delta=0.10][cfg4_TOT-both-ss] instance_30_10_4_1 | 11:04:06 ... TIMEOUT  (301s wall)
[delta=0.10][cfg4_TOT-both-ss] instance_30_10_4_10 | 11:09:07 ... TIMEOUT  (300s wall)
[delta=0.10][cfg4_TOT-both-ss] instance_30_10_4_11 | 11:14:07 ... TIMEOUT  (300s wall)
[delta=0.10][cfg4_TOT-both-ss] instance_30_10_4_12 | 11:19:07 ... TIMEOUT  (300s wall)
[delta=0.10][cfg4_TOT-both-ss] instance_30_10_4_13 | 11:24:07 ... UNSATISFIABLE  (0s wall)
[delta=0.10][cfg4_TOT-both-ss] instance_30_10_4_14 | 11:24:07 ... UNSATISFIABLE  (0s wall)
[delta=0.10][cfg4_TOT-both-ss] instance_30_10_4_15 | 11:24:07 ... UNSATISFIABLE  (0s wall)
[delta=0.10][cfg4_TOT-both-ss] instance_30_10_4_16 | 11:24:07 ... TIMEOUT  (301s wall)
[delta=0.10][cfg4_TOT-both-ss] instance_30_10_4_17 | 11:29:08 ... TIMEOUT  (300s wall)
[delta=0.10][cfg4_TOT-both-ss] instance_30_10_4_18 | 11:34:08 ... TIMEOUT  (300s wall)
[delta=0.10][cfg4_TOT-both-ss] instance_30_10_4_19 | 11:39:08 ... UNSATISFIABLE  (0s wall)
[delta=0.10][cfg4_TOT-both-ss] instance_30_10_4_2 | 11:39:08 ... UNSATISFIABLE  (0s wall)
[delta=0.10][cfg4_TOT-both-ss] instance_30_10_4_20 | 11:39:08 ... UNSATISFIABLE  (0s wall)
[delta=0.10][cfg4_TOT-both-ss] instance_30_10_4_21 | 11:39:08 ... UNSATISFIABLE  (0s wall)
[delta=0.10][cfg4_TOT-both-ss] instance_30_10_4_22 | 11:39:08 ... UNSATISFIABLE  (0s wall)
[delta=0.10][cfg4_TOT-both-ss] instance_30_10_4_23 | 11:39:08 ... TIMEOUT  (301s wall)
[delta=0.10][cfg4_TOT-both-ss] instance_30_10_4_24 | 11:44:09 ... TIMEOUT  (300s wall)
[delta=0.10][cfg4_TOT-both-ss] instance_30_10_4_25 | 11:49:09 ... TIMEOUT  (300s wall)
[delta=0.10][cfg4_TOT-both-ss] instance_30_10_4_26 | 11:54:09 ... UNSATISFIABLE  (0s wall)
[delta=0.10][cfg4_TOT-both-ss] instance_30_10_4_27 | 11:54:09 ... TIMEOUT  (300s wall)
[delta=0.10][cfg4_TOT-both-ss] instance_30_10_4_28 | 11:59:09 ... UNSATISFIABLE  (0s wall)
[delta=0.10][cfg4_TOT-both-ss] instance_30_10_4_29 | 11:59:09 ... UNSATISFIABLE  (0s wall)
[delta=0.10][cfg4_TOT-both-ss] instance_30_10_4_3 | 11:59:09 ... UNSATISFIABLE  (0s wall)
[delta=0.10][cfg4_TOT-both-ss] instance_30_10_4_30 | 11:59:10 ... TIMEOUT  (300s wall)
[delta=0.10][cfg4_TOT-both-ss] instance_30_10_4_31 | 12:04:10 ... TIMEOUT  (300s wall)
[delta=0.10][cfg4_TOT-both-ss] instance_30_10_4_32 | 12:09:10 ... TIMEOUT  (300s wall)
[delta=0.10][cfg4_TOT-both-ss] instance_30_10_4_33 | 12:14:10 ... TIMEOUT  (300s wall)
[delta=0.10][cfg4_TOT-both-ss] instance_30_10_4_34 | 12:19:10 ... UNSATISFIABLE  (0s wall)
[delta=0.10][cfg4_TOT-both-ss] instance_30_10_4_35 | 12:19:10 ... UNSATISFIABLE  (0s wall)
[delta=0.10][cfg4_TOT-both-ss] instance_30_10_4_36 | 12:19:10 ... TIMEOUT  (301s wall)
[delta=0.10][cfg4_TOT-both-ss] instance_30_10_4_37 | 12:24:11 ... TIMEOUT  (300s wall)
[delta=0.10][cfg4_TOT-both-ss] instance_30_10_4_38 | 12:29:11 ... UNSATISFIABLE  (0s wall)
[delta=0.10][cfg4_TOT-both-ss] instance_30_10_4_39 | 12:29:11 ... UNSATISFIABLE  (0s wall)
[delta=0.10][cfg4_TOT-both-ss] instance_30_10_4_4 | 12:29:11 ... TIMEOUT  (300s wall)
[delta=0.10][cfg4_TOT-both-ss] instance_30_10_4_40 | 12:34:11 ... UNSATISFIABLE  (0s wall)
[delta=0.10][cfg4_TOT-both-ss] instance_30_10_4_41 | 12:34:11 ... OPTIMUM  (228s wall)
[delta=0.10][cfg4_TOT-both-ss] instance_30_10_4_42 | 12:37:59 ... UNSATISFIABLE  (0s wall)
[delta=0.10][cfg4_TOT-both-ss] instance_30_10_4_43 | 12:37:59 ... TIMEOUT  (300s wall)
[delta=0.10][cfg4_TOT-both-ss] instance_30_10_4_44 | 12:42:59 ... UNSATISFIABLE  (0s wall)
[delta=0.10][cfg4_TOT-both-ss] instance_30_10_4_45 | 12:42:59 ... TIMEOUT  (300s wall)
[delta=0.10][cfg4_TOT-both-ss] instance_30_10_4_46 | 12:47:59 ... UNSATISFIABLE  (0s wall)
[delta=0.10][cfg4_TOT-both-ss] instance_30_10_4_47 | 12:48:00 ... TIMEOUT  (300s wall)
[delta=0.10][cfg4_TOT-both-ss] instance_30_10_4_48 | 12:53:00 ... OPTIMUM  (72s wall)
[delta=0.10][cfg4_TOT-both-ss] instance_30_10_4_49 | 12:54:12 ... UNSATISFIABLE  (0s wall)
[delta=0.10][cfg4_TOT-both-ss] instance_30_10_4_5 | 12:54:12 ... TIMEOUT  (300s wall)
[delta=0.10][cfg4_TOT-both-ss] instance_30_10_4_50 | 12:59:12 ... UNSATISFIABLE  (0s wall)
[delta=0.10][cfg4_TOT-both-ss] instance_30_10_4_6 | 12:59:12 ... TIMEOUT  (300s wall)

[STOP] Delta 0.10 - Cấu hình cfg4_TOT-both-ss đã vượt giới hạn thời gian (7200 giây).
[delta=0.10][cfg5_ORIGINAL] instance_30_10_4_1 | 13:04:12 ... TIMEOUT  (301s wall)
[delta=0.10][cfg5_ORIGINAL] instance_30_10_4_10 | 13:09:13 ... TIMEOUT  (300s wall)
[delta=0.10][cfg5_ORIGINAL] instance_30_10_4_11 | 13:14:13 ... TIMEOUT  (300s wall)
[delta=0.10][cfg5_ORIGINAL] instance_30_10_4_12 | 13:19:13 ... TIMEOUT  (300s wall)
[delta=0.10][cfg5_ORIGINAL] instance_30_10_4_13 | 13:24:13 ... UNSATISFIABLE  (0s wall)
[delta=0.10][cfg5_ORIGINAL] instance_30_10_4_14 | 13:24:13 ... UNSATISFIABLE  (0s wall)
[delta=0.10][cfg5_ORIGINAL] instance_30_10_4_15 | 13:24:13 ... UNSATISFIABLE  (0s wall)
[delta=0.10][cfg5_ORIGINAL] instance_30_10_4_16 | 13:24:13 ... TIMEOUT  (300s wall)
[delta=0.10][cfg5_ORIGINAL] instance_30_10_4_17 | 13:29:14 ... TIMEOUT  (300s wall)
[delta=0.10][cfg5_ORIGINAL] instance_30_10_4_18 | 13:34:14 ... TIMEOUT  (300s wall)
[delta=0.10][cfg5_ORIGINAL] instance_30_10_4_19 | 13:39:14 ... UNSATISFIABLE  (0s wall)
[delta=0.10][cfg5_ORIGINAL] instance_30_10_4_2 | 13:39:14 ... UNSATISFIABLE  (0s wall)
[delta=0.10][cfg5_ORIGINAL] instance_30_10_4_20 | 13:39:14 ... UNSATISFIABLE  (0s wall)
[delta=0.10][cfg5_ORIGINAL] instance_30_10_4_21 | 13:39:14 ... UNSATISFIABLE  (0s wall)
[delta=0.10][cfg5_ORIGINAL] instance_30_10_4_22 | 13:39:14 ... UNSATISFIABLE  (0s wall)
[delta=0.10][cfg5_ORIGINAL] instance_30_10_4_23 | 13:39:14 ... TIMEOUT  (300s wall)
[delta=0.10][cfg5_ORIGINAL] instance_30_10_4_24 | 13:44:15 ... TIMEOUT  (301s wall)
[delta=0.10][cfg5_ORIGINAL] instance_30_10_4_25 | 13:49:15 ... TIMEOUT  (300s wall)
[delta=0.10][cfg5_ORIGINAL] instance_30_10_4_26 | 13:54:15 ... UNSATISFIABLE  (0s wall)
[delta=0.10][cfg5_ORIGINAL] instance_30_10_4_27 | 13:54:15 ... TIMEOUT  (300s wall)
[delta=0.10][cfg5_ORIGINAL] instance_30_10_4_28 | 13:59:15 ... UNSATISFIABLE  (0s wall)
[delta=0.10][cfg5_ORIGINAL] instance_30_10_4_29 | 13:59:15 ... UNSATISFIABLE  (0s wall)
[delta=0.10][cfg5_ORIGINAL] instance_30_10_4_3 | 13:59:15 ... UNSATISFIABLE  (0s wall)
[delta=0.10][cfg5_ORIGINAL] instance_30_10_4_30 | 13:59:15 ... TIMEOUT  (300s wall)
[delta=0.10][cfg5_ORIGINAL] instance_30_10_4_31 | 14:04:15 ... TIMEOUT  (301s wall)
[delta=0.10][cfg5_ORIGINAL] instance_30_10_4_32 | 14:09:16 ... TIMEOUT  (300s wall)
[delta=0.10][cfg5_ORIGINAL] instance_30_10_4_33 | 14:14:16 ... TIMEOUT  (300s wall)
[delta=0.10][cfg5_ORIGINAL] instance_30_10_4_34 | 14:19:16 ... UNSATISFIABLE  (0s wall)
[delta=0.10][cfg5_ORIGINAL] instance_30_10_4_35 | 14:19:16 ... UNSATISFIABLE  (0s wall)
[delta=0.10][cfg5_ORIGINAL] instance_30_10_4_36 | 14:19:16 ... TIMEOUT  (300s wall)
[delta=0.10][cfg5_ORIGINAL] instance_30_10_4_37 | 14:24:16 ... TIMEOUT  (300s wall)
[delta=0.10][cfg5_ORIGINAL] instance_30_10_4_38 | 14:29:17 ... UNSATISFIABLE  (0s wall)
[delta=0.10][cfg5_ORIGINAL] instance_30_10_4_39 | 14:29:17 ... UNSATISFIABLE  (0s wall)
[delta=0.10][cfg5_ORIGINAL] instance_30_10_4_4 | 14:29:17 ... TIMEOUT  (300s wall)
[delta=0.10][cfg5_ORIGINAL] instance_30_10_4_40 | 14:34:17 ... UNSATISFIABLE  (0s wall)
[delta=0.10][cfg5_ORIGINAL] instance_30_10_4_41 | 14:34:17 ... OPTIMUM  (167s wall)
[delta=0.10][cfg5_ORIGINAL] instance_30_10_4_42 | 14:37:04 ... UNSATISFIABLE  (0s wall)
[delta=0.10][cfg5_ORIGINAL] instance_30_10_4_43 | 14:37:04 ... TIMEOUT  (300s wall)
[delta=0.10][cfg5_ORIGINAL] instance_30_10_4_44 | 14:42:04 ... UNSATISFIABLE  (0s wall)
[delta=0.10][cfg5_ORIGINAL] instance_30_10_4_45 | 14:42:04 ... TIMEOUT  (300s wall)
[delta=0.10][cfg5_ORIGINAL] instance_30_10_4_46 | 14:47:04 ... UNSATISFIABLE  (0s wall)
[delta=0.10][cfg5_ORIGINAL] instance_30_10_4_47 | 14:47:04 ... TIMEOUT  (301s wall)
[delta=0.10][cfg5_ORIGINAL] instance_30_10_4_48 | 14:52:05 ... OPTIMUM  (44s wall)
[delta=0.10][cfg5_ORIGINAL] instance_30_10_4_49 | 14:52:49 ... UNSATISFIABLE  (0s wall)
[delta=0.10][cfg5_ORIGINAL] instance_30_10_4_5 | 14:52:49 ... TIMEOUT  (300s wall)
[delta=0.10][cfg5_ORIGINAL] instance_30_10_4_50 | 14:57:49 ... UNSATISFIABLE  (0s wall)
[delta=0.10][cfg5_ORIGINAL] instance_30_10_4_6 | 14:57:49 ... TIMEOUT  (300s wall)
[delta=0.10][cfg5_ORIGINAL] instance_30_10_4_7 | 15:02:49 ... UNSATISFIABLE  (0s wall)
[delta=0.10][cfg5_ORIGINAL] instance_30_10_4_8 | 15:02:49 ... TIMEOUT  (300s wall)

[STOP] Delta 0.10 - Cấu hình cfg5_ORIGINAL đã vượt giới hạn thời gian (7200 giây).
[delta=0.10][cfg6_SN-none-ss] instance_30_10_4_1 | 15:07:49 ... TIMEOUT  (301s wall)
[delta=0.10][cfg6_SN-none-ss] instance_30_10_4_10 | 15:12:50 ... TIMEOUT  (300s wall)
[delta=0.10][cfg6_SN-none-ss] instance_30_10_4_11 | 15:17:50 ... TIMEOUT  (300s wall)
[delta=0.10][cfg6_SN-none-ss] instance_30_10_4_12 | 15:22:50 ... TIMEOUT  (300s wall)
[delta=0.10][cfg6_SN-none-ss] instance_30_10_4_13 | 15:27:50 ... UNSATISFIABLE  (0s wall)
[delta=0.10][cfg6_SN-none-ss] instance_30_10_4_14 | 15:27:50 ... UNSATISFIABLE  (0s wall)
[delta=0.10][cfg6_SN-none-ss] instance_30_10_4_15 | 15:27:50 ... UNSATISFIABLE  (0s wall)
[delta=0.10][cfg6_SN-none-ss] instance_30_10_4_16 | 15:27:50 ... TIMEOUT  (300s wall)
[delta=0.10][cfg6_SN-none-ss] instance_30_10_4_17 | 15:32:51 ... TIMEOUT  (300s wall)
[delta=0.10][cfg6_SN-none-ss] instance_30_10_4_18 | 15:37:51 ... TIMEOUT  (300s wall)
[delta=0.10][cfg6_SN-none-ss] instance_30_10_4_19 | 15:42:51 ... UNSATISFIABLE  (0s wall)
[delta=0.10][cfg6_SN-none-ss] instance_30_10_4_2 | 15:42:51 ... UNSATISFIABLE  (0s wall)
[delta=0.10][cfg6_SN-none-ss] instance_30_10_4_20 | 15:42:51 ... UNSATISFIABLE  (0s wall)
[delta=0.10][cfg6_SN-none-ss] instance_30_10_4_21 | 15:42:51 ... UNSATISFIABLE  (0s wall)
[delta=0.10][cfg6_SN-none-ss] instance_30_10_4_22 | 15:42:51 ... UNSATISFIABLE  (0s wall)
[delta=0.10][cfg6_SN-none-ss] instance_30_10_4_23 | 15:42:51 ... TIMEOUT  (300s wall)
[delta=0.10][cfg6_SN-none-ss] instance_30_10_4_24 | 15:47:51 ... TIMEOUT  (301s wall)
[delta=0.10][cfg6_SN-none-ss] instance_30_10_4_25 | 15:52:52 ... TIMEOUT  (300s wall)
[delta=0.10][cfg6_SN-none-ss] instance_30_10_4_26 | 15:57:52 ... UNSATISFIABLE  (0s wall)
[delta=0.10][cfg6_SN-none-ss] instance_30_10_4_27 | 15:57:52 ... TIMEOUT  (300s wall)
[delta=0.10][cfg6_SN-none-ss] instance_30_10_4_28 | 16:02:52 ... UNSATISFIABLE  (0s wall)
[delta=0.10][cfg6_SN-none-ss] instance_30_10_4_29 | 16:02:52 ... UNSATISFIABLE  (0s wall)
[delta=0.10][cfg6_SN-none-ss] instance_30_10_4_3 | 16:02:52 ... UNSATISFIABLE  (0s wall)
[delta=0.10][cfg6_SN-none-ss] instance_30_10_4_30 | 16:02:52 ... TIMEOUT  (300s wall)
[delta=0.10][cfg6_SN-none-ss] instance_30_10_4_31 | 16:07:52 ... TIMEOUT  (301s wall)
[delta=0.10][cfg6_SN-none-ss] instance_30_10_4_32 | 16:12:53 ... TIMEOUT  (300s wall)
[delta=0.10][cfg6_SN-none-ss] instance_30_10_4_33 | 16:17:53 ... TIMEOUT  (300s wall)
[delta=0.10][cfg6_SN-none-ss] instance_30_10_4_34 | 16:22:53 ... UNSATISFIABLE  (0s wall)
[delta=0.10][cfg6_SN-none-ss] instance_30_10_4_35 | 16:22:53 ... UNSATISFIABLE  (0s wall)
[delta=0.10][cfg6_SN-none-ss] instance_30_10_4_36 | 16:22:53 ... TIMEOUT  (300s wall)
[delta=0.10][cfg6_SN-none-ss] instance_30_10_4_37 | 16:27:53 ... TIMEOUT  (300s wall)
[delta=0.10][cfg6_SN-none-ss] instance_30_10_4_38 | 16:32:54 ... UNSATISFIABLE  (0s wall)
[delta=0.10][cfg6_SN-none-ss] instance_30_10_4_39 | 16:32:54 ... UNSATISFIABLE  (0s wall)
[delta=0.10][cfg6_SN-none-ss] instance_30_10_4_4 | 16:32:54 ... TIMEOUT  (300s wall)
[delta=0.10][cfg6_SN-none-ss] instance_30_10_4_40 | 16:37:54 ... UNSATISFIABLE  (0s wall)
[delta=0.10][cfg6_SN-none-ss] instance_30_10_4_41 | 16:37:54 ... OPTIMUM  (153s wall)
[delta=0.10][cfg6_SN-none-ss] instance_30_10_4_42 | 16:40:27 ... UNSATISFIABLE  (0s wall)
[delta=0.10][cfg6_SN-none-ss] instance_30_10_4_43 | 16:40:27 ... TIMEOUT  (300s wall)
[delta=0.10][cfg6_SN-none-ss] instance_30_10_4_44 | 16:45:27 ... UNSATISFIABLE  (0s wall)
[delta=0.10][cfg6_SN-none-ss] instance_30_10_4_45 | 16:45:28 ... TIMEOUT  (300s wall)
[delta=0.10][cfg6_SN-none-ss] instance_30_10_4_46 | 16:50:28 ... UNSATISFIABLE  (0s wall)
[delta=0.10][cfg6_SN-none-ss] instance_30_10_4_47 | 16:50:28 ... TIMEOUT  (300s wall)
[delta=0.10][cfg6_SN-none-ss] instance_30_10_4_48 | 16:55:28 ... OPTIMUM  (36s wall)
[delta=0.10][cfg6_SN-none-ss] instance_30_10_4_49 | 16:56:04 ... UNSATISFIABLE  (0s wall)
[delta=0.10][cfg6_SN-none-ss] instance_30_10_4_5 | 16:56:04 ... TIMEOUT  (300s wall)
[delta=0.10][cfg6_SN-none-ss] instance_30_10_4_50 | 17:01:05 ... UNSATISFIABLE  (0s wall)
[delta=0.10][cfg6_SN-none-ss] instance_30_10_4_6 | 17:01:05 ... TIMEOUT  (300s wall)
[delta=0.10][cfg6_SN-none-ss] instance_30_10_4_7 | 17:06:05 ... UNSATISFIABLE  (0s wall)
[delta=0.10][cfg6_SN-none-ss] instance_30_10_4_8 | 17:06:05 ... TIMEOUT  (300s wall)

[STOP] Delta 0.10 - Cấu hình cfg6_SN-none-ss đã vượt giới hạn thời gian (7200 giây).
[delta=0.10][cfg7_SN-both-none] instance_30_10_4_1 | 17:11:05 ... TIMEOUT  (300s wall)
[delta=0.10][cfg7_SN-both-none] instance_30_10_4_10 | 17:16:05 ... TIMEOUT  (300s wall)
[delta=0.10][cfg7_SN-both-none] instance_30_10_4_11 | 17:21:05 ... TIMEOUT  (301s wall)
[delta=0.10][cfg7_SN-both-none] instance_30_10_4_12 | 17:26:06 ... TIMEOUT  (300s wall)
[delta=0.10][cfg7_SN-both-none] instance_30_10_4_13 | 17:31:06 ... UNSATISFIABLE  (0s wall)
[delta=0.10][cfg7_SN-both-none] instance_30_10_4_14 | 17:31:06 ... UNSATISFIABLE  (0s wall)
[delta=0.10][cfg7_SN-both-none] instance_30_10_4_15 | 17:31:06 ... UNSATISFIABLE  (0s wall)
[delta=0.10][cfg7_SN-both-none] instance_30_10_4_16 | 17:31:06 ... TIMEOUT  (300s wall)
[delta=0.10][cfg7_SN-both-none] instance_30_10_4_17 | 17:36:06 ... TIMEOUT  (300s wall)
[delta=0.10][cfg7_SN-both-none] instance_30_10_4_18 | 17:41:06 ... TIMEOUT  (300s wall)
[delta=0.10][cfg7_SN-both-none] instance_30_10_4_19 | 17:46:07 ... UNSATISFIABLE  (1s wall)
[delta=0.10][cfg7_SN-both-none] instance_30_10_4_2 | 17:46:07 ... UNSATISFIABLE  (0s wall)
[delta=0.10][cfg7_SN-both-none] instance_30_10_4_20 | 17:46:07 ... UNSATISFIABLE  (0s wall)
[delta=0.10][cfg7_SN-both-none] instance_30_10_4_21 | 17:46:07 ... UNSATISFIABLE  (0s wall)
[delta=0.10][cfg7_SN-both-none] instance_30_10_4_22 | 17:46:07 ... UNSATISFIABLE  (0s wall)
[delta=0.10][cfg7_SN-both-none] instance_30_10_4_23 | 17:46:07 ... TIMEOUT  (300s wall)
[delta=0.10][cfg7_SN-both-none] instance_30_10_4_24 | 17:51:07 ... TIMEOUT  (300s wall)
[delta=0.10][cfg7_SN-both-none] instance_30_10_4_25 | 17:56:07 ... TIMEOUT  (300s wall)
[delta=0.10][cfg7_SN-both-none] instance_30_10_4_26 | 18:01:08 ... UNSATISFIABLE  (0s wall)
[delta=0.10][cfg7_SN-both-none] instance_30_10_4_27 | 18:01:08 ... TIMEOUT  (300s wall)
[delta=0.10][cfg7_SN-both-none] instance_30_10_4_28 | 18:06:08 ... UNSATISFIABLE  (0s wall)
[delta=0.10][cfg7_SN-both-none] instance_30_10_4_29 | 18:06:08 ... UNSATISFIABLE  (0s wall)
[delta=0.10][cfg7_SN-both-none] instance_30_10_4_3 | 18:06:08 ... UNSATISFIABLE  (0s wall)
[delta=0.10][cfg7_SN-both-none] instance_30_10_4_30 | 18:06:08 ... TIMEOUT  (300s wall)
[delta=0.10][cfg7_SN-both-none] instance_30_10_4_31 | 18:11:08 ... TIMEOUT  (300s wall)
[delta=0.10][cfg7_SN-both-none] instance_30_10_4_32 | 18:16:08 ... TIMEOUT  (301s wall)
[delta=0.10][cfg7_SN-both-none] instance_30_10_4_33 | 18:21:09 ... TIMEOUT  (300s wall)
[delta=0.10][cfg7_SN-both-none] instance_30_10_4_34 | 18:26:09 ... UNSATISFIABLE  (0s wall)
[delta=0.10][cfg7_SN-both-none] instance_30_10_4_35 | 18:26:09 ... UNSATISFIABLE  (0s wall)
[delta=0.10][cfg7_SN-both-none] instance_30_10_4_36 | 18:26:09 ... TIMEOUT  (300s wall)
[delta=0.10][cfg7_SN-both-none] instance_30_10_4_37 | 18:31:09 ... TIMEOUT  (300s wall)
[delta=0.10][cfg7_SN-both-none] instance_30_10_4_38 | 18:36:09 ... UNSATISFIABLE  (0s wall)
[delta=0.10][cfg7_SN-both-none] instance_30_10_4_39 | 18:36:09 ... UNSATISFIABLE  (0s wall)
[delta=0.10][cfg7_SN-both-none] instance_30_10_4_4 | 18:36:09 ... TIMEOUT  (301s wall)
[delta=0.10][cfg7_SN-both-none] instance_30_10_4_40 | 18:41:10 ... UNSATISFIABLE  (0s wall)
[delta=0.10][cfg7_SN-both-none] instance_30_10_4_41 | 18:41:10 ... OPTIMUM  (222s wall)
[delta=0.10][cfg7_SN-both-none] instance_30_10_4_42 | 18:44:52 ... UNSATISFIABLE  (0s wall)
[delta=0.10][cfg7_SN-both-none] instance_30_10_4_43 | 18:44:52 ... TIMEOUT  (300s wall)
[delta=0.10][cfg7_SN-both-none] instance_30_10_4_44 | 18:49:52 ... UNSATISFIABLE  (0s wall)
[delta=0.10][cfg7_SN-both-none] instance_30_10_4_45 | 18:49:52 ... TIMEOUT  (300s wall)
[delta=0.10][cfg7_SN-both-none] instance_30_10_4_46 | 18:54:52 ... UNSATISFIABLE  (0s wall)
[delta=0.10][cfg7_SN-both-none] instance_30_10_4_47 | 18:54:52 ... TIMEOUT  (301s wall)
[delta=0.10][cfg7_SN-both-none] instance_30_10_4_48 | 18:59:53 ... OPTIMUM  (50s wall)
[delta=0.10][cfg7_SN-both-none] instance_30_10_4_49 | 19:00:43 ... UNSATISFIABLE  (0s wall)
[delta=0.10][cfg7_SN-both-none] instance_30_10_4_5 | 19:00:44 ... TIMEOUT  (300s wall)
[delta=0.10][cfg7_SN-both-none] instance_30_10_4_50 | 19:05:44 ... UNSATISFIABLE  (0s wall)
[delta=0.10][cfg7_SN-both-none] instance_30_10_4_6 | 19:05:44 ... TIMEOUT  (300s wall)
[delta=0.10][cfg7_SN-both-none] instance_30_10_4_7 | 19:10:44 ... UNSATISFIABLE  (0s wall)
[delta=0.10][cfg7_SN-both-none] instance_30_10_4_8 | 19:10:44 ... TIMEOUT  (300s wall)

[STOP] Delta 0.10 - Cấu hình cfg7_SN-both-none đã vượt giới hạn thời gian (7200 giây).
[delta=0.10][cfg8_SN-both-ss] instance_30_10_4_1 | 19:15:44 ... TIMEOUT  (300s wall)
[delta=0.10][cfg8_SN-both-ss] instance_30_10_4_10 | 19:20:44 ... TIMEOUT  (301s wall)
[delta=0.10][cfg8_SN-both-ss] instance_30_10_4_11 | 19:25:45 ... TIMEOUT  (300s wall)
[delta=0.10][cfg8_SN-both-ss] instance_30_10_4_12 | 19:30:45 ... TIMEOUT  (300s wall)
[delta=0.10][cfg8_SN-both-ss] instance_30_10_4_13 | 19:35:45 ... UNSATISFIABLE  (0s wall)
[delta=0.10][cfg8_SN-both-ss] instance_30_10_4_14 | 19:35:45 ... UNSATISFIABLE  (0s wall)
[delta=0.10][cfg8_SN-both-ss] instance_30_10_4_15 | 19:35:45 ... UNSATISFIABLE  (0s wall)
[delta=0.10][cfg8_SN-both-ss] instance_30_10_4_16 | 19:35:45 ... TIMEOUT  (300s wall)
[delta=0.10][cfg8_SN-both-ss] instance_30_10_4_17 | 19:40:45 ... TIMEOUT  (300s wall)
[delta=0.10][cfg8_SN-both-ss] instance_30_10_4_18 | 19:45:46 ... TIMEOUT  (300s wall)
[delta=0.10][cfg8_SN-both-ss] instance_30_10_4_19 | 19:50:46 ... UNSATISFIABLE  (0s wall)
[delta=0.10][cfg8_SN-both-ss] instance_30_10_4_2 | 19:50:46 ... UNSATISFIABLE  (0s wall)
[delta=0.10][cfg8_SN-both-ss] instance_30_10_4_20 | 19:50:46 ... UNSATISFIABLE  (0s wall)
[delta=0.10][cfg8_SN-both-ss] instance_30_10_4_21 | 19:50:46 ... UNSATISFIABLE  (0s wall)
[delta=0.10][cfg8_SN-both-ss] instance_30_10_4_22 | 19:50:46 ... UNSATISFIABLE  (0s wall)
[delta=0.10][cfg8_SN-both-ss] instance_30_10_4_23 | 19:50:46 ... TIMEOUT  (300s wall)
[delta=0.10][cfg8_SN-both-ss] instance_30_10_4_24 | 19:55:46 ... TIMEOUT  (301s wall)
[delta=0.10][cfg8_SN-both-ss] instance_30_10_4_25 | 20:00:47 ... TIMEOUT  (300s wall)
[delta=0.10][cfg8_SN-both-ss] instance_30_10_4_26 | 20:05:47 ... UNSATISFIABLE  (0s wall)
[delta=0.10][cfg8_SN-both-ss] instance_30_10_4_27 | 20:05:47 ... TIMEOUT  (300s wall)
[delta=0.10][cfg8_SN-both-ss] instance_30_10_4_28 | 20:10:47 ... UNSATISFIABLE  (0s wall)
[delta=0.10][cfg8_SN-both-ss] instance_30_10_4_29 | 20:10:47 ... UNSATISFIABLE  (0s wall)
[delta=0.10][cfg8_SN-both-ss] instance_30_10_4_3 | 20:10:47 ... UNSATISFIABLE  (0s wall)
[delta=0.10][cfg8_SN-both-ss] instance_30_10_4_30 | 20:10:47 ... TIMEOUT  (300s wall)
[delta=0.10][cfg8_SN-both-ss] instance_30_10_4_31 | 20:15:47 ... TIMEOUT  (301s wall)
[delta=0.10][cfg8_SN-both-ss] instance_30_10_4_32 | 20:20:48 ... TIMEOUT  (300s wall)
[delta=0.10][cfg8_SN-both-ss] instance_30_10_4_33 | 20:25:48 ... TIMEOUT  (300s wall)
[delta=0.10][cfg8_SN-both-ss] instance_30_10_4_34 | 20:30:48 ... UNSATISFIABLE  (0s wall)
[delta=0.10][cfg8_SN-both-ss] instance_30_10_4_35 | 20:30:48 ... UNSATISFIABLE  (0s wall)
[delta=0.10][cfg8_SN-both-ss] instance_30_10_4_36 | 20:30:48 ... TIMEOUT  (300s wall)
[delta=0.10][cfg8_SN-both-ss] instance_30_10_4_37 | 20:35:48 ... TIMEOUT  (300s wall)
[delta=0.10][cfg8_SN-both-ss] instance_30_10_4_38 | 20:40:49 ... UNSATISFIABLE  (0s wall)
[delta=0.10][cfg8_SN-both-ss] instance_30_10_4_39 | 20:40:49 ... UNSATISFIABLE  (0s wall)
[delta=0.10][cfg8_SN-both-ss] instance_30_10_4_4 | 20:40:49 ... TIMEOUT  (300s wall)
[delta=0.10][cfg8_SN-both-ss] instance_30_10_4_40 | 20:45:49 ... UNSATISFIABLE  (0s wall)
[delta=0.10][cfg8_SN-both-ss] instance_30_10_4_41 | 20:45:49 ... OPTIMUM  (184s wall)
[delta=0.10][cfg8_SN-both-ss] instance_30_10_4_42 | 20:48:53 ... UNSATISFIABLE  (0s wall)
[delta=0.10][cfg8_SN-both-ss] instance_30_10_4_43 | 20:48:53 ... TIMEOUT  (300s wall)
[delta=0.10][cfg8_SN-both-ss] instance_30_10_4_44 | 20:53:53 ... UNSATISFIABLE  (0s wall)
[delta=0.10][cfg8_SN-both-ss] instance_30_10_4_45 | 20:53:54 ... TIMEOUT  (300s wall)
[delta=0.10][cfg8_SN-both-ss] instance_30_10_4_46 | 20:58:54 ... UNSATISFIABLE  (0s wall)
[delta=0.10][cfg8_SN-both-ss] instance_30_10_4_47 | 20:58:54 ... TIMEOUT  (300s wall)
[delta=0.10][cfg8_SN-both-ss] instance_30_10_4_48 | 21:03:54 ... OPTIMUM  (80s wall)
[delta=0.10][cfg8_SN-both-ss] instance_30_10_4_49 | 21:05:14 ... UNSATISFIABLE  (0s wall)
[delta=0.10][cfg8_SN-both-ss] instance_30_10_4_5 | 21:05:15 ... TIMEOUT  (300s wall)
[delta=0.10][cfg8_SN-both-ss] instance_30_10_4_50 | 21:10:15 ... UNSATISFIABLE  (0s wall)
[delta=0.10][cfg8_SN-both-ss] instance_30_10_4_6 | 21:10:15 ... TIMEOUT  (300s wall)
[delta=0.10][cfg8_SN-both-ss] instance_30_10_4_7 | 21:15:15 ... UNSATISFIABLE  (0s wall)
[delta=0.10][cfg8_SN-both-ss] instance_30_10_4_8 | 21:15:15 ... TIMEOUT  (300s wall)

[STOP] Delta 0.10 - Cấu hình cfg8_SN-both-ss đã vượt giới hạn thời gian (7200 giây).
