
=== B2 similarity budget: delta=0.05 (Thư mục: experiments/results/epsilon_8cfg_evalmaxsat/delta_0p05) ===
[delta=0.05][cfg1_TOT-none-none] instance_30_10_4_1 | 12:21:12 ... TIMEOUT  (300s wall)
[delta=0.05][cfg1_TOT-none-none] instance_30_10_4_10 | 12:26:12 ... TIMEOUT  (300s wall)
[delta=0.05][cfg1_TOT-none-none] instance_30_10_4_11 | 12:31:12 ... TIMEOUT  (301s wall)
[delta=0.05][cfg1_TOT-none-none] instance_30_10_4_12 | 12:36:13 ... TIMEOUT  (300s wall)
[delta=0.05][cfg1_TOT-none-none] instance_30_10_4_13 | 12:41:13 ... UNSATISFIABLE  (0s wall)
[delta=0.05][cfg1_TOT-none-none] instance_30_10_4_14 | 12:41:13 ... UNSATISFIABLE  (0s wall)
[delta=0.05][cfg1_TOT-none-none] instance_30_10_4_15 | 12:41:13 ... UNSATISFIABLE  (0s wall)
[delta=0.05][cfg1_TOT-none-none] instance_30_10_4_16 | 12:41:13 ... TIMEOUT  (300s wall)
[delta=0.05][cfg1_TOT-none-none] instance_30_10_4_17 | 12:46:13 ... TIMEOUT  (300s wall)
[delta=0.05][cfg1_TOT-none-none] instance_30_10_4_18 | 12:51:13 ... TIMEOUT  (300s wall)
[delta=0.05][cfg1_TOT-none-none] instance_30_10_4_19 | 12:56:13 ... UNSATISFIABLE  (1s wall)
[delta=0.05][cfg1_TOT-none-none] instance_30_10_4_2 | 12:56:14 ... UNSATISFIABLE  (0s wall)
[delta=0.05][cfg1_TOT-none-none] instance_30_10_4_20 | 12:56:14 ... UNSATISFIABLE  (0s wall)
[delta=0.05][cfg1_TOT-none-none] instance_30_10_4_21 | 12:56:14 ... UNSATISFIABLE  (0s wall)
[delta=0.05][cfg1_TOT-none-none] instance_30_10_4_22 | 12:56:14 ... UNSATISFIABLE  (0s wall)
[delta=0.05][cfg1_TOT-none-none] instance_30_10_4_23 | 12:56:14 ... TIMEOUT  (300s wall)
[delta=0.05][cfg1_TOT-none-none] instance_30_10_4_24 | 13:01:14 ... TIMEOUT  (300s wall)
[delta=0.05][cfg1_TOT-none-none] instance_30_10_4_25 | 13:06:14 ... TIMEOUT  (300s wall)
[delta=0.05][cfg1_TOT-none-none] instance_30_10_4_26 | 13:11:14 ... UNSATISFIABLE  (0s wall)
[delta=0.05][cfg1_TOT-none-none] instance_30_10_4_27 | 13:11:14 ... TIMEOUT  (301s wall)
[delta=0.05][cfg1_TOT-none-none] instance_30_10_4_28 | 13:16:15 ... UNSATISFIABLE  (0s wall)
[delta=0.05][cfg1_TOT-none-none] instance_30_10_4_29 | 13:16:15 ... UNSATISFIABLE  (0s wall)
[delta=0.05][cfg1_TOT-none-none] instance_30_10_4_3 | 13:16:15 ... UNSATISFIABLE  (0s wall)
[delta=0.05][cfg1_TOT-none-none] instance_30_10_4_30 | 13:16:15 ... TIMEOUT  (300s wall)
[delta=0.05][cfg1_TOT-none-none] instance_30_10_4_31 | 13:21:15 ... TIMEOUT  (300s wall)
[delta=0.05][cfg1_TOT-none-none] instance_30_10_4_32 | 13:26:15 ... TIMEOUT  (300s wall)
[delta=0.05][cfg1_TOT-none-none] instance_30_10_4_33 | 13:31:15 ... TIMEOUT  (301s wall)
[delta=0.05][cfg1_TOT-none-none] instance_30_10_4_34 | 13:36:16 ... UNSATISFIABLE  (0s wall)
[delta=0.05][cfg1_TOT-none-none] instance_30_10_4_35 | 13:36:16 ... UNSATISFIABLE  (0s wall)
[delta=0.05][cfg1_TOT-none-none] instance_30_10_4_36 | 13:36:16 ... TIMEOUT  (300s wall)
[delta=0.05][cfg1_TOT-none-none] instance_30_10_4_37 | 13:41:16 ... TIMEOUT  (300s wall)
[delta=0.05][cfg1_TOT-none-none] instance_30_10_4_38 | 13:46:16 ... UNSATISFIABLE  (0s wall)
[delta=0.05][cfg1_TOT-none-none] instance_30_10_4_39 | 13:46:16 ... UNSATISFIABLE  (0s wall)
[delta=0.05][cfg1_TOT-none-none] instance_30_10_4_4 | 13:46:16 ... TIMEOUT  (300s wall)
[delta=0.05][cfg1_TOT-none-none] instance_30_10_4_40 | 13:51:16 ... UNSATISFIABLE  (0s wall)
[delta=0.05][cfg1_TOT-none-none] instance_30_10_4_41 | 13:51:17 ... TIMEOUT  (300s wall)
[delta=0.05][cfg1_TOT-none-none] instance_30_10_4_42 | 13:56:17 ... UNSATISFIABLE  (0s wall)
[delta=0.05][cfg1_TOT-none-none] instance_30_10_4_43 | 13:56:17 ... TIMEOUT  (300s wall)
[delta=0.05][cfg1_TOT-none-none] instance_30_10_4_44 | 14:01:17 ... UNSATISFIABLE  (0s wall)
[delta=0.05][cfg1_TOT-none-none] instance_30_10_4_45 | 14:01:17 ... TIMEOUT  (300s wall)
[delta=0.05][cfg1_TOT-none-none] instance_30_10_4_46 | 14:06:17 ... UNSATISFIABLE  (0s wall)
[delta=0.05][cfg1_TOT-none-none] instance_30_10_4_47 | 14:06:17 ... TIMEOUT  (300s wall)
[delta=0.05][cfg1_TOT-none-none] instance_30_10_4_48 | 14:11:17 ... OPTIMUM  (236s wall)
[delta=0.05][cfg1_TOT-none-none] instance_30_10_4_49 | 14:15:13 ... UNSATISFIABLE  (0s wall)
[delta=0.05][cfg1_TOT-none-none] instance_30_10_4_5 | 14:15:13 ... TIMEOUT  (300s wall)
[delta=0.05][cfg1_TOT-none-none] instance_30_10_4_50 | 14:20:13 ... UNSATISFIABLE  (0s wall)
[delta=0.05][cfg1_TOT-none-none] instance_30_10_4_6 | 14:20:14 ... TIMEOUT  (300s wall)

[STOP] Delta 0.05 - Cấu hình cfg1_TOT-none-none đã vượt giới hạn thời gian (7200 giây).
[delta=0.05][cfg2_TOT-none-ss] instance_30_10_4_1 | 14:25:14 ... TIMEOUT  (300s wall)
[delta=0.05][cfg2_TOT-none-ss] instance_30_10_4_10 | 14:30:14 ... TIMEOUT  (300s wall)
[delta=0.05][cfg2_TOT-none-ss] instance_30_10_4_11 | 14:35:14 ... TIMEOUT  (300s wall)
[delta=0.05][cfg2_TOT-none-ss] instance_30_10_4_12 | 14:40:14 ... TIMEOUT  (300s wall)
[delta=0.05][cfg2_TOT-none-ss] instance_30_10_4_13 | 14:45:14 ... UNSATISFIABLE  (0s wall)
[delta=0.05][cfg2_TOT-none-ss] instance_30_10_4_14 | 14:45:14 ... UNSATISFIABLE  (1s wall)
[delta=0.05][cfg2_TOT-none-ss] instance_30_10_4_15 | 14:45:15 ... UNSATISFIABLE  (0s wall)
[delta=0.05][cfg2_TOT-none-ss] instance_30_10_4_16 | 14:45:15 ... TIMEOUT  (300s wall)
[delta=0.05][cfg2_TOT-none-ss] instance_30_10_4_17 | 14:50:15 ... TIMEOUT  (300s wall)
[delta=0.05][cfg2_TOT-none-ss] instance_30_10_4_18 | 14:55:15 ... TIMEOUT  (300s wall)
[delta=0.05][cfg2_TOT-none-ss] instance_30_10_4_19 | 15:00:15 ... UNSATISFIABLE  (0s wall)
[delta=0.05][cfg2_TOT-none-ss] instance_30_10_4_2 | 15:00:15 ... UNSATISFIABLE  (0s wall)
[delta=0.05][cfg2_TOT-none-ss] instance_30_10_4_20 | 15:00:15 ... UNSATISFIABLE  (0s wall)
[delta=0.05][cfg2_TOT-none-ss] instance_30_10_4_21 | 15:00:15 ... UNSATISFIABLE  (0s wall)
[delta=0.05][cfg2_TOT-none-ss] instance_30_10_4_22 | 15:00:15 ... UNSATISFIABLE  (1s wall)
[delta=0.05][cfg2_TOT-none-ss] instance_30_10_4_23 | 15:00:16 ... TIMEOUT  (300s wall)
[delta=0.05][cfg2_TOT-none-ss] instance_30_10_4_24 | 15:05:16 ... TIMEOUT  (300s wall)
[delta=0.05][cfg2_TOT-none-ss] instance_30_10_4_25 | 15:10:16 ... TIMEOUT  (300s wall)
[delta=0.05][cfg2_TOT-none-ss] instance_30_10_4_26 | 15:15:16 ... UNSATISFIABLE  (0s wall)
[delta=0.05][cfg2_TOT-none-ss] instance_30_10_4_27 | 15:15:16 ... TIMEOUT  (300s wall)
[delta=0.05][cfg2_TOT-none-ss] instance_30_10_4_28 | 15:20:16 ... UNSATISFIABLE  (0s wall)
[delta=0.05][cfg2_TOT-none-ss] instance_30_10_4_29 | 15:20:16 ... UNSATISFIABLE  (0s wall)
[delta=0.05][cfg2_TOT-none-ss] instance_30_10_4_3 | 15:20:16 ... UNSATISFIABLE  (1s wall)
[delta=0.05][cfg2_TOT-none-ss] instance_30_10_4_30 | 15:20:17 ... TIMEOUT  (300s wall)
[delta=0.05][cfg2_TOT-none-ss] instance_30_10_4_31 | 15:25:17 ... TIMEOUT  (300s wall)
[delta=0.05][cfg2_TOT-none-ss] instance_30_10_4_32 | 15:30:17 ... TIMEOUT  (300s wall)
[delta=0.05][cfg2_TOT-none-ss] instance_30_10_4_33 | 15:35:17 ... TIMEOUT  (300s wall)
[delta=0.05][cfg2_TOT-none-ss] instance_30_10_4_34 | 15:40:17 ... UNSATISFIABLE  (0s wall)
[delta=0.05][cfg2_TOT-none-ss] instance_30_10_4_35 | 15:40:17 ... UNSATISFIABLE  (0s wall)
[delta=0.05][cfg2_TOT-none-ss] instance_30_10_4_36 | 15:40:17 ... TIMEOUT  (301s wall)
[delta=0.05][cfg2_TOT-none-ss] instance_30_10_4_37 | 15:45:18 ... TIMEOUT  (300s wall)
[delta=0.05][cfg2_TOT-none-ss] instance_30_10_4_38 | 15:50:18 ... UNSATISFIABLE  (0s wall)
[delta=0.05][cfg2_TOT-none-ss] instance_30_10_4_39 | 15:50:18 ... UNSATISFIABLE  (0s wall)
[delta=0.05][cfg2_TOT-none-ss] instance_30_10_4_4 | 15:50:18 ... TIMEOUT  (300s wall)
[delta=0.05][cfg2_TOT-none-ss] instance_30_10_4_40 | 15:55:18 ... UNSATISFIABLE  (0s wall)
[delta=0.05][cfg2_TOT-none-ss] instance_30_10_4_41 | 15:55:18 ... TIMEOUT  (300s wall)
[delta=0.05][cfg2_TOT-none-ss] instance_30_10_4_42 | 16:00:18 ... UNSATISFIABLE  (0s wall)
[delta=0.05][cfg2_TOT-none-ss] instance_30_10_4_43 | 16:00:18 ... TIMEOUT  (301s wall)
[delta=0.05][cfg2_TOT-none-ss] instance_30_10_4_44 | 16:05:19 ... UNSATISFIABLE  (0s wall)
[delta=0.05][cfg2_TOT-none-ss] instance_30_10_4_45 | 16:05:19 ... TIMEOUT  (300s wall)
[delta=0.05][cfg2_TOT-none-ss] instance_30_10_4_46 | 16:10:19 ... UNSATISFIABLE  (0s wall)
[delta=0.05][cfg2_TOT-none-ss] instance_30_10_4_47 | 16:10:19 ... TIMEOUT  (300s wall)
[delta=0.05][cfg2_TOT-none-ss] instance_30_10_4_48 | 16:15:19 ... OPTIMUM  (264s wall)
[delta=0.05][cfg2_TOT-none-ss] instance_30_10_4_49 | 16:19:43 ... UNSATISFIABLE  (0s wall)
[delta=0.05][cfg2_TOT-none-ss] instance_30_10_4_5 | 16:19:43 ... TIMEOUT  (300s wall)
[delta=0.05][cfg2_TOT-none-ss] instance_30_10_4_50 | 16:24:43 ... UNSATISFIABLE  (0s wall)
[delta=0.05][cfg2_TOT-none-ss] instance_30_10_4_6 | 16:24:43 ... TIMEOUT  (300s wall)

[STOP] Delta 0.05 - Cấu hình cfg2_TOT-none-ss đã vượt giới hạn thời gian (7200 giây).
[delta=0.05][cfg3_TOT-both-none] instance_30_10_4_1 | 16:29:43 ... TIMEOUT  (300s wall)
[delta=0.05][cfg3_TOT-both-none] instance_30_10_4_10 | 16:34:44 ... TIMEOUT  (300s wall)
[delta=0.05][cfg3_TOT-both-none] instance_30_10_4_11 | 16:39:44 ... TIMEOUT  (300s wall)
[delta=0.05][cfg3_TOT-both-none] instance_30_10_4_12 | 16:44:44 ... TIMEOUT  (300s wall)
[delta=0.05][cfg3_TOT-both-none] instance_30_10_4_13 | 16:49:44 ... UNSATISFIABLE  (0s wall)
[delta=0.05][cfg3_TOT-both-none] instance_30_10_4_14 | 16:49:44 ... UNSATISFIABLE  (0s wall)
[delta=0.05][cfg3_TOT-both-none] instance_30_10_4_15 | 16:49:44 ... UNSATISFIABLE  (0s wall)
[delta=0.05][cfg3_TOT-both-none] instance_30_10_4_16 | 16:49:44 ... TIMEOUT  (300s wall)
[delta=0.05][cfg3_TOT-both-none] instance_30_10_4_17 | 16:54:44 ... TIMEOUT  (301s wall)
[delta=0.05][cfg3_TOT-both-none] instance_30_10_4_18 | 16:59:45 ... TIMEOUT  (300s wall)
[delta=0.05][cfg3_TOT-both-none] instance_30_10_4_19 | 17:04:45 ... UNSATISFIABLE  (0s wall)
[delta=0.05][cfg3_TOT-both-none] instance_30_10_4_2 | 17:04:45 ... UNSATISFIABLE  (0s wall)
[delta=0.05][cfg3_TOT-both-none] instance_30_10_4_20 | 17:04:45 ... UNSATISFIABLE  (0s wall)
[delta=0.05][cfg3_TOT-both-none] instance_30_10_4_21 | 17:04:45 ... UNSATISFIABLE  (0s wall)
[delta=0.05][cfg3_TOT-both-none] instance_30_10_4_22 | 17:04:45 ... UNSATISFIABLE  (0s wall)
[delta=0.05][cfg3_TOT-both-none] instance_30_10_4_23 | 17:04:45 ... TIMEOUT  (300s wall)
[delta=0.05][cfg3_TOT-both-none] instance_30_10_4_24 | 17:09:45 ... TIMEOUT  (301s wall)
[delta=0.05][cfg3_TOT-both-none] instance_30_10_4_25 | 17:14:46 ... TIMEOUT  (300s wall)
[delta=0.05][cfg3_TOT-both-none] instance_30_10_4_26 | 17:19:46 ... UNSATISFIABLE  (0s wall)
[delta=0.05][cfg3_TOT-both-none] instance_30_10_4_27 | 17:19:46 ... TIMEOUT  (300s wall)
[delta=0.05][cfg3_TOT-both-none] instance_30_10_4_28 | 17:24:46 ... UNSATISFIABLE  (0s wall)
[delta=0.05][cfg3_TOT-both-none] instance_30_10_4_29 | 17:24:46 ... UNSATISFIABLE  (0s wall)
[delta=0.05][cfg3_TOT-both-none] instance_30_10_4_3 | 17:24:46 ... UNSATISFIABLE  (0s wall)
[delta=0.05][cfg3_TOT-both-none] instance_30_10_4_30 | 17:24:46 ... TIMEOUT  (301s wall)
[delta=0.05][cfg3_TOT-both-none] instance_30_10_4_31 | 17:29:47 ... TIMEOUT  (300s wall)
[delta=0.05][cfg3_TOT-both-none] instance_30_10_4_32 | 17:34:47 ... TIMEOUT  (300s wall)
[delta=0.05][cfg3_TOT-both-none] instance_30_10_4_33 | 17:39:47 ... TIMEOUT  (300s wall)
[delta=0.05][cfg3_TOT-both-none] instance_30_10_4_34 | 17:44:47 ... UNSATISFIABLE  (0s wall)
[delta=0.05][cfg3_TOT-both-none] instance_30_10_4_35 | 17:44:47 ... UNSATISFIABLE  (0s wall)
[delta=0.05][cfg3_TOT-both-none] instance_30_10_4_36 | 17:44:47 ... TIMEOUT  (300s wall)
[delta=0.05][cfg3_TOT-both-none] instance_30_10_4_37 | 17:49:47 ... TIMEOUT  (301s wall)
[delta=0.05][cfg3_TOT-both-none] instance_30_10_4_38 | 17:54:48 ... UNSATISFIABLE  (0s wall)
[delta=0.05][cfg3_TOT-both-none] instance_30_10_4_39 | 17:54:48 ... UNSATISFIABLE  (0s wall)
[delta=0.05][cfg3_TOT-both-none] instance_30_10_4_4 | 17:54:48 ... TIMEOUT  (300s wall)
[delta=0.05][cfg3_TOT-both-none] instance_30_10_4_40 | 17:59:48 ... UNSATISFIABLE  (0s wall)
[delta=0.05][cfg3_TOT-both-none] instance_30_10_4_41 | 17:59:48 ... TIMEOUT  (300s wall)
[delta=0.05][cfg3_TOT-both-none] instance_30_10_4_42 | 18:04:48 ... UNSATISFIABLE  (0s wall)
[delta=0.05][cfg3_TOT-both-none] instance_30_10_4_43 | 18:04:48 ... TIMEOUT  (301s wall)
[delta=0.05][cfg3_TOT-both-none] instance_30_10_4_44 | 18:09:49 ... UNSATISFIABLE  (0s wall)
[delta=0.05][cfg3_TOT-both-none] instance_30_10_4_45 | 18:09:49 ... TIMEOUT  (300s wall)
[delta=0.05][cfg3_TOT-both-none] instance_30_10_4_46 | 18:14:49 ... UNSATISFIABLE  (0s wall)
[delta=0.05][cfg3_TOT-both-none] instance_30_10_4_47 | 18:14:49 ... TIMEOUT  (300s wall)
[delta=0.05][cfg3_TOT-both-none] instance_30_10_4_48 | 18:19:49 ... OPTIMUM  (266s wall)
[delta=0.05][cfg3_TOT-both-none] instance_30_10_4_49 | 18:24:15 ... UNSATISFIABLE  (0s wall)
[delta=0.05][cfg3_TOT-both-none] instance_30_10_4_5 | 18:24:15 ... TIMEOUT  (300s wall)
[delta=0.05][cfg3_TOT-both-none] instance_30_10_4_50 | 18:29:15 ... UNSATISFIABLE  (0s wall)
[delta=0.05][cfg3_TOT-both-none] instance_30_10_4_6 | 18:29:15 ... TIMEOUT  (300s wall)

[STOP] Delta 0.05 - Cấu hình cfg3_TOT-both-none đã vượt giới hạn thời gian (7200 giây).
[delta=0.05][cfg4_TOT-both-ss] instance_30_10_4_1 | 18:34:16 ... TIMEOUT  (300s wall)
[delta=0.05][cfg4_TOT-both-ss] instance_30_10_4_10 | 18:39:16 ... TIMEOUT  (300s wall)
[delta=0.05][cfg4_TOT-both-ss] instance_30_10_4_11 | 18:44:16 ... TIMEOUT  (300s wall)
[delta=0.05][cfg4_TOT-both-ss] instance_30_10_4_12 | 18:49:16 ... TIMEOUT  (300s wall)
[delta=0.05][cfg4_TOT-both-ss] instance_30_10_4_13 | 18:54:16 ... UNSATISFIABLE  (0s wall)
[delta=0.05][cfg4_TOT-both-ss] instance_30_10_4_14 | 18:54:16 ... UNSATISFIABLE  (0s wall)
[delta=0.05][cfg4_TOT-both-ss] instance_30_10_4_15 | 18:54:16 ... UNSATISFIABLE  (0s wall)
[delta=0.05][cfg4_TOT-both-ss] instance_30_10_4_16 | 18:54:16 ... TIMEOUT  (301s wall)
[delta=0.05][cfg4_TOT-both-ss] instance_30_10_4_17 | 18:59:17 ... TIMEOUT  (300s wall)
[delta=0.05][cfg4_TOT-both-ss] instance_30_10_4_18 | 19:04:17 ... TIMEOUT  (300s wall)
[delta=0.05][cfg4_TOT-both-ss] instance_30_10_4_19 | 19:09:17 ... UNSATISFIABLE  (0s wall)
[delta=0.05][cfg4_TOT-both-ss] instance_30_10_4_2 | 19:09:17 ... UNSATISFIABLE  (0s wall)
[delta=0.05][cfg4_TOT-both-ss] instance_30_10_4_20 | 19:09:17 ... UNSATISFIABLE  (0s wall)
[delta=0.05][cfg4_TOT-both-ss] instance_30_10_4_21 | 19:09:17 ... UNSATISFIABLE  (0s wall)
[delta=0.05][cfg4_TOT-both-ss] instance_30_10_4_22 | 19:09:17 ... UNSATISFIABLE  (0s wall)
[delta=0.05][cfg4_TOT-both-ss] instance_30_10_4_23 | 19:09:17 ... TIMEOUT  (301s wall)
[delta=0.05][cfg4_TOT-both-ss] instance_30_10_4_24 | 19:14:18 ... TIMEOUT  (300s wall)
[delta=0.05][cfg4_TOT-both-ss] instance_30_10_4_25 | 19:19:18 ... TIMEOUT  (300s wall)
[delta=0.05][cfg4_TOT-both-ss] instance_30_10_4_26 | 19:24:18 ... UNSATISFIABLE  (0s wall)
[delta=0.05][cfg4_TOT-both-ss] instance_30_10_4_27 | 19:24:18 ... TIMEOUT  (300s wall)
[delta=0.05][cfg4_TOT-both-ss] instance_30_10_4_28 | 19:29:18 ... UNSATISFIABLE  (0s wall)
[delta=0.05][cfg4_TOT-both-ss] instance_30_10_4_29 | 19:29:18 ... UNSATISFIABLE  (0s wall)
[delta=0.05][cfg4_TOT-both-ss] instance_30_10_4_3 | 19:29:18 ... UNSATISFIABLE  (1s wall)
[delta=0.05][cfg4_TOT-both-ss] instance_30_10_4_30 | 19:29:19 ... TIMEOUT  (300s wall)
[delta=0.05][cfg4_TOT-both-ss] instance_30_10_4_31 | 19:34:19 ... TIMEOUT  (300s wall)
[delta=0.05][cfg4_TOT-both-ss] instance_30_10_4_32 | 19:39:19 ... TIMEOUT  (300s wall)
[delta=0.05][cfg4_TOT-both-ss] instance_30_10_4_33 | 19:44:19 ... TIMEOUT  (300s wall)
[delta=0.05][cfg4_TOT-both-ss] instance_30_10_4_34 | 19:49:19 ... UNSATISFIABLE  (0s wall)
[delta=0.05][cfg4_TOT-both-ss] instance_30_10_4_35 | 19:49:19 ... UNSATISFIABLE  (0s wall)
[delta=0.05][cfg4_TOT-both-ss] instance_30_10_4_36 | 19:49:19 ... TIMEOUT  (301s wall)
[delta=0.05][cfg4_TOT-both-ss] instance_30_10_4_37 | 19:54:20 ... TIMEOUT  (300s wall)
[delta=0.05][cfg4_TOT-both-ss] instance_30_10_4_38 | 19:59:20 ... UNSATISFIABLE  (0s wall)
[delta=0.05][cfg4_TOT-both-ss] instance_30_10_4_39 | 19:59:20 ... UNSATISFIABLE  (0s wall)
[delta=0.05][cfg4_TOT-both-ss] instance_30_10_4_4 | 19:59:20 ... TIMEOUT  (300s wall)
[delta=0.05][cfg4_TOT-both-ss] instance_30_10_4_40 | 20:04:20 ... UNSATISFIABLE  (0s wall)
[delta=0.05][cfg4_TOT-both-ss] instance_30_10_4_41 | 20:04:20 ... TIMEOUT  (300s wall)
[delta=0.05][cfg4_TOT-both-ss] instance_30_10_4_42 | 20:09:20 ... UNSATISFIABLE  (0s wall)
[delta=0.05][cfg4_TOT-both-ss] instance_30_10_4_43 | 20:09:21 ... TIMEOUT  (300s wall)
[delta=0.05][cfg4_TOT-both-ss] instance_30_10_4_44 | 20:14:21 ... UNSATISFIABLE  (0s wall)
[delta=0.05][cfg4_TOT-both-ss] instance_30_10_4_45 | 20:14:21 ... TIMEOUT  (300s wall)
[delta=0.05][cfg4_TOT-both-ss] instance_30_10_4_46 | 20:19:21 ... UNSATISFIABLE  (0s wall)
[delta=0.05][cfg4_TOT-both-ss] instance_30_10_4_47 | 20:19:21 ... TIMEOUT  (300s wall)
[delta=0.05][cfg4_TOT-both-ss] instance_30_10_4_48 | 20:24:21 ... OPTIMUM  (287s wall)
[delta=0.05][cfg4_TOT-both-ss] instance_30_10_4_49 | 20:29:08 ... UNSATISFIABLE  (0s wall)
[delta=0.05][cfg4_TOT-both-ss] instance_30_10_4_5 | 20:29:08 ... TIMEOUT  (300s wall)
[delta=0.05][cfg4_TOT-both-ss] instance_30_10_4_50 | 20:34:08 ... UNSATISFIABLE  (0s wall)
[delta=0.05][cfg4_TOT-both-ss] instance_30_10_4_6 | 20:34:08 ... TIMEOUT  (300s wall)

[STOP] Delta 0.05 - Cấu hình cfg4_TOT-both-ss đã vượt giới hạn thời gian (7200 giây).
[delta=0.05][cfg5_ORIGINAL] instance_30_10_4_1 | 20:39:08 ... TIMEOUT  (300s wall)
[delta=0.05][cfg5_ORIGINAL] instance_30_10_4_10 | 20:44:08 ... TIMEOUT  (301s wall)
[delta=0.05][cfg5_ORIGINAL] instance_30_10_4_11 | 20:49:09 ... TIMEOUT  (300s wall)
[delta=0.05][cfg5_ORIGINAL] instance_30_10_4_12 | 20:54:09 ... TIMEOUT  (300s wall)
[delta=0.05][cfg5_ORIGINAL] instance_30_10_4_13 | 20:59:09 ... UNSATISFIABLE  (0s wall)
[delta=0.05][cfg5_ORIGINAL] instance_30_10_4_14 | 20:59:09 ... UNSATISFIABLE  (0s wall)
[delta=0.05][cfg5_ORIGINAL] instance_30_10_4_15 | 20:59:09 ... UNSATISFIABLE  (0s wall)
[delta=0.05][cfg5_ORIGINAL] instance_30_10_4_16 | 20:59:09 ... TIMEOUT  (300s wall)
[delta=0.05][cfg5_ORIGINAL] instance_30_10_4_17 | 21:04:09 ... TIMEOUT  (301s wall)
[delta=0.05][cfg5_ORIGINAL] instance_30_10_4_18 | 21:09:10 ... TIMEOUT  (300s wall)
[delta=0.05][cfg5_ORIGINAL] instance_30_10_4_19 | 21:14:10 ... UNSATISFIABLE  (0s wall)
[delta=0.05][cfg5_ORIGINAL] instance_30_10_4_2 | 21:14:10 ... UNSATISFIABLE  (0s wall)
[delta=0.05][cfg5_ORIGINAL] instance_30_10_4_20 | 21:14:10 ... UNSATISFIABLE  (0s wall)
[delta=0.05][cfg5_ORIGINAL] instance_30_10_4_21 | 21:14:10 ... UNSATISFIABLE  (0s wall)
[delta=0.05][cfg5_ORIGINAL] instance_30_10_4_22 | 21:14:10 ... UNSATISFIABLE  (0s wall)
[delta=0.05][cfg5_ORIGINAL] instance_30_10_4_23 | 21:14:10 ... TIMEOUT  (300s wall)
[delta=0.05][cfg5_ORIGINAL] instance_30_10_4_24 | 21:19:10 ... TIMEOUT  (300s wall)
[delta=0.05][cfg5_ORIGINAL] instance_30_10_4_25 | 21:24:10 ... TIMEOUT  (301s wall)
[delta=0.05][cfg5_ORIGINAL] instance_30_10_4_26 | 21:29:11 ... UNSATISFIABLE  (0s wall)
[delta=0.05][cfg5_ORIGINAL] instance_30_10_4_27 | 21:29:11 ... TIMEOUT  (300s wall)
[delta=0.05][cfg5_ORIGINAL] instance_30_10_4_28 | 21:34:11 ... UNSATISFIABLE  (0s wall)
[delta=0.05][cfg5_ORIGINAL] instance_30_10_4_29 | 21:34:11 ... UNSATISFIABLE  (0s wall)
[delta=0.05][cfg5_ORIGINAL] instance_30_10_4_3 | 21:34:11 ... UNSATISFIABLE  (0s wall)
[delta=0.05][cfg5_ORIGINAL] instance_30_10_4_30 | 21:34:11 ... TIMEOUT  (300s wall)
[delta=0.05][cfg5_ORIGINAL] instance_30_10_4_31 | 21:39:11 ... TIMEOUT  (300s wall)
[delta=0.05][cfg5_ORIGINAL] instance_30_10_4_32 | 21:44:12 ... TIMEOUT  (300s wall)
[delta=0.05][cfg5_ORIGINAL] instance_30_10_4_33 | 21:49:12 ... TIMEOUT  (300s wall)
[delta=0.05][cfg5_ORIGINAL] instance_30_10_4_34 | 21:54:12 ... UNSATISFIABLE  (0s wall)
[delta=0.05][cfg5_ORIGINAL] instance_30_10_4_35 | 21:54:12 ... UNSATISFIABLE  (0s wall)
[delta=0.05][cfg5_ORIGINAL] instance_30_10_4_36 | 21:54:12 ... TIMEOUT  (300s wall)
[delta=0.05][cfg5_ORIGINAL] instance_30_10_4_37 | 21:59:12 ... TIMEOUT  (300s wall)
[delta=0.05][cfg5_ORIGINAL] instance_30_10_4_38 | 22:04:12 ... UNSATISFIABLE  (0s wall)
[delta=0.05][cfg5_ORIGINAL] instance_30_10_4_39 | 22:04:12 ... UNSATISFIABLE  (1s wall)
[delta=0.05][cfg5_ORIGINAL] instance_30_10_4_4 | 22:04:13 ... TIMEOUT  (300s wall)
[delta=0.05][cfg5_ORIGINAL] instance_30_10_4_40 | 22:09:13 ... UNSATISFIABLE  (0s wall)
[delta=0.05][cfg5_ORIGINAL] instance_30_10_4_41 | 22:09:13 ... TIMEOUT  (300s wall)
[delta=0.05][cfg5_ORIGINAL] instance_30_10_4_42 | 22:14:13 ... UNSATISFIABLE  (0s wall)
[delta=0.05][cfg5_ORIGINAL] instance_30_10_4_43 | 22:14:13 ... TIMEOUT  (300s wall)
[delta=0.05][cfg5_ORIGINAL] instance_30_10_4_44 | 22:19:13 ... UNSATISFIABLE  (0s wall)
[delta=0.05][cfg5_ORIGINAL] instance_30_10_4_45 | 22:19:13 ... TIMEOUT  (300s wall)
[delta=0.05][cfg5_ORIGINAL] instance_30_10_4_46 | 22:24:13 ... UNSATISFIABLE  (1s wall)
[delta=0.05][cfg5_ORIGINAL] instance_30_10_4_47 | 22:24:14 ... TIMEOUT  (300s wall)
[delta=0.05][cfg5_ORIGINAL] instance_30_10_4_48 | 22:29:14 ... OPTIMUM  (198s wall)
[delta=0.05][cfg5_ORIGINAL] instance_30_10_4_49 | 22:32:32 ... UNSATISFIABLE  (1s wall)
[delta=0.05][cfg5_ORIGINAL] instance_30_10_4_5 | 22:32:33 ... TIMEOUT  (300s wall)
[delta=0.05][cfg5_ORIGINAL] instance_30_10_4_50 | 22:37:33 ... UNSATISFIABLE  (0s wall)
[delta=0.05][cfg5_ORIGINAL] instance_30_10_4_6 | 22:37:33 ... TIMEOUT  (300s wall)

[STOP] Delta 0.05 - Cấu hình cfg5_ORIGINAL đã vượt giới hạn thời gian (7200 giây).
[delta=0.05][cfg6_SN-none-ss] instance_30_10_4_1 | 22:42:33 ... TIMEOUT  (300s wall)
[delta=0.05][cfg6_SN-none-ss] instance_30_10_4_10 | 22:47:33 ... TIMEOUT  (300s wall)
[delta=0.05][cfg6_SN-none-ss] instance_30_10_4_11 | 22:52:33 ... TIMEOUT  (300s wall)
[delta=0.05][cfg6_SN-none-ss] instance_30_10_4_12 | 22:57:33 ... TIMEOUT  (301s wall)
[delta=0.05][cfg6_SN-none-ss] instance_30_10_4_13 | 23:02:34 ... UNSATISFIABLE  (0s wall)
[delta=0.05][cfg6_SN-none-ss] instance_30_10_4_14 | 23:02:34 ... UNSATISFIABLE  (0s wall)
[delta=0.05][cfg6_SN-none-ss] instance_30_10_4_15 | 23:02:34 ... UNSATISFIABLE  (0s wall)
[delta=0.05][cfg6_SN-none-ss] instance_30_10_4_16 | 23:02:34 ... TIMEOUT  (300s wall)
[delta=0.05][cfg6_SN-none-ss] instance_30_10_4_17 | 23:07:34 ... TIMEOUT  (300s wall)
[delta=0.05][cfg6_SN-none-ss] instance_30_10_4_18 | 23:12:34 ... TIMEOUT  (300s wall)
[delta=0.05][cfg6_SN-none-ss] instance_30_10_4_19 | 23:17:34 ... UNSATISFIABLE  (0s wall)
[delta=0.05][cfg6_SN-none-ss] instance_30_10_4_2 | 23:17:34 ... UNSATISFIABLE  (1s wall)
[delta=0.05][cfg6_SN-none-ss] instance_30_10_4_20 | 23:17:35 ... UNSATISFIABLE  (0s wall)
[delta=0.05][cfg6_SN-none-ss] instance_30_10_4_21 | 23:17:35 ... UNSATISFIABLE  (0s wall)
[delta=0.05][cfg6_SN-none-ss] instance_30_10_4_22 | 23:17:35 ... UNSATISFIABLE  (0s wall)
[delta=0.05][cfg6_SN-none-ss] instance_30_10_4_23 | 23:17:35 ... TIMEOUT  (300s wall)
[delta=0.05][cfg6_SN-none-ss] instance_30_10_4_24 | 23:22:35 ... TIMEOUT  (300s wall)
[delta=0.05][cfg6_SN-none-ss] instance_30_10_4_25 | 23:27:35 ... TIMEOUT  (300s wall)
[delta=0.05][cfg6_SN-none-ss] instance_30_10_4_26 | 23:32:35 ... UNSATISFIABLE  (0s wall)
[delta=0.05][cfg6_SN-none-ss] instance_30_10_4_27 | 23:32:35 ... TIMEOUT  (301s wall)
[delta=0.05][cfg6_SN-none-ss] instance_30_10_4_28 | 23:37:36 ... UNSATISFIABLE  (0s wall)
[delta=0.05][cfg6_SN-none-ss] instance_30_10_4_29 | 23:37:36 ... UNSATISFIABLE  (0s wall)
[delta=0.05][cfg6_SN-none-ss] instance_30_10_4_3 | 23:37:36 ... UNSATISFIABLE  (0s wall)
[delta=0.05][cfg6_SN-none-ss] instance_30_10_4_30 | 23:37:36 ... TIMEOUT  (300s wall)
[delta=0.05][cfg6_SN-none-ss] instance_30_10_4_31 | 23:42:36 ... TIMEOUT  (300s wall)
[delta=0.05][cfg6_SN-none-ss] instance_30_10_4_32 | 23:47:36 ... TIMEOUT  (300s wall)
[delta=0.05][cfg6_SN-none-ss] instance_30_10_4_33 | 23:52:36 ... TIMEOUT  (300s wall)
[delta=0.05][cfg6_SN-none-ss] instance_30_10_4_34 | 23:57:37 ... UNSATISFIABLE  (0s wall)
[delta=0.05][cfg6_SN-none-ss] instance_30_10_4_35 | 23:57:37 ... UNSATISFIABLE  (0s wall)
[delta=0.05][cfg6_SN-none-ss] instance_30_10_4_36 | 23:57:37 ... TIMEOUT  (300s wall)
[delta=0.05][cfg6_SN-none-ss] instance_30_10_4_37 | 00:02:37 ... TIMEOUT  (300s wall)
[delta=0.05][cfg6_SN-none-ss] instance_30_10_4_38 | 00:07:37 ... UNSATISFIABLE  (0s wall)
[delta=0.05][cfg6_SN-none-ss] instance_30_10_4_39 | 00:07:37 ... UNSATISFIABLE  (0s wall)
[delta=0.05][cfg6_SN-none-ss] instance_30_10_4_4 | 00:07:37 ... TIMEOUT  (300s wall)
[delta=0.05][cfg6_SN-none-ss] instance_30_10_4_40 | 00:12:37 ... UNSATISFIABLE  (0s wall)
[delta=0.05][cfg6_SN-none-ss] instance_30_10_4_41 | 00:12:37 ... TIMEOUT  (301s wall)
[delta=0.05][cfg6_SN-none-ss] instance_30_10_4_42 | 00:17:38 ... UNSATISFIABLE  (0s wall)
[delta=0.05][cfg6_SN-none-ss] instance_30_10_4_43 | 00:17:38 ... TIMEOUT  (300s wall)
[delta=0.05][cfg6_SN-none-ss] instance_30_10_4_44 | 00:22:38 ... UNSATISFIABLE  (0s wall)
[delta=0.05][cfg6_SN-none-ss] instance_30_10_4_45 | 00:22:38 ... TIMEOUT  (300s wall)
[delta=0.05][cfg6_SN-none-ss] instance_30_10_4_46 | 00:27:38 ... UNSATISFIABLE  (0s wall)
[delta=0.05][cfg6_SN-none-ss] instance_30_10_4_47 | 00:27:38 ... TIMEOUT  (300s wall)
[delta=0.05][cfg6_SN-none-ss] instance_30_10_4_48 | 00:32:38 ... OPTIMUM  (195s wall)
[delta=0.05][cfg6_SN-none-ss] instance_30_10_4_49 | 00:35:53 ... UNSATISFIABLE  (0s wall)
[delta=0.05][cfg6_SN-none-ss] instance_30_10_4_5 | 00:35:53 ... TIMEOUT  (300s wall)
[delta=0.05][cfg6_SN-none-ss] instance_30_10_4_50 | 00:40:53 ... UNSATISFIABLE  (0s wall)
[delta=0.05][cfg6_SN-none-ss] instance_30_10_4_6 | 00:40:53 ... TIMEOUT  (300s wall)

[STOP] Delta 0.05 - Cấu hình cfg6_SN-none-ss đã vượt giới hạn thời gian (7200 giây).
[delta=0.05][cfg7_SN-both-none] instance_30_10_4_1 | 00:45:53 ... TIMEOUT  (300s wall)
[delta=0.05][cfg7_SN-both-none] instance_30_10_4_10 | 00:50:53 ... TIMEOUT  (301s wall)
[delta=0.05][cfg7_SN-both-none] instance_30_10_4_11 | 00:55:54 ... TIMEOUT  (300s wall)
[delta=0.05][cfg7_SN-both-none] instance_30_10_4_12 | 01:00:54 ... TIMEOUT  (300s wall)
[delta=0.05][cfg7_SN-both-none] instance_30_10_4_13 | 01:05:54 ... UNSATISFIABLE  (0s wall)
[delta=0.05][cfg7_SN-both-none] instance_30_10_4_14 | 01:05:54 ... UNSATISFIABLE  (0s wall)
[delta=0.05][cfg7_SN-both-none] instance_30_10_4_15 | 01:05:54 ... UNSATISFIABLE  (0s wall)
[delta=0.05][cfg7_SN-both-none] instance_30_10_4_16 | 01:05:54 ... TIMEOUT  (300s wall)
[delta=0.05][cfg7_SN-both-none] instance_30_10_4_17 | 01:10:54 ... TIMEOUT  (300s wall)
[delta=0.05][cfg7_SN-both-none] instance_30_10_4_18 | 01:15:55 ... TIMEOUT  (300s wall)
[delta=0.05][cfg7_SN-both-none] instance_30_10_4_19 | 01:20:55 ... UNSATISFIABLE  (0s wall)
[delta=0.05][cfg7_SN-both-none] instance_30_10_4_2 | 01:20:55 ... UNSATISFIABLE  (0s wall)
[delta=0.05][cfg7_SN-both-none] instance_30_10_4_20 | 01:20:55 ... UNSATISFIABLE  (0s wall)
[delta=0.05][cfg7_SN-both-none] instance_30_10_4_21 | 01:20:55 ... UNSATISFIABLE  (0s wall)
[delta=0.05][cfg7_SN-both-none] instance_30_10_4_22 | 01:20:55 ... UNSATISFIABLE  (0s wall)
[delta=0.05][cfg7_SN-both-none] instance_30_10_4_23 | 01:20:55 ... TIMEOUT  (300s wall)
[delta=0.05][cfg7_SN-both-none] instance_30_10_4_24 | 01:25:55 ... TIMEOUT  (301s wall)
[delta=0.05][cfg7_SN-both-none] instance_30_10_4_25 | 01:30:56 ... TIMEOUT  (300s wall)
[delta=0.05][cfg7_SN-both-none] instance_30_10_4_26 | 01:35:56 ... UNSATISFIABLE  (0s wall)
[delta=0.05][cfg7_SN-both-none] instance_30_10_4_27 | 01:35:56 ... TIMEOUT  (300s wall)
[delta=0.05][cfg7_SN-both-none] instance_30_10_4_28 | 01:40:56 ... UNSATISFIABLE  (0s wall)
[delta=0.05][cfg7_SN-both-none] instance_30_10_4_29 | 01:40:56 ... UNSATISFIABLE  (0s wall)
[delta=0.05][cfg7_SN-both-none] instance_30_10_4_3 | 01:40:56 ... UNSATISFIABLE  (0s wall)
[delta=0.05][cfg7_SN-both-none] instance_30_10_4_30 | 01:40:56 ... TIMEOUT  (300s wall)
[delta=0.05][cfg7_SN-both-none] instance_30_10_4_31 | 01:45:56 ... TIMEOUT  (301s wall)
[delta=0.05][cfg7_SN-both-none] instance_30_10_4_32 | 01:50:57 ... TIMEOUT  (300s wall)
[delta=0.05][cfg7_SN-both-none] instance_30_10_4_33 | 01:55:57 ... TIMEOUT  (300s wall)
[delta=0.05][cfg7_SN-both-none] instance_30_10_4_34 | 02:00:57 ... UNSATISFIABLE  (0s wall)
[delta=0.05][cfg7_SN-both-none] instance_30_10_4_35 | 02:00:57 ... UNSATISFIABLE  (0s wall)
[delta=0.05][cfg7_SN-both-none] instance_30_10_4_36 | 02:00:57 ... TIMEOUT  (300s wall)
[delta=0.05][cfg7_SN-both-none] instance_30_10_4_37 | 02:05:57 ... TIMEOUT  (300s wall)
[delta=0.05][cfg7_SN-both-none] instance_30_10_4_38 | 02:10:58 ... UNSATISFIABLE  (0s wall)
[delta=0.05][cfg7_SN-both-none] instance_30_10_4_39 | 02:10:58 ... UNSATISFIABLE  (0s wall)
[delta=0.05][cfg7_SN-both-none] instance_30_10_4_4 | 02:10:58 ... TIMEOUT  (300s wall)
[delta=0.05][cfg7_SN-both-none] instance_30_10_4_40 | 02:15:58 ... UNSATISFIABLE  (0s wall)
[delta=0.05][cfg7_SN-both-none] instance_30_10_4_41 | 02:15:58 ... TIMEOUT  (300s wall)
[delta=0.05][cfg7_SN-both-none] instance_30_10_4_42 | 02:20:58 ... UNSATISFIABLE  (0s wall)
[delta=0.05][cfg7_SN-both-none] instance_30_10_4_43 | 02:20:58 ... TIMEOUT  (300s wall)
[delta=0.05][cfg7_SN-both-none] instance_30_10_4_44 | 02:25:58 ... UNSATISFIABLE  (1s wall)
[delta=0.05][cfg7_SN-both-none] instance_30_10_4_45 | 02:25:59 ... TIMEOUT  (300s wall)
[delta=0.05][cfg7_SN-both-none] instance_30_10_4_46 | 02:30:59 ... UNSATISFIABLE  (0s wall)
[delta=0.05][cfg7_SN-both-none] instance_30_10_4_47 | 02:30:59 ... TIMEOUT  (300s wall)
[delta=0.05][cfg7_SN-both-none] instance_30_10_4_48 | 02:35:59 ... OPTIMUM  (182s wall)
[delta=0.05][cfg7_SN-both-none] instance_30_10_4_49 | 02:39:01 ... UNSATISFIABLE  (1s wall)
[delta=0.05][cfg7_SN-both-none] instance_30_10_4_5 | 02:39:02 ... TIMEOUT  (300s wall)
[delta=0.05][cfg7_SN-both-none] instance_30_10_4_50 | 02:44:02 ... UNSATISFIABLE  (0s wall)
[delta=0.05][cfg7_SN-both-none] instance_30_10_4_6 | 02:44:02 ... TIMEOUT  (300s wall)

[STOP] Delta 0.05 - Cấu hình cfg7_SN-both-none đã vượt giới hạn thời gian (7200 giây).
[delta=0.05][cfg8_SN-both-ss] instance_30_10_4_1 | 02:49:02 ... TIMEOUT  (300s wall)
[delta=0.05][cfg8_SN-both-ss] instance_30_10_4_10 | 02:54:02 ... TIMEOUT  (300s wall)
[delta=0.05][cfg8_SN-both-ss] instance_30_10_4_11 | 02:59:02 ... TIMEOUT  (300s wall)
[delta=0.05][cfg8_SN-both-ss] instance_30_10_4_12 | 03:04:03 ... TIMEOUT  (300s wall)
[delta=0.05][cfg8_SN-both-ss] instance_30_10_4_13 | 03:09:03 ... UNSATISFIABLE  (0s wall)
[delta=0.05][cfg8_SN-both-ss] instance_30_10_4_14 | 03:09:03 ... UNSATISFIABLE  (0s wall)
[delta=0.05][cfg8_SN-both-ss] instance_30_10_4_15 | 03:09:03 ... UNSATISFIABLE  (0s wall)
[delta=0.05][cfg8_SN-both-ss] instance_30_10_4_16 | 03:09:03 ... TIMEOUT  (300s wall)
[delta=0.05][cfg8_SN-both-ss] instance_30_10_4_17 | 03:14:03 ... TIMEOUT  (300s wall)
[delta=0.05][cfg8_SN-both-ss] instance_30_10_4_18 | 03:19:03 ... TIMEOUT  (300s wall)
[delta=0.05][cfg8_SN-both-ss] instance_30_10_4_19 | 03:24:03 ... UNSATISFIABLE  (1s wall)
[delta=0.05][cfg8_SN-both-ss] instance_30_10_4_2 | 03:24:04 ... UNSATISFIABLE  (0s wall)
[delta=0.05][cfg8_SN-both-ss] instance_30_10_4_20 | 03:24:04 ... UNSATISFIABLE  (0s wall)
[delta=0.05][cfg8_SN-both-ss] instance_30_10_4_21 | 03:24:04 ... UNSATISFIABLE  (0s wall)
[delta=0.05][cfg8_SN-both-ss] instance_30_10_4_22 | 03:24:04 ... UNSATISFIABLE  (0s wall)
[delta=0.05][cfg8_SN-both-ss] instance_30_10_4_23 | 03:24:04 ... TIMEOUT  (300s wall)
[delta=0.05][cfg8_SN-both-ss] instance_30_10_4_24 | 03:29:04 ... TIMEOUT  (300s wall)
[delta=0.05][cfg8_SN-both-ss] instance_30_10_4_25 | 03:34:04 ... TIMEOUT  (300s wall)
[delta=0.05][cfg8_SN-both-ss] instance_30_10_4_26 | 03:39:05 ... UNSATISFIABLE  (0s wall)
[delta=0.05][cfg8_SN-both-ss] instance_30_10_4_27 | 03:39:05 ... TIMEOUT  (300s wall)
[delta=0.05][cfg8_SN-both-ss] instance_30_10_4_28 | 03:44:05 ... UNSATISFIABLE  (0s wall)
[delta=0.05][cfg8_SN-both-ss] instance_30_10_4_29 | 03:44:05 ... UNSATISFIABLE  (0s wall)
[delta=0.05][cfg8_SN-both-ss] instance_30_10_4_3 | 03:44:05 ... UNSATISFIABLE  (0s wall)
[delta=0.05][cfg8_SN-both-ss] instance_30_10_4_30 | 03:44:05 ... TIMEOUT  (300s wall)
[delta=0.05][cfg8_SN-both-ss] instance_30_10_4_31 | 03:49:05 ... TIMEOUT  (300s wall)
[delta=0.05][cfg8_SN-both-ss] instance_30_10_4_32 | 03:54:05 ... TIMEOUT  (301s wall)
[delta=0.05][cfg8_SN-both-ss] instance_30_10_4_33 | 03:59:06 ... TIMEOUT  (300s wall)
[delta=0.05][cfg8_SN-both-ss] instance_30_10_4_34 | 04:04:06 ... UNSATISFIABLE  (0s wall)
[delta=0.05][cfg8_SN-both-ss] instance_30_10_4_35 | 04:04:06 ... UNSATISFIABLE  (0s wall)
[delta=0.05][cfg8_SN-both-ss] instance_30_10_4_36 | 04:04:06 ... TIMEOUT  (300s wall)
[delta=0.05][cfg8_SN-both-ss] instance_30_10_4_37 | 04:09:06 ... TIMEOUT  (300s wall)
[delta=0.05][cfg8_SN-both-ss] instance_30_10_4_38 | 04:14:06 ... UNSATISFIABLE  (0s wall)
[delta=0.05][cfg8_SN-both-ss] instance_30_10_4_39 | 04:14:06 ... UNSATISFIABLE  (0s wall)
[delta=0.05][cfg8_SN-both-ss] instance_30_10_4_4 | 04:14:06 ... TIMEOUT  (301s wall)
[delta=0.05][cfg8_SN-both-ss] instance_30_10_4_40 | 04:19:07 ... UNSATISFIABLE  (0s wall)
[delta=0.05][cfg8_SN-both-ss] instance_30_10_4_41 | 04:19:07 ... TIMEOUT  (300s wall)
[delta=0.05][cfg8_SN-both-ss] instance_30_10_4_42 | 04:24:07 ... UNSATISFIABLE  (0s wall)
[delta=0.05][cfg8_SN-both-ss] instance_30_10_4_43 | 04:24:07 ... TIMEOUT  (300s wall)
[delta=0.05][cfg8_SN-both-ss] instance_30_10_4_44 | 04:29:07 ... UNSATISFIABLE  (0s wall)
[delta=0.05][cfg8_SN-both-ss] instance_30_10_4_45 | 04:29:07 ... TIMEOUT  (300s wall)
[delta=0.05][cfg8_SN-both-ss] instance_30_10_4_46 | 04:34:07 ... UNSATISFIABLE  (1s wall)
[delta=0.05][cfg8_SN-both-ss] instance_30_10_4_47 | 04:34:08 ... TIMEOUT  (300s wall)
[delta=0.05][cfg8_SN-both-ss] instance_30_10_4_48 | 04:39:08 ... OPTIMUM  (270s wall)
[delta=0.05][cfg8_SN-both-ss] instance_30_10_4_49 | 04:43:38 ... UNSATISFIABLE  (0s wall)
[delta=0.05][cfg8_SN-both-ss] instance_30_10_4_5 | 04:43:38 ... TIMEOUT  (300s wall)
[delta=0.05][cfg8_SN-both-ss] instance_30_10_4_50 | 04:48:39 ... UNSATISFIABLE  (0s wall)
[delta=0.05][cfg8_SN-both-ss] instance_30_10_4_6 | 04:48:39 ... TIMEOUT  (300s wall)

[STOP] Delta 0.05 - Cấu hình cfg8_SN-both-ss đã vượt giới hạn thời gian (7200 giây).
